input:
  doc:
    docs:
    - cells:
      - docs:
        - text: mode
          type: Text
        - text: ':'
          type: Text
        type: Cat
      - text: user.help_scope
        type: Text
      info:
        hpad:
          text: ' '
        hsep:
          text: ' '
        min_col_widths: []
        table_type: match
      type: Row
    - text: '-'
      type: Text
    - type: Line
    - alts:
      - docs:
        - text: scope
          type: Text
        - type: Space
        - text: (
          type: Text
        - text: hide
          type: Text
        - type: Space
        - text: '|'
          type: Text
        - type: Space
        - text: close
          type: Text
        - text: )
          type: Text
        - text: $
          type: Text
        - text: ':'
          type: Text
        - doc:
            docs:
            - type: Line
            - text: user.help_scope_toggle
              type: Text
            - text: (
              type: Text
            - text: )
              type: Text
            - type: Line
            type: Cat
          indent: 4
          overlap: false
          type: Nest
        type: Cat
      - cells:
        - docs:
          - text: scope
            type: Text
          - type: Space
          - text: (
            type: Text
          - text: hide
            type: Text
          - type: Space
          - text: '|'
            type: Text
          - type: Space
          - text: close
            type: Text
          - text: )
            type: Text
          - text: $
            type: Text
          - text: ':'
            type: Text
          type: Cat
        - doc:
            docs:
            - text: user.help_scope_toggle
              type: Text
            - text: (
              type: Text
            - text: )
              type: Text
            - type: Line
            type: Cat
          function: _inline
          type: Edit
        info:
          hpad:
            text: ' '
          hsep:
            text: ' '
          min_col_widths: []
          table_type: command
        type: Row
      type: Alt
    type: Cat
  max_line_width: 80
  renderer: smart
  simple_layout: null
output: 'mode: user.help_scope

  -

  scope (hide | close)$: user.help_scope_toggle()

  '
