input:
  doc:
    docs:
    - cells:
      - docs:
        - text: os
          type: Text
        - text: ':'
          type: Text
        type: Cat
      - text: mac
        type: Text
      info:
        hpad:
          text: ' '
        hsep:
          text: ' '
        min_col_widths: []
        table_type: match
      type: Row
    - cells:
      - docs:
        - text: app
          type: Text
        - text: ':'
          type: Text
        type: Cat
      - text: iterm2
        type: Text
      info:
        hpad:
          text: ' '
        hsep:
          text: ' '
        min_col_widths: []
        table_type: match
      type: Row
    - text: '-'
      type: Text
    - type: Line
    - text: 'tag():'
      type: Text
    - type: Space
    - text: terminal
      type: Text
    - type: Line
    - text: '#'
      type: Text
    - type: Space
    - text: 'todo:'
      type: Text
    - type: Space
    - text: filemanager
      type: Text
    - type: Space
    - text: support
      type: Text
    - type: Line
    - text: '#'
      type: Text
    - type: Space
    - text: 'tag():'
      type: Text
    - type: Space
    - text: user.file_manager
      type: Text
    - type: Line
    - text: 'tag():'
      type: Text
    - type: Space
    - text: user.generic_unix_shell
      type: Text
    - type: Line
    - text: 'tag():'
      type: Text
    - type: Space
    - text: user.git
      type: Text
    - type: Line
    - text: 'tag():'
      type: Text
    - type: Space
    - text: user.kubectl
      type: Text
    - type: Line
    - text: 'tag():'
      type: Text
    - type: Space
    - text: user.tabs
      type: Text
    - type: Line
    type: Cat
  max_line_width: 80
  renderer: smart
  simple_layout: null
output: 'os: mac

  app: iterm2

  -

  tag(): terminal

  # todo: filemanager support

  # tag(): user.file_manager

  tag(): user.generic_unix_shell

  tag(): user.git

  tag(): user.kubectl

  tag(): user.tabs

  '
