input:
  doc:
    docs:
    - cells:
      - docs:
        - text: tag
        - text: ':'
      - text: user.typescript
      info:
        hpad:
          text: ' '
        hsep:
          text: ' '
        min_col_widths: []
        table_type: match
    - text: '-'
    - text: '

        '
    - text: 'tag():'
    - text: ' '
    - text: user.javascript
    - text: '

        '
  max_line_width: 80
  renderer: smart
  simple_layout: null
output: |
  tag: user.typescript
  -
  tag(): user.javascript
