input:
  doc:
    docs:
    - cells:
      - docs:
        - text: os
          type: Text
        - text: ':'
          type: Text
        type: Cat
      - text: linux
        type: Text
      info:
        hpad:
          text: ' '
        hsep:
          text: ' '
        min_col_widths: []
        table_type: match
      type: Row
    - cells:
      - docs:
        - text: tag
          type: Text
        - text: ':'
          type: Text
        type: Cat
      - text: user.tmux
        type: Text
      info:
        hpad:
          text: ' '
        hsep:
          text: ' '
        min_col_widths: []
        table_type: match
      type: Row
    - text: '-'
      type: Text
    - type: Line
    - alts:
      - docs:
        - text: mux
          type: Text
        - text: ':'
          type: Text
        - doc:
            docs:
            - type: Line
            - doc:
                docs:
                - text: tmux
                  type: Text
                - type: Space
                type: Cat
              function: _smart_quote
              type: Edit
            - type: Line
            type: Cat
          indent: 4
          overlap: false
          type: Nest
        type: Cat
      - cells:
        - docs:
          - text: mux
            type: Text
          - text: ':'
            type: Text
          type: Cat
        - doc:
            docs:
            - doc:
                docs:
                - text: tmux
                  type: Text
                - type: Space
                type: Cat
              function: _smart_quote
              type: Edit
            - type: Line
            type: Cat
          function: _inline
          type: Edit
        info:
          hpad:
            text: ' '
          hsep:
            text: ' '
          min_col_widths: []
          table_type: command
        type: Row
      type: Alt
    - type: Line
    - text: '#'
      type: Text
    - type: Space
    - text: session
      type: Text
    - type: Space
    - text: management
      type: Text
    - type: Line
    - alts:
      - docs:
        - text: mux
          type: Text
        - type: Space
        - text: new
          type: Text
        - type: Space
        - text: session
          type: Text
        - text: ':'
          type: Text
        - doc:
            docs:
            - type: Line
            - text: insert
              type: Text
            - text: (
              type: Text
            - doc:
                docs:
                - text: tmux
                  type: Text
                - type: Space
                - text: new
                  type: Text
                - type: Space
                type: Cat
              function: _smart_quote
              type: Edit
            - text: )
              type: Text
            - type: Line
            type: Cat
          indent: 4
          overlap: false
          type: Nest
        type: Cat
      - cells:
        - docs:
          - text: mux
            type: Text
          - type: Space
          - text: new
            type: Text
          - type: Space
          - text: session
            type: Text
          - text: ':'
            type: Text
          type: Cat
        - doc:
            docs:
            - text: insert
              type: Text
            - text: (
              type: Text
            - doc:
                docs:
                - text: tmux
                  type: Text
                - type: Space
                - text: new
                  type: Text
                - type: Space
                type: Cat
              function: _smart_quote
              type: Edit
            - text: )
              type: Text
            - type: Line
            type: Cat
          function: _inline
          type: Edit
        info:
          hpad:
            text: ' '
          hsep:
            text: ' '
          min_col_widths: []
          table_type: command
        type: Row
      type: Alt
    - text: mux
      type: Text
    - type: Space
    - text: sessions
      type: Text
    - text: ':'
      type: Text
    - doc:
        docs:
        - type: Line
        - text: key
          type: Text
        - text: (
          type: Text
        - text: ctrl-b
          type: Text
        - text: )
          type: Text
        - type: Line
        - text: key
          type: Text
        - text: (
          type: Text
        - text: s
          type: Text
        - text: )
          type: Text
        - type: Line
        type: Cat
      indent: 4
      overlap: false
      type: Nest
    - text: mux
      type: Text
    - type: Space
    - text: name
      type: Text
    - type: Space
    - text: session
      type: Text
    - text: ':'
      type: Text
    - doc:
        docs:
        - type: Line
        - text: key
          type: Text
        - text: (
          type: Text
        - text: ctrl-b
          type: Text
        - text: )
          type: Text
        - type: Line
        - text: key
          type: Text
        - text: (
          type: Text
        - text: $
          type: Text
        - text: )
          type: Text
        - type: Line
        type: Cat
      indent: 4
      overlap: false
      type: Nest
    - alts:
      - docs:
        - text: mux
          type: Text
        - type: Space
        - text: kill
          type: Text
        - type: Space
        - text: session
          type: Text
        - text: ':'
          type: Text
        - doc:
            docs:
            - type: Line
            - text: insert
              type: Text
            - text: (
              type: Text
            - doc:
                docs:
                - text: tmux
                  type: Text
                - type: Space
                - text: kill-session
                  type: Text
                - type: Space
                - text: -t
                  type: Text
                - type: Space
                type: Cat
              function: _smart_quote
              type: Edit
            - text: )
              type: Text
            - type: Line
            type: Cat
          indent: 4
          overlap: false
          type: Nest
        type: Cat
      - cells:
        - docs:
          - text: mux
            type: Text
          - type: Space
          - text: kill
            type: Text
          - type: Space
          - text: session
            type: Text
          - text: ':'
            type: Text
          type: Cat
        - doc:
            docs:
            - text: insert
              type: Text
            - text: (
              type: Text
            - doc:
                docs:
                - text: tmux
                  type: Text
                - type: Space
                - text: kill-session
                  type: Text
                - type: Space
                - text: -t
                  type: Text
                - type: Space
                type: Cat
              function: _smart_quote
              type: Edit
            - text: )
              type: Text
            - type: Line
            type: Cat
          function: _inline
          type: Edit
        info:
          hpad:
            text: ' '
          hsep:
            text: ' '
          min_col_widths: []
          table_type: command
        type: Row
      type: Alt
    - text: '#'
      type: Text
    - type: Space
    - text: window
      type: Text
    - type: Space
    - text: management
      type: Text
    - type: Line
    - text: mux
      type: Text
    - type: Space
    - text: new
      type: Text
    - type: Space
    - text: window
      type: Text
    - text: ':'
      type: Text
    - doc:
        docs:
        - type: Line
        - text: key
          type: Text
        - text: (
          type: Text
        - text: ctrl-b
          type: Text
        - text: )
          type: Text
        - type: Line
        - text: key
          type: Text
        - text: (
          type: Text
        - text: c
          type: Text
        - text: )
          type: Text
        - type: Line
        type: Cat
      indent: 4
      overlap: false
      type: Nest
    - text: mux
      type: Text
    - type: Space
    - text: window
      type: Text
    - type: Space
    - text: <
      type: Text
    - text: number
      type: Text
    - text: '>'
      type: Text
    - text: ':'
      type: Text
    - doc:
        docs:
        - type: Line
        - text: key
          type: Text
        - text: (
          type: Text
        - text: ctrl-b
          type: Text
        - text: )
          type: Text
        - type: Line
        - text: key
          type: Text
        - text: (
          type: Text
        - text: '''{number}'''
          type: Text
        - text: )
          type: Text
        - type: Line
        type: Cat
      indent: 4
      overlap: false
      type: Nest
    - text: mux
      type: Text
    - type: Space
    - text: previous
      type: Text
    - type: Space
    - text: window
      type: Text
    - text: ':'
      type: Text
    - doc:
        docs:
        - type: Line
        - text: key
          type: Text
        - text: (
          type: Text
        - text: ctrl-b
          type: Text
        - text: )
          type: Text
        - type: Line
        - text: key
          type: Text
        - text: (
          type: Text
        - text: p
          type: Text
        - text: )
          type: Text
        - type: Line
        type: Cat
      indent: 4
      overlap: false
      type: Nest
    - text: mux
      type: Text
    - type: Space
    - text: next
      type: Text
    - type: Space
    - text: window
      type: Text
    - text: ':'
      type: Text
    - doc:
        docs:
        - type: Line
        - text: key
          type: Text
        - text: (
          type: Text
        - text: ctrl-b
          type: Text
        - text: )
          type: Text
        - type: Line
        - text: key
          type: Text
        - text: (
          type: Text
        - text: n
          type: Text
        - text: )
          type: Text
        - type: Line
        type: Cat
      indent: 4
      overlap: false
      type: Nest
    - text: mux
      type: Text
    - type: Space
    - text: rename
      type: Text
    - type: Space
    - text: window
      type: Text
    - text: ':'
      type: Text
    - doc:
        docs:
        - type: Line
        - text: key
          type: Text
        - text: (
          type: Text
        - text: ctrl-b
          type: Text
        - text: )
          type: Text
        - type: Line
        - text: key
          type: Text
        - text: (
          type: Text
        - text: ','
          type: Text
        - text: )
          type: Text
        - type: Line
        type: Cat
      indent: 4
      overlap: false
      type: Nest
    - text: mux
      type: Text
    - type: Space
    - text: close
      type: Text
    - type: Space
    - text: window
      type: Text
    - text: ':'
      type: Text
    - doc:
        docs:
        - type: Line
        - text: key
          type: Text
        - text: (
          type: Text
        - text: ctrl-b
          type: Text
        - text: )
          type: Text
        - type: Line
        - text: key
          type: Text
        - text: (
          type: Text
        - text: '&'
          type: Text
        - text: )
          type: Text
        - type: Line
        type: Cat
      indent: 4
      overlap: false
      type: Nest
    - text: '#'
      type: Text
    - type: Space
    - text: pane
      type: Text
    - type: Space
    - text: management
      type: Text
    - type: Line
    - text: mux
      type: Text
    - type: Space
    - text: split
      type: Text
    - type: Space
    - text: horizontal
      type: Text
    - text: ':'
      type: Text
    - doc:
        docs:
        - type: Line
        - text: key
          type: Text
        - text: (
          type: Text
        - text: ctrl-b
          type: Text
        - text: )
          type: Text
        - type: Line
        - text: key
          type: Text
        - text: (
          type: Text
        - text: '%'
          type: Text
        - text: )
          type: Text
        - type: Line
        type: Cat
      indent: 4
      overlap: false
      type: Nest
    - text: mux
      type: Text
    - type: Space
    - text: split
      type: Text
    - type: Space
    - text: vertical
      type: Text
    - text: ':'
      type: Text
    - doc:
        docs:
        - type: Line
        - text: key
          type: Text
        - text: (
          type: Text
        - text: ctrl-b
          type: Text
        - text: )
          type: Text
        - type: Line
        - text: key
          type: Text
        - text: (
          type: Text
        - text: '"'
          type: Text
        - text: )
          type: Text
        - type: Line
        type: Cat
      indent: 4
      overlap: false
      type: Nest
    - text: mux
      type: Text
    - type: Space
    - text: next
      type: Text
    - type: Space
    - text: pane
      type: Text
    - text: ':'
      type: Text
    - doc:
        docs:
        - type: Line
        - text: key
          type: Text
        - text: (
          type: Text
        - text: ctrl-b
          type: Text
        - text: )
          type: Text
        - type: Line
        - text: key
          type: Text
        - text: (
          type: Text
        - text: o
          type: Text
        - text: )
          type: Text
        - type: Line
        type: Cat
      indent: 4
      overlap: false
      type: Nest
    - text: mux
      type: Text
    - type: Space
    - text: move
      type: Text
    - type: Space
    - text: <
      type: Text
    - text: user.arrow_key
      type: Text
    - text: '>'
      type: Text
    - text: ':'
      type: Text
    - doc:
        docs:
        - type: Line
        - text: key
          type: Text
        - text: (
          type: Text
        - text: ctrl-b
          type: Text
        - text: )
          type: Text
        - type: Line
        - text: key
          type: Text
        - text: (
          type: Text
        - text: arrow_key
          type: Text
        - text: )
          type: Text
        - type: Line
        type: Cat
      indent: 4
      overlap: false
      type: Nest
    - text: mux
      type: Text
    - type: Space
    - text: close
      type: Text
    - type: Space
    - text: pane
      type: Text
    - text: ':'
      type: Text
    - doc:
        docs:
        - type: Line
        - text: key
          type: Text
        - text: (
          type: Text
        - text: ctrl-b
          type: Text
        - text: )
          type: Text
        - type: Line
        - text: key
          type: Text
        - text: (
          type: Text
        - text: x
          type: Text
        - text: )
          type: Text
        - type: Line
        type: Cat
      indent: 4
      overlap: false
      type: Nest
    - text: '#'
      type: Text
    - type: Space
    - text: Say
      type: Text
    - type: Space
    - text: a
      type: Text
    - type: Space
    - text: number
      type: Text
    - type: Space
    - text: right
      type: Text
    - type: Space
    - text: after
      type: Text
    - type: Space
    - text: this
      type: Text
    - type: Space
    - text: command,
      type: Text
    - type: Space
    - text: to
      type: Text
    - type: Space
    - text: switch
      type: Text
    - type: Space
    - text: to
      type: Text
    - type: Space
    - text: pane
      type: Text
    - type: Line
    - text: mux
      type: Text
    - type: Space
    - text: pane
      type: Text
    - type: Space
    - text: numbers
      type: Text
    - text: ':'
      type: Text
    - doc:
        docs:
        - type: Line
        - text: key
          type: Text
        - text: (
          type: Text
        - text: ctrl-b
          type: Text
        - text: )
          type: Text
        - type: Line
        - text: key
          type: Text
        - text: (
          type: Text
        - text: q
          type: Text
        - text: )
          type: Text
        - type: Line
        type: Cat
      indent: 4
      overlap: false
      type: Nest
    type: Cat
  max_line_width: 1000
  renderer: smart
  simple_layout: null
output: "os: linux\ntag: user.tmux\n-\nmux: \"tmux \"\n\n# session management\nmux\
  \ new session: insert(\"tmux new \")\nmux sessions:\n    key(ctrl-b)\n    key(s)\n\
  mux name session:\n    key(ctrl-b)\n    key($)\nmux kill session: insert(\"tmux\
  \ kill-session -t \")\n# window management\nmux new window:\n    key(ctrl-b)\n \
  \   key(c)\nmux window <number>:\n    key(ctrl-b)\n    key('{number}')\nmux previous\
  \ window:\n    key(ctrl-b)\n    key(p)\nmux next window:\n    key(ctrl-b)\n    key(n)\n\
  mux rename window:\n    key(ctrl-b)\n    key(,)\nmux close window:\n    key(ctrl-b)\n\
  \    key(&)\n# pane management\nmux split horizontal:\n    key(ctrl-b)\n    key(%)\n\
  mux split vertical:\n    key(ctrl-b)\n    key(\")\nmux next pane:\n    key(ctrl-b)\n\
  \    key(o)\nmux move <user.arrow_key>:\n    key(ctrl-b)\n    key(arrow_key)\nmux\
  \ close pane:\n    key(ctrl-b)\n    key(x)\n# Say a number right after this command,\
  \ to switch to pane\nmux pane numbers:\n    key(ctrl-b)\n    key(q)\n"
