input:
  doc:
    docs:
    - cells:
      - docs:
        - text: tag
          type: Text
        - text: ':'
          type: Text
        type: Cat
      - text: user.chapters
        type: Text
      info:
        hpad:
          text: ' '
        hsep:
          text: ' '
        min_col_widths: []
        table_type: match
      type: Row
    - text: '-'
      type: Text
    - type: Line
    - alts:
      - docs:
        - text: chapter
          type: Text
        - type: Space
        - text: next
          type: Text
        - text: ':'
          type: Text
        - doc:
            docs:
            - type: Line
            - text: user.chapter_next
              type: Text
            - text: (
              type: Text
            - text: )
              type: Text
            - type: Line
            type: Cat
          indent: 4
          overlap: false
          type: Nest
        type: Cat
      - cells:
        - docs:
          - text: chapter
            type: Text
          - type: Space
          - text: next
            type: Text
          - text: ':'
            type: Text
          type: Cat
        - doc:
            docs:
            - text: user.chapter_next
              type: Text
            - text: (
              type: Text
            - text: )
              type: Text
            - type: Line
            type: Cat
          function: _inline
          type: Edit
        info:
          hpad:
            text: ' '
          hsep:
            text: ' '
          min_col_widths: []
          table_type: command
        type: Row
      type: Alt
    - alts:
      - docs:
        - text: chapter
          type: Text
        - type: Space
        - text: last
          type: Text
        - text: ':'
          type: Text
        - doc:
            docs:
            - type: Line
            - text: user.chapter_previous
              type: Text
            - text: (
              type: Text
            - text: )
              type: Text
            - type: Line
            type: Cat
          indent: 4
          overlap: false
          type: Nest
        type: Cat
      - cells:
        - docs:
          - text: chapter
            type: Text
          - type: Space
          - text: last
            type: Text
          - text: ':'
            type: Text
          type: Cat
        - doc:
            docs:
            - text: user.chapter_previous
              type: Text
            - text: (
              type: Text
            - text: )
              type: Text
            - type: Line
            type: Cat
          function: _inline
          type: Edit
        info:
          hpad:
            text: ' '
          hsep:
            text: ' '
          min_col_widths: []
          table_type: command
        type: Row
      type: Alt
    - alts:
      - docs:
        - text: go
          type: Text
        - type: Space
        - text: chapter
          type: Text
        - type: Space
        - text: <
          type: Text
        - text: number
          type: Text
        - text: '>'
          type: Text
        - text: ':'
          type: Text
        - doc:
            docs:
            - type: Line
            - text: user.chapter_jump
              type: Text
            - text: (
              type: Text
            - text: number
              type: Text
            - text: )
              type: Text
            - type: Line
            type: Cat
          indent: 4
          overlap: false
          type: Nest
        type: Cat
      - cells:
        - docs:
          - text: go
            type: Text
          - type: Space
          - text: chapter
            type: Text
          - type: Space
          - text: <
            type: Text
          - text: number
            type: Text
          - text: '>'
            type: Text
          - text: ':'
            type: Text
          type: Cat
        - doc:
            docs:
            - text: user.chapter_jump
              type: Text
            - text: (
              type: Text
            - text: number
              type: Text
            - text: )
              type: Text
            - type: Line
            type: Cat
          function: _inline
          type: Edit
        info:
          hpad:
            text: ' '
          hsep:
            text: ' '
          min_col_widths: []
          table_type: command
        type: Row
      type: Alt
    - alts:
      - docs:
        - text: go
          type: Text
        - type: Space
        - text: chapter
          type: Text
        - type: Space
        - text: final
          type: Text
        - text: ':'
          type: Text
        - doc:
            docs:
            - type: Line
            - text: user.chapter_final
              type: Text
            - text: (
              type: Text
            - text: )
              type: Text
            - type: Line
            type: Cat
          indent: 4
          overlap: false
          type: Nest
        type: Cat
      - cells:
        - docs:
          - text: go
            type: Text
          - type: Space
          - text: chapter
            type: Text
          - type: Space
          - text: final
            type: Text
          - text: ':'
            type: Text
          type: Cat
        - doc:
            docs:
            - text: user.chapter_final
              type: Text
            - text: (
              type: Text
            - text: )
              type: Text
            - type: Line
            type: Cat
          function: _inline
          type: Edit
        info:
          hpad:
            text: ' '
          hsep:
            text: ' '
          min_col_widths: []
          table_type: command
        type: Row
      type: Alt
    type: Cat
  max_line_width: 1000
  renderer: smart
  simple_layout: null
output: 'tag: user.chapters

  -

  chapter next: user.chapter_next()

  chapter last: user.chapter_previous()

  go chapter <number>: user.chapter_jump(number)

  go chapter final: user.chapter_final()

  '
