input:
  doc:
    docs:
    - cells:
      - docs:
        - text: tag
        - text: ':'
      - text: user.talon
      info:
        hpad:
          text: ' '
        hsep:
          text: ' '
        min_col_widths: []
        table_type: match
    - text: '-'
    - text: '

        '
    - text: 'tag():'
    - text: ' '
    - text: user.code_operators_math
    - text: '

        '
    - text: 'tag():'
    - text: ' '
    - text: user.code_operators_assignment
    - text: '

        '
    - text: 'tag():'
    - text: ' '
    - text: user.code_comment_line
    - text: '

        '
    - text: 'tag():'
    - text: ' '
    - text: user.code_functions_common
    - text: '

        '
    - text: '#'
    - text: ' '
    - text: uncomment
    - text: ' '
    - text: user.talon_populate_lists
    - text: ' '
    - text: tag
    - text: ' '
    - text: to
    - text: ' '
    - text: activate
    - text: ' '
    - text: talon-specific
    - text: ' '
    - text: lists
    - text: ' '
    - text: of
    - text: ' '
    - text: actions,
    - text: ' '
    - text: scopes,
    - text: ' '
    - text: modes
    - text: ' '
    - text: etcetera.
    - text: '

        '
    - text: '#'
    - text: ' '
    - text: Do
    - text: ' '
    - text: not
    - text: ' '
    - text: enable
    - text: ' '
    - text: this
    - text: ' '
    - text: tag
    - text: ' '
    - text: with
    - text: ' '
    - text: dragon,
    - text: ' '
    - text: as
    - text: ' '
    - text: it
    - text: ' '
    - text: will
    - text: ' '
    - text: be
    - text: ' '
    - text: unusable.
    - text: '

        '
    - text: '#'
    - text: ' '
    - text: with
    - text: ' '
    - text: conformer,
    - text: ' '
    - text: the
    - text: ' '
    - text: latency
    - text: ' '
    - text: increase
    - text: ' '
    - text: may
    - text: ' '
    - text: also
    - text: ' '
    - text: be
    - text: ' '
    - text: unacceptable
    - text: ' '
    - text: depending
    - text: ' '
    - text: 'on'
    - text: ' '
    - text: your
    - text: ' '
    - text: cpu
    - text: '

        '
    - text: '#'
    - text: ' '
    - text: see
    - text: ' '
    - text: https://github.com/knausj85/knausj_talon/issues/600
    - text: '

        '
    - text: '#'
    - text: ' '
    - text: 'tag():'
    - text: ' '
    - text: user.talon_populate_lists
    - text: '

        '
    - text: '

        '
    - alts:
      - docs:
        - text: dot
        - text: ' '
        - text: talon
        - text: ':'
        - doc:
            docs:
            - text: '

                '
            - text: insert
            - text: (
            - doc:
                text: .talon
              function: _smart_quote
            - text: )
            - text: '

                '
          indent: 4
          overlap: false
      - cells:
        - docs:
          - text: dot
          - text: ' '
          - text: talon
          - text: ':'
        - doc:
            docs:
            - text: insert
            - text: (
            - doc:
                text: .talon
              function: _smart_quote
            - text: )
            - text: '

                '
          function: _inline
        info:
          hpad:
            text: ' '
          hsep:
            text: ' '
          min_col_widths: []
          table_type: command
    - text: '#'
    - text: ' '
    - text: defintion
    - text: ' '
    - text: blocks
    - text: ' '
    - text: for
    - text: ' '
    - text: the
    - text: ' '
    - text: context
    - text: '

        '
    - alts:
      - docs:
        - text: action
        - text: ' '
        - text: block
        - text: ':'
        - doc:
            docs:
            - text: '

                '
            - text: user.insert_between
            - text: (
            - doc:
                text: action(
              function: _smart_quote
            - text: ','
            - text: ' '
            - doc:
                text: '):'
              function: _smart_quote
            - text: )
            - text: '

                '
          indent: 4
          overlap: false
      - cells:
        - docs:
          - text: action
          - text: ' '
          - text: block
          - text: ':'
        - doc:
            docs:
            - text: user.insert_between
            - text: (
            - doc:
                text: action(
              function: _smart_quote
            - text: ','
            - text: ' '
            - doc:
                text: '):'
              function: _smart_quote
            - text: )
            - text: '

                '
          function: _inline
        info:
          hpad:
            text: ' '
          hsep:
            text: ' '
          min_col_widths: []
          table_type: command
    - alts:
      - docs:
        - text: setting
        - text: ' '
        - text: block
        - text: ':'
        - doc:
            docs:
            - text: '

                '
            - text: insert
            - text: (
            - doc:
                docs:
                - text: 'settings():'
                - text: \n
                - text: \t
              function: _smart_quote
            - text: )
            - text: '

                '
          indent: 4
          overlap: false
      - cells:
        - docs:
          - text: setting
          - text: ' '
          - text: block
          - text: ':'
        - doc:
            docs:
            - text: insert
            - text: (
            - doc:
                docs:
                - text: 'settings():'
                - text: \n
                - text: \t
              function: _smart_quote
            - text: )
            - text: '

                '
          function: _inline
        info:
          hpad:
            text: ' '
          hsep:
            text: ' '
          min_col_widths: []
          table_type: command
    - alts:
      - docs:
        - text: setting
        - text: ' '
        - text: '{'
        - text: user.talon_settings
        - text: '}'
        - text: ':'
        - doc:
            docs:
            - text: '

                '
            - text: user.paste
            - text: (
            - doc:
                docs:
                - text: '{'
                - text: talon_settings
                - text: '}'
                - text: ' '
                - text: '='
                - text: ' '
              function: _smart_quote
            - text: )
            - text: '

                '
          indent: 4
          overlap: false
      - cells:
        - docs:
          - text: setting
          - text: ' '
          - text: '{'
          - text: user.talon_settings
          - text: '}'
          - text: ':'
        - doc:
            docs:
            - text: user.paste
            - text: (
            - doc:
                docs:
                - text: '{'
                - text: talon_settings
                - text: '}'
                - text: ' '
                - text: '='
                - text: ' '
              function: _smart_quote
            - text: )
            - text: '

                '
          function: _inline
        info:
          hpad:
            text: ' '
          hsep:
            text: ' '
          min_col_widths: []
          table_type: command
    - text: '#'
    - text: ' '
    - text: context
    - text: ' '
    - text: requirements
    - text: '

        '
    - alts:
      - docs:
        - text: win
        - text: ' '
        - text: require
        - text: ':'
        - doc:
            docs:
            - text: '

                '
            - text: insert
            - text: (
            - doc:
                docs:
                - text: 'os:'
                - text: ' '
                - text: windows
                - text: \n
              function: _smart_quote
            - text: )
            - text: '

                '
          indent: 4
          overlap: false
      - cells:
        - docs:
          - text: win
          - text: ' '
          - text: require
          - text: ':'
        - doc:
            docs:
            - text: insert
            - text: (
            - doc:
                docs:
                - text: 'os:'
                - text: ' '
                - text: windows
                - text: \n
              function: _smart_quote
            - text: )
            - text: '

                '
          function: _inline
        info:
          hpad:
            text: ' '
          hsep:
            text: ' '
          min_col_widths: []
          table_type: command
    - alts:
      - docs:
        - text: mac
        - text: ' '
        - text: require
        - text: ':'
        - doc:
            docs:
            - text: '

                '
            - text: insert
            - text: (
            - doc:
                docs:
                - text: 'os:'
                - text: ' '
                - text: mac
                - text: \n
              function: _smart_quote
            - text: )
            - text: '

                '
          indent: 4
          overlap: false
      - cells:
        - docs:
          - text: mac
          - text: ' '
          - text: require
          - text: ':'
        - doc:
            docs:
            - text: insert
            - text: (
            - doc:
                docs:
                - text: 'os:'
                - text: ' '
                - text: mac
                - text: \n
              function: _smart_quote
            - text: )
            - text: '

                '
          function: _inline
        info:
          hpad:
            text: ' '
          hsep:
            text: ' '
          min_col_widths: []
          table_type: command
    - alts:
      - docs:
        - text: linux
        - text: ' '
        - text: require
        - text: ':'
        - doc:
            docs:
            - text: '

                '
            - text: insert
            - text: (
            - doc:
                docs:
                - text: 'os:'
                - text: ' '
                - text: linux
                - text: \n
              function: _smart_quote
            - text: )
            - text: '

                '
          indent: 4
          overlap: false
      - cells:
        - docs:
          - text: linux
          - text: ' '
          - text: require
          - text: ':'
        - doc:
            docs:
            - text: insert
            - text: (
            - doc:
                docs:
                - text: 'os:'
                - text: ' '
                - text: linux
                - text: \n
              function: _smart_quote
            - text: )
            - text: '

                '
          function: _inline
        info:
          hpad:
            text: ' '
          hsep:
            text: ' '
          min_col_widths: []
          table_type: command
    - alts:
      - docs:
        - text: title
        - text: ' '
        - text: require
        - text: ':'
        - doc:
            docs:
            - text: '

                '
            - text: insert
            - text: (
            - doc:
                docs:
                - text: 'win.title:'
                - text: ' '
              function: _smart_quote
            - text: )
            - text: '

                '
          indent: 4
          overlap: false
      - cells:
        - docs:
          - text: title
          - text: ' '
          - text: require
          - text: ':'
        - doc:
            docs:
            - text: insert
            - text: (
            - doc:
                docs:
                - text: 'win.title:'
                - text: ' '
              function: _smart_quote
            - text: )
            - text: '

                '
          function: _inline
        info:
          hpad:
            text: ' '
          hsep:
            text: ' '
          min_col_widths: []
          table_type: command
    - text: application
    - text: ' '
    - text: '['
    - text: require
    - text: ']'
    - text: ' '
    - text: '['
    - text: '{'
    - text: user.talon_apps
    - text: '}'
    - text: ']'
    - text: ':'
    - doc:
        docs:
        - text: '

            '
        - text: app
        - text: ' '
        - text: '='
        - text: ' '
        - text: talon_apps
        - text: ' '
        - text: or
        - text: ' '
        - doc:
            text: ''
          function: _smart_quote
        - text: '

            '
        - text: user.paste
        - text: (
        - doc:
            docs:
            - text: 'app:'
            - text: ' '
            - text: '{'
            - text: app
            - text: '}'
          function: _smart_quote
        - text: )
        - text: '

            '
      indent: 4
      overlap: false
    - text: mode
    - text: ' '
    - text: require
    - text: ' '
    - text: '['
    - text: '{'
    - text: user.talon_modes
    - text: '}'
    - text: ']'
    - text: ':'
    - doc:
        docs:
        - text: '

            '
        - text: mode
        - text: ' '
        - text: '='
        - text: ' '
        - text: talon_modes
        - text: ' '
        - text: or
        - text: ' '
        - doc:
            text: ''
          function: _smart_quote
        - text: '

            '
        - text: user.paste
        - text: (
        - doc:
            docs:
            - text: 'mode:'
            - text: ' '
            - text: '{'
            - text: mode
            - text: '}'
          function: _smart_quote
        - text: )
        - text: '

            '
      indent: 4
      overlap: false
    - text: tag
    - text: ' '
    - text: require
    - text: ' '
    - text: '['
    - text: '{'
    - text: user.talon_tags
    - text: '}'
    - text: ']'
    - text: ':'
    - doc:
        docs:
        - text: '

            '
        - text: tag
        - text: ' '
        - text: '='
        - text: ' '
        - text: talon_tags
        - text: ' '
        - text: or
        - text: ' '
        - doc:
            text: ''
          function: _smart_quote
        - text: '

            '
        - text: user.paste
        - text: (
        - doc:
            docs:
            - text: 'tag:'
            - text: ' '
            - text: '{'
            - text: tag
            - text: '}'
          function: _smart_quote
        - text: )
        - text: '

            '
      indent: 4
      overlap: false
    - text: tag
    - text: ' '
    - text: set
    - text: ' '
    - text: '['
    - text: '{'
    - text: user.talon_tags
    - text: '}'
    - text: ']'
    - text: ':'
    - doc:
        docs:
        - text: '

            '
        - text: tag
        - text: ' '
        - text: '='
        - text: ' '
        - text: talon_tags
        - text: ' '
        - text: or
        - text: ' '
        - doc:
            text: ''
          function: _smart_quote
        - text: '

            '
        - text: user.paste
        - text: (
        - doc:
            docs:
            - text: 'tag():'
            - text: ' '
            - text: '{'
            - text: tag
            - text: '}'
          function: _smart_quote
        - text: )
        - text: '

            '
      indent: 4
      overlap: false
    - text: '#'
    - text: ' '
    - text: requires
    - text: ' '
    - text: user.talon_populate_lists
    - text: ' '
    - text: tag.
    - text: ' '
    - text: do
    - text: ' '
    - text: not
    - text: ' '
    - text: use
    - text: ' '
    - text: with
    - text: ' '
    - text: dragon
    - text: '

        '
    - alts:
      - docs:
        - text: list
        - text: ' '
        - text: '{'
        - text: user.talon_lists
        - text: '}'
        - text: ':'
        - doc:
            docs:
            - text: '

                '
            - doc:
                docs:
                - text: '{{'
                - text: '{'
                - text: talon_lists
                - text: '}}'
                - text: '}'
              function: _smart_quote
            - text: '

                '
          indent: 4
          overlap: false
      - cells:
        - docs:
          - text: list
          - text: ' '
          - text: '{'
          - text: user.talon_lists
          - text: '}'
          - text: ':'
        - doc:
            docs:
            - doc:
                docs:
                - text: '{{'
                - text: '{'
                - text: talon_lists
                - text: '}}'
                - text: '}'
              function: _smart_quote
            - text: '

                '
          function: _inline
        info:
          hpad:
            text: ' '
          hsep:
            text: ' '
          min_col_widths: []
          table_type: command
    - text: '#'
    - text: ' '
    - text: requires
    - text: ' '
    - text: user.talon_populate_lists
    - text: ' '
    - text: tag.
    - text: ' '
    - text: do
    - text: ' '
    - text: not
    - text: ' '
    - text: use
    - text: ' '
    - text: with
    - text: ' '
    - text: dragon
    - text: '

        '
    - alts:
      - docs:
        - text: capture
        - text: ' '
        - text: '{'
        - text: user.talon_captures
        - text: '}'
        - text: ':'
        - doc:
            docs:
            - text: '

                '
            - doc:
                docs:
                - text: <
                - text: '{'
                - text: talon_captures
                - text: '}'
                - text: '>'
              function: _smart_quote
            - text: '

                '
          indent: 4
          overlap: false
      - cells:
        - docs:
          - text: capture
          - text: ' '
          - text: '{'
          - text: user.talon_captures
          - text: '}'
          - text: ':'
        - doc:
            docs:
            - doc:
                docs:
                - text: <
                - text: '{'
                - text: talon_captures
                - text: '}'
                - text: '>'
              function: _smart_quote
            - text: '

                '
          function: _inline
        info:
          hpad:
            text: ' '
          hsep:
            text: ' '
          min_col_widths: []
          table_type: command
    - text: '

        '
    - text: '#'
    - text: ' '
    - text: commands
    - text: ' '
    - text: for
    - text: ' '
    - text: dictating
    - text: ' '
    - text: key
    - text: ' '
    - text: combos
    - text: '

        '
    - alts:
      - docs:
        - text: key
        - text: ' '
        - text: <
        - text: user.keys
        - text: '>'
        - text: ' '
        - text: over
        - text: ':'
        - doc:
            docs:
            - text: '

                '
            - doc:
                docs:
                - text: '{'
                - text: keys
                - text: '}'
              function: _smart_quote
            - text: '

                '
          indent: 4
          overlap: false
      - cells:
        - docs:
          - text: key
          - text: ' '
          - text: <
          - text: user.keys
          - text: '>'
          - text: ' '
          - text: over
          - text: ':'
        - doc:
            docs:
            - doc:
                docs:
                - text: '{'
                - text: keys
                - text: '}'
              function: _smart_quote
            - text: '

                '
          function: _inline
        info:
          hpad:
            text: ' '
          hsep:
            text: ' '
          min_col_widths: []
          table_type: command
    - alts:
      - docs:
        - text: key
        - text: ' '
        - text: <
        - text: user.modifiers
        - text: '>'
        - text: ' '
        - text: over
        - text: ':'
        - doc:
            docs:
            - text: '

                '
            - doc:
                docs:
                - text: '{'
                - text: modifiers
                - text: '}'
              function: _smart_quote
            - text: '

                '
          indent: 4
          overlap: false
      - cells:
        - docs:
          - text: key
          - text: ' '
          - text: <
          - text: user.modifiers
          - text: '>'
          - text: ' '
          - text: over
          - text: ':'
        - doc:
            docs:
            - doc:
                docs:
                - text: '{'
                - text: modifiers
                - text: '}'
              function: _smart_quote
            - text: '

                '
          function: _inline
        info:
          hpad:
            text: ' '
          hsep:
            text: ' '
          min_col_widths: []
          table_type: command
    - text: '

        '
    - text: '#'
    - text: ' '
    - text: all
    - text: ' '
    - text: actions
    - text: ' '
    - text: (requires
    - text: ' '
    - text: uncommenting
    - text: ' '
    - text: user.talon_populate_lists
    - text: ' '
    - text: tag
    - text: ' '
    - text: above)
    - text: '

        '
    - alts:
      - docs:
        - text: funk
        - text: ' '
        - text: '{'
        - text: user.talon_actions
        - text: '}'
        - text: ':'
        - doc:
            docs:
            - text: '

                '
            - text: user.code_insert_function
            - text: (
            - text: talon_actions
            - text: ','
            - text: ' '
            - text: edit.selected_text
            - text: (
            - text: )
            - text: )
            - text: '

                '
          indent: 4
          overlap: false
      - cells:
        - docs:
          - text: funk
          - text: ' '
          - text: '{'
          - text: user.talon_actions
          - text: '}'
          - text: ':'
        - doc:
            docs:
            - text: user.code_insert_function
            - text: (
            - text: talon_actions
            - text: ','
            - text: ' '
            - text: edit.selected_text
            - text: (
            - text: )
            - text: )
            - text: '

                '
          function: _inline
        info:
          hpad:
            text: ' '
          hsep:
            text: ' '
          min_col_widths: []
          table_type: command
    - alts:
      - docs:
        - text: funk
        - text: ' '
        - text: cell
        - text: ' '
        - text: <
        - text: number
        - text: '>'
        - text: ':'
        - doc:
            docs:
            - text: '

                '
            - text: user.code_select_function
            - text: (
            - text: number
            - text: ' '
            - text: '-'
            - text: ' '
            - text: '1'
            - text: ','
            - text: ' '
            - doc:
                text: ''
              function: _smart_quote
            - text: )
            - text: '

                '
          indent: 4
          overlap: false
      - cells:
        - docs:
          - text: funk
          - text: ' '
          - text: cell
          - text: ' '
          - text: <
          - text: number
          - text: '>'
          - text: ':'
        - doc:
            docs:
            - text: user.code_select_function
            - text: (
            - text: number
            - text: ' '
            - text: '-'
            - text: ' '
            - text: '1'
            - text: ','
            - text: ' '
            - doc:
                text: ''
              function: _smart_quote
            - text: )
            - text: '

                '
          function: _inline
        info:
          hpad:
            text: ' '
          hsep:
            text: ' '
          min_col_widths: []
          table_type: command
    - alts:
      - docs:
        - text: funk
        - text: ' '
        - text: wrap
        - text: ' '
        - text: <
        - text: user.code_common_function
        - text: '>'
        - text: ':'
        - doc:
            docs:
            - text: '

                '
            - text: user.code_insert_function
            - text: (
            - text: code_common_function
            - text: ','
            - text: ' '
            - text: edit.selected_text
            - text: (
            - text: )
            - text: )
            - text: '

                '
          indent: 4
          overlap: false
      - cells:
        - docs:
          - text: funk
          - text: ' '
          - text: wrap
          - text: ' '
          - text: <
          - text: user.code_common_function
          - text: '>'
          - text: ':'
        - doc:
            docs:
            - text: user.code_insert_function
            - text: (
            - text: code_common_function
            - text: ','
            - text: ' '
            - text: edit.selected_text
            - text: (
            - text: )
            - text: )
            - text: '

                '
          function: _inline
        info:
          hpad:
            text: ' '
          hsep:
            text: ' '
          min_col_widths: []
          table_type: command
    - alts:
      - docs:
        - text: funk
        - text: ' '
        - text: wrap
        - text: ' '
        - text: <
        - text: number
        - text: '>'
        - text: ':'
        - doc:
            docs:
            - text: '

                '
            - text: user.code_select_function
            - text: (
            - text: number
            - text: ' '
            - text: '-'
            - text: ' '
            - text: '1'
            - text: ','
            - text: ' '
            - text: edit.selected_text
            - text: (
            - text: )
            - text: )
            - text: '

                '
          indent: 4
          overlap: false
      - cells:
        - docs:
          - text: funk
          - text: ' '
          - text: wrap
          - text: ' '
          - text: <
          - text: number
          - text: '>'
          - text: ':'
        - doc:
            docs:
            - text: user.code_select_function
            - text: (
            - text: number
            - text: ' '
            - text: '-'
            - text: ' '
            - text: '1'
            - text: ','
            - text: ' '
            - text: edit.selected_text
            - text: (
            - text: )
            - text: )
            - text: '

                '
          function: _inline
        info:
          hpad:
            text: ' '
          hsep:
            text: ' '
          min_col_widths: []
          table_type: command
  max_line_width: 1000
  renderer: smart
  simple_layout: null
output: |
  tag: user.talon
  -
  tag(): user.code_operators_math
  tag(): user.code_operators_assignment
  tag(): user.code_comment_line
  tag(): user.code_functions_common
  # uncomment user.talon_populate_lists tag to activate talon-specific lists of actions, scopes, modes etcetera.
  # Do not enable this tag with dragon, as it will be unusable.
  # with conformer, the latency increase may also be unacceptable depending on your cpu
  # see https://github.com/knausj85/knausj_talon/issues/600
  # tag(): user.talon_populate_lists

  dot talon: insert(".talon")
  # defintion blocks for the context
  action block: user.insert_between("action(", "):")
  setting block: insert("settings():\n\t")
  setting {user.talon_settings}: user.paste("{talon_settings} = ")
  # context requirements
  win require: insert("os: windows\n")
  mac require: insert("os: mac\n")
  linux require: insert("os: linux\n")
  title require: insert("win.title: ")
  application [require] [{user.talon_apps}]:
      app = talon_apps or ""
      user.paste("app: {app}")
  mode require [{user.talon_modes}]:
      mode = talon_modes or ""
      user.paste("mode: {mode}")
  tag require [{user.talon_tags}]:
      tag = talon_tags or ""
      user.paste("tag: {tag}")
  tag set [{user.talon_tags}]:
      tag = talon_tags or ""
      user.paste("tag(): {tag}")
  # requires user.talon_populate_lists tag. do not use with dragon
  list {user.talon_lists}: "{{{talon_lists}}}"
  # requires user.talon_populate_lists tag. do not use with dragon
  capture {user.talon_captures}: "<{talon_captures}>"

  # commands for dictating key combos
  key <user.keys> over: "{keys}"
  key <user.modifiers> over: "{modifiers}"

  # all actions (requires uncommenting user.talon_populate_lists tag above)
  funk {user.talon_actions}: user.code_insert_function(talon_actions, edit.selected_text())
  funk cell <number>: user.code_select_function(number - 1, "")
  funk wrap <user.code_common_function>: user.code_insert_function(code_common_function, edit.selected_text())
  funk wrap <number>: user.code_select_function(number - 1, edit.selected_text())
