input:
  doc:
    docs:
    - text: '-'
    - text: '

        '
    - alts:
      - docs:
        - text: help
        - text: ' '
        - text: alphabet
        - text: ':'
        - doc:
            docs:
            - text: '

                '
            - text: user.help_list
            - text: (
            - doc:
                text: user.letter
              function: _smart_quote
            - text: )
            - text: '

                '
          indent: 4
          overlap: false
      - cells:
        - docs:
          - text: help
          - text: ' '
          - text: alphabet
          - text: ':'
        - doc:
            docs:
            - text: user.help_list
            - text: (
            - doc:
                text: user.letter
              function: _smart_quote
            - text: )
            - text: '

                '
          function: _inline
        info:
          hpad:
            text: ' '
          hsep:
            text: ' '
          min_col_widths: []
          table_type: command
    - alts:
      - docs:
        - text: help
        - text: ' '
        - text: symbols
        - text: ':'
        - doc:
            docs:
            - text: '

                '
            - text: user.help_list
            - text: (
            - doc:
                text: user.symbol_key
              function: _smart_quote
            - text: )
            - text: '

                '
          indent: 4
          overlap: false
      - cells:
        - docs:
          - text: help
          - text: ' '
          - text: symbols
          - text: ':'
        - doc:
            docs:
            - text: user.help_list
            - text: (
            - doc:
                text: user.symbol_key
              function: _smart_quote
            - text: )
            - text: '

                '
          function: _inline
        info:
          hpad:
            text: ' '
          hsep:
            text: ' '
          min_col_widths: []
          table_type: command
    - alts:
      - docs:
        - text: help
        - text: ' '
        - text: numbers
        - text: ':'
        - doc:
            docs:
            - text: '

                '
            - text: user.help_list
            - text: (
            - doc:
                text: user.number_key
              function: _smart_quote
            - text: )
            - text: '

                '
          indent: 4
          overlap: false
      - cells:
        - docs:
          - text: help
          - text: ' '
          - text: numbers
          - text: ':'
        - doc:
            docs:
            - text: user.help_list
            - text: (
            - doc:
                text: user.number_key
              function: _smart_quote
            - text: )
            - text: '

                '
          function: _inline
        info:
          hpad:
            text: ' '
          hsep:
            text: ' '
          min_col_widths: []
          table_type: command
    - alts:
      - docs:
        - text: help
        - text: ' '
        - text: punctuation
        - text: ':'
        - doc:
            docs:
            - text: '

                '
            - text: user.help_list
            - text: (
            - doc:
                text: user.punctuation
              function: _smart_quote
            - text: )
            - text: '

                '
          indent: 4
          overlap: false
      - cells:
        - docs:
          - text: help
          - text: ' '
          - text: punctuation
          - text: ':'
        - doc:
            docs:
            - text: user.help_list
            - text: (
            - doc:
                text: user.punctuation
              function: _smart_quote
            - text: )
            - text: '

                '
          function: _inline
        info:
          hpad:
            text: ' '
          hsep:
            text: ' '
          min_col_widths: []
          table_type: command
    - alts:
      - docs:
        - text: help
        - text: ' '
        - text: modifier
        - text: ':'
        - doc:
            docs:
            - text: '

                '
            - text: user.help_list
            - text: (
            - doc:
                text: user.modifier_key
              function: _smart_quote
            - text: )
            - text: '

                '
          indent: 4
          overlap: false
      - cells:
        - docs:
          - text: help
          - text: ' '
          - text: modifier
          - text: ':'
        - doc:
            docs:
            - text: user.help_list
            - text: (
            - doc:
                text: user.modifier_key
              function: _smart_quote
            - text: )
            - text: '

                '
          function: _inline
        info:
          hpad:
            text: ' '
          hsep:
            text: ' '
          min_col_widths: []
          table_type: command
    - alts:
      - docs:
        - text: help
        - text: ' '
        - text: special
        - text: ' '
        - text: keys
        - text: ':'
        - doc:
            docs:
            - text: '

                '
            - text: user.help_list
            - text: (
            - doc:
                text: user.special_key
              function: _smart_quote
            - text: )
            - text: '

                '
          indent: 4
          overlap: false
      - cells:
        - docs:
          - text: help
          - text: ' '
          - text: special
          - text: ' '
          - text: keys
          - text: ':'
        - doc:
            docs:
            - text: user.help_list
            - text: (
            - doc:
                text: user.special_key
              function: _smart_quote
            - text: )
            - text: '

                '
          function: _inline
        info:
          hpad:
            text: ' '
          hsep:
            text: ' '
          min_col_widths: []
          table_type: command
    - alts:
      - docs:
        - text: help
        - text: ' '
        - text: function
        - text: ' '
        - text: keys
        - text: ':'
        - doc:
            docs:
            - text: '

                '
            - text: user.help_list
            - text: (
            - doc:
                text: user.function_key
              function: _smart_quote
            - text: )
            - text: '

                '
          indent: 4
          overlap: false
      - cells:
        - docs:
          - text: help
          - text: ' '
          - text: function
          - text: ' '
          - text: keys
          - text: ':'
        - doc:
            docs:
            - text: user.help_list
            - text: (
            - doc:
                text: user.function_key
              function: _smart_quote
            - text: )
            - text: '

                '
          function: _inline
        info:
          hpad:
            text: ' '
          hsep:
            text: ' '
          min_col_widths: []
          table_type: command
    - alts:
      - docs:
        - text: help
        - text: ' '
        - text: arrows
        - text: ':'
        - doc:
            docs:
            - text: '

                '
            - text: user.help_list
            - text: (
            - doc:
                text: user.arrow_key
              function: _smart_quote
            - text: )
            - text: '

                '
          indent: 4
          overlap: false
      - cells:
        - docs:
          - text: help
          - text: ' '
          - text: arrows
          - text: ':'
        - doc:
            docs:
            - text: user.help_list
            - text: (
            - doc:
                text: user.arrow_key
              function: _smart_quote
            - text: )
            - text: '

                '
          function: _inline
        info:
          hpad:
            text: ' '
          hsep:
            text: ' '
          min_col_widths: []
          table_type: command
    - alts:
      - docs:
        - text: (
        - text: help
        - text: ' '
        - text: formatters
        - text: ' '
        - text: '|'
        - text: ' '
        - text: help
        - text: ' '
        - text: format
        - text: ' '
        - text: '|'
        - text: ' '
        - text: format
        - text: ' '
        - text: help
        - text: )
        - text: ':'
        - doc:
            docs:
            - text: '

                '
            - text: user.help_formatters
            - text: (
            - text: user.get_formatters_words
            - text: (
            - text: )
            - text: )
            - text: '

                '
          indent: 4
          overlap: false
      - cells:
        - docs:
          - text: (
          - text: help
          - text: ' '
          - text: formatters
          - text: ' '
          - text: '|'
          - text: ' '
          - text: help
          - text: ' '
          - text: format
          - text: ' '
          - text: '|'
          - text: ' '
          - text: format
          - text: ' '
          - text: help
          - text: )
          - text: ':'
        - doc:
            docs:
            - text: user.help_formatters
            - text: (
            - text: user.get_formatters_words
            - text: (
            - text: )
            - text: )
            - text: '

                '
          function: _inline
        info:
          hpad:
            text: ' '
          hsep:
            text: ' '
          min_col_widths: []
          table_type: command
    - alts:
      - docs:
        - text: help
        - text: ' '
        - text: context
        - text: $
        - text: ':'
        - doc:
            docs:
            - text: '

                '
            - text: user.help_context
            - text: (
            - text: )
            - text: '

                '
          indent: 4
          overlap: false
      - cells:
        - docs:
          - text: help
          - text: ' '
          - text: context
          - text: $
          - text: ':'
        - doc:
            docs:
            - text: user.help_context
            - text: (
            - text: )
            - text: '

                '
          function: _inline
        info:
          hpad:
            text: ' '
          hsep:
            text: ' '
          min_col_widths: []
          table_type: command
    - alts:
      - docs:
        - text: help
        - text: ' '
        - text: active
        - text: $
        - text: ':'
        - doc:
            docs:
            - text: '

                '
            - text: user.help_context_enabled
            - text: (
            - text: )
            - text: '

                '
          indent: 4
          overlap: false
      - cells:
        - docs:
          - text: help
          - text: ' '
          - text: active
          - text: $
          - text: ':'
        - doc:
            docs:
            - text: user.help_context_enabled
            - text: (
            - text: )
            - text: '

                '
          function: _inline
        info:
          hpad:
            text: ' '
          hsep:
            text: ' '
          min_col_widths: []
          table_type: command
    - alts:
      - docs:
        - text: help
        - text: ' '
        - text: search
        - text: ' '
        - text: <
        - text: user.text
        - text: '>'
        - text: $
        - text: ':'
        - doc:
            docs:
            - text: '

                '
            - text: user.help_search
            - text: (
            - text: text
            - text: )
            - text: '

                '
          indent: 4
          overlap: false
      - cells:
        - docs:
          - text: help
          - text: ' '
          - text: search
          - text: ' '
          - text: <
          - text: user.text
          - text: '>'
          - text: $
          - text: ':'
        - doc:
            docs:
            - text: user.help_search
            - text: (
            - text: text
            - text: )
            - text: '

                '
          function: _inline
        info:
          hpad:
            text: ' '
          hsep:
            text: ' '
          min_col_widths: []
          table_type: command
    - alts:
      - docs:
        - text: help
        - text: ' '
        - text: context
        - text: ' '
        - text: '{'
        - text: user.help_contexts
        - text: '}'
        - text: $
        - text: ':'
        - doc:
            docs:
            - text: '

                '
            - text: user.help_selected_context
            - text: (
            - text: help_contexts
            - text: )
            - text: '

                '
          indent: 4
          overlap: false
      - cells:
        - docs:
          - text: help
          - text: ' '
          - text: context
          - text: ' '
          - text: '{'
          - text: user.help_contexts
          - text: '}'
          - text: $
          - text: ':'
        - doc:
            docs:
            - text: user.help_selected_context
            - text: (
            - text: help_contexts
            - text: )
            - text: '

                '
          function: _inline
        info:
          hpad:
            text: ' '
          hsep:
            text: ' '
          min_col_widths: []
          table_type: command
    - alts:
      - docs:
        - text: help
        - text: ' '
        - text: help
        - text: ':'
        - doc:
            docs:
            - text: '

                '
            - text: user.help_search
            - text: (
            - doc:
                text: help
              function: _smart_quote
            - text: )
            - text: '

                '
          indent: 4
          overlap: false
      - cells:
        - docs:
          - text: help
          - text: ' '
          - text: help
          - text: ':'
        - doc:
            docs:
            - text: user.help_search
            - text: (
            - doc:
                text: help
              function: _smart_quote
            - text: )
            - text: '

                '
          function: _inline
        info:
          hpad:
            text: ' '
          hsep:
            text: ' '
          min_col_widths: []
          table_type: command
    - alts:
      - docs:
        - text: help
        - text: ' '
        - text: scope
        - text: $
        - text: ':'
        - doc:
            docs:
            - text: '

                '
            - text: user.help_scope_toggle
            - text: (
            - text: )
            - text: '

                '
          indent: 4
          overlap: false
      - cells:
        - docs:
          - text: help
          - text: ' '
          - text: scope
          - text: $
          - text: ':'
        - doc:
            docs:
            - text: user.help_scope_toggle
            - text: (
            - text: )
            - text: '

                '
          function: _inline
        info:
          hpad:
            text: ' '
          hsep:
            text: ' '
          min_col_widths: []
          table_type: command
  max_line_width: 1000
  renderer: smart
  simple_layout: null
output: |
  -
  help alphabet: user.help_list("user.letter")
  help symbols: user.help_list("user.symbol_key")
  help numbers: user.help_list("user.number_key")
  help punctuation: user.help_list("user.punctuation")
  help modifier: user.help_list("user.modifier_key")
  help special keys: user.help_list("user.special_key")
  help function keys: user.help_list("user.function_key")
  help arrows: user.help_list("user.arrow_key")
  (help formatters | help format | format help): user.help_formatters(user.get_formatters_words())
  help context$: user.help_context()
  help active$: user.help_context_enabled()
  help search <user.text>$: user.help_search(text)
  help context {user.help_contexts}$: user.help_selected_context(help_contexts)
  help help: user.help_search("help")
  help scope$: user.help_scope_toggle()
