input:
  doc:
    docs:
    - cells:
      - docs:
        - text: tag
        - text: ':'
      - text: user.snippets_showing
      info:
        hpad:
          text: ' '
        hsep:
          text: ' '
        min_col_widths:
        - 32
        table_type: match
    - text: '-'
    - text: '

        '
    - alts:
      - docs:
        - text: snip
        - text: ' '
        - text: close
        - text: ':'
        - doc:
            docs:
            - text: '

                '
            - text: user.snippet_hide
            - text: (
            - text: )
            - text: '

                '
          indent: 4
          overlap: false
      - cells:
        - docs:
          - text: snip
          - text: ' '
          - text: close
          - text: ':'
        - doc:
            docs:
            - text: user.snippet_hide
            - text: (
            - text: )
            - text: '

                '
          function: _inline
        info:
          hpad:
            text: ' '
          hsep:
            text: ' '
          min_col_widths:
          - 32
          table_type: command
  max_line_width: null
  renderer: simple
  simple_layout: LongestLines
output: |
  tag:                             user.snippets_showing
  -
  snip close:                      user.snippet_hide()
