input:
  doc:
    docs:
    - text: '-'
    - text: '

        '
    - alts:
      - docs:
        - text: window
        - text: ' '
        - text: (
        - text: new
        - text: ' '
        - text: '|'
        - text: ' '
        - text: open
        - text: )
        - text: ':'
        - doc:
            docs:
            - text: '

                '
            - text: app.window_open
            - text: (
            - text: )
            - text: '

                '
          indent: 4
          overlap: false
      - cells:
        - docs:
          - text: window
          - text: ' '
          - text: (
          - text: new
          - text: ' '
          - text: '|'
          - text: ' '
          - text: open
          - text: )
          - text: ':'
        - doc:
            docs:
            - text: app.window_open
            - text: (
            - text: )
            - text: '

                '
          function: _inline
        info:
          hpad:
            text: ' '
          hsep:
            text: ' '
          min_col_widths:
          - 32
          table_type: command
    - alts:
      - docs:
        - text: window
        - text: ' '
        - text: next
        - text: ':'
        - doc:
            docs:
            - text: '

                '
            - text: app.window_next
            - text: (
            - text: )
            - text: '

                '
          indent: 4
          overlap: false
      - cells:
        - docs:
          - text: window
          - text: ' '
          - text: next
          - text: ':'
        - doc:
            docs:
            - text: app.window_next
            - text: (
            - text: )
            - text: '

                '
          function: _inline
        info:
          hpad:
            text: ' '
          hsep:
            text: ' '
          min_col_widths:
          - 32
          table_type: command
    - alts:
      - docs:
        - text: window
        - text: ' '
        - text: last
        - text: ':'
        - doc:
            docs:
            - text: '

                '
            - text: app.window_previous
            - text: (
            - text: )
            - text: '

                '
          indent: 4
          overlap: false
      - cells:
        - docs:
          - text: window
          - text: ' '
          - text: last
          - text: ':'
        - doc:
            docs:
            - text: app.window_previous
            - text: (
            - text: )
            - text: '

                '
          function: _inline
        info:
          hpad:
            text: ' '
          hsep:
            text: ' '
          min_col_widths:
          - 32
          table_type: command
    - alts:
      - docs:
        - text: window
        - text: ' '
        - text: close
        - text: ':'
        - doc:
            docs:
            - text: '

                '
            - text: app.window_close
            - text: (
            - text: )
            - text: '

                '
          indent: 4
          overlap: false
      - cells:
        - docs:
          - text: window
          - text: ' '
          - text: close
          - text: ':'
        - doc:
            docs:
            - text: app.window_close
            - text: (
            - text: )
            - text: '

                '
          function: _inline
        info:
          hpad:
            text: ' '
          hsep:
            text: ' '
          min_col_widths:
          - 32
          table_type: command
    - alts:
      - docs:
        - text: focus
        - text: ' '
        - text: <
        - text: user.running_applications
        - text: '>'
        - text: ':'
        - doc:
            docs:
            - text: '

                '
            - text: user.switcher_focus
            - text: (
            - text: running_applications
            - text: )
            - text: '

                '
          indent: 4
          overlap: false
      - cells:
        - docs:
          - text: focus
          - text: ' '
          - text: <
          - text: user.running_applications
          - text: '>'
          - text: ':'
        - doc:
            docs:
            - text: user.switcher_focus
            - text: (
            - text: running_applications
            - text: )
            - text: '

                '
          function: _inline
        info:
          hpad:
            text: ' '
          hsep:
            text: ' '
          min_col_widths:
          - 32
          table_type: command
    - text: '#'
    - text: ' '
    - text: following
    - text: ' '
    - text: only
    - text: ' '
    - text: works
    - text: ' '
    - text: 'on'
    - text: ' '
    - text: windows.
    - text: ' '
    - text: Can't
    - text: ' '
    - text: figure
    - text: ' '
    - text: out
    - text: ' '
    - text: how
    - text: ' '
    - text: to
    - text: ' '
    - text: make
    - text: ' '
    - text: it
    - text: ' '
    - text: work
    - text: ' '
    - text: for
    - text: ' '
    - text: mac.
    - text: ' '
    - text: 'No'
    - text: ' '
    - text: idea
    - text: ' '
    - text: what
    - text: ' '
    - text: the
    - text: ' '
    - text: equivalent
    - text: ' '
    - text: for
    - text: ' '
    - text: linux
    - text: ' '
    - text: would
    - text: ' '
    - text: be.
    - text: '

        '
    - alts:
      - docs:
        - text: focus
        - text: $
        - text: ':'
        - doc:
            docs:
            - text: '

                '
            - text: user.switcher_menu
            - text: (
            - text: )
            - text: '

                '
          indent: 4
          overlap: false
      - cells:
        - docs:
          - text: focus
          - text: $
          - text: ':'
        - doc:
            docs:
            - text: user.switcher_menu
            - text: (
            - text: )
            - text: '

                '
          function: _inline
        info:
          hpad:
            text: ' '
          hsep:
            text: ' '
          min_col_widths:
          - 32
          table_type: command
    - alts:
      - docs:
        - text: running
        - text: ' '
        - text: list
        - text: ':'
        - doc:
            docs:
            - text: '

                '
            - text: user.switcher_toggle_running
            - text: (
            - text: )
            - text: '

                '
          indent: 4
          overlap: false
      - cells:
        - docs:
          - text: running
          - text: ' '
          - text: list
          - text: ':'
        - doc:
            docs:
            - text: user.switcher_toggle_running
            - text: (
            - text: )
            - text: '

                '
          function: _inline
        info:
          hpad:
            text: ' '
          hsep:
            text: ' '
          min_col_widths:
          - 32
          table_type: command
    - alts:
      - docs:
        - text: running
        - text: ' '
        - text: close
        - text: ':'
        - doc:
            docs:
            - text: '

                '
            - text: user.switcher_hide_running
            - text: (
            - text: )
            - text: '

                '
          indent: 4
          overlap: false
      - cells:
        - docs:
          - text: running
          - text: ' '
          - text: close
          - text: ':'
        - doc:
            docs:
            - text: user.switcher_hide_running
            - text: (
            - text: )
            - text: '

                '
          function: _inline
        info:
          hpad:
            text: ' '
          hsep:
            text: ' '
          min_col_widths:
          - 32
          table_type: command
    - alts:
      - docs:
        - text: launch
        - text: ' '
        - text: <
        - text: user.launch_applications
        - text: '>'
        - text: ':'
        - doc:
            docs:
            - text: '

                '
            - text: user.switcher_launch
            - text: (
            - text: launch_applications
            - text: )
            - text: '

                '
          indent: 4
          overlap: false
      - cells:
        - docs:
          - text: launch
          - text: ' '
          - text: <
          - text: user.launch_applications
          - text: '>'
          - text: ':'
        - doc:
            docs:
            - text: user.switcher_launch
            - text: (
            - text: launch_applications
            - text: )
            - text: '

                '
          function: _inline
        info:
          hpad:
            text: ' '
          hsep:
            text: ' '
          min_col_widths:
          - 32
          table_type: command
    - text: '

        '
    - alts:
      - docs:
        - text: snap
        - text: ' '
        - text: <
        - text: user.window_snap_position
        - text: '>'
        - text: ':'
        - doc:
            docs:
            - text: '

                '
            - text: user.snap_window
            - text: (
            - text: window_snap_position
            - text: )
            - text: '

                '
          indent: 4
          overlap: false
      - cells:
        - docs:
          - text: snap
          - text: ' '
          - text: <
          - text: user.window_snap_position
          - text: '>'
          - text: ':'
        - doc:
            docs:
            - text: user.snap_window
            - text: (
            - text: window_snap_position
            - text: )
            - text: '

                '
          function: _inline
        info:
          hpad:
            text: ' '
          hsep:
            text: ' '
          min_col_widths:
          - 32
          table_type: command
    - alts:
      - docs:
        - text: snap
        - text: ' '
        - text: next
        - text: ' '
        - text: '['
        - text: screen
        - text: ']'
        - text: ':'
        - doc:
            docs:
            - text: '

                '
            - text: user.move_window_next_screen
            - text: (
            - text: )
            - text: '

                '
          indent: 4
          overlap: false
      - cells:
        - docs:
          - text: snap
          - text: ' '
          - text: next
          - text: ' '
          - text: '['
          - text: screen
          - text: ']'
          - text: ':'
        - doc:
            docs:
            - text: user.move_window_next_screen
            - text: (
            - text: )
            - text: '

                '
          function: _inline
        info:
          hpad:
            text: ' '
          hsep:
            text: ' '
          min_col_widths:
          - 32
          table_type: command
    - alts:
      - docs:
        - text: snap
        - text: ' '
        - text: last
        - text: ' '
        - text: '['
        - text: screen
        - text: ']'
        - text: ':'
        - doc:
            docs:
            - text: '

                '
            - text: user.move_window_previous_screen
            - text: (
            - text: )
            - text: '

                '
          indent: 4
          overlap: false
      - cells:
        - docs:
          - text: snap
          - text: ' '
          - text: last
          - text: ' '
          - text: '['
          - text: screen
          - text: ']'
          - text: ':'
        - doc:
            docs:
            - text: user.move_window_previous_screen
            - text: (
            - text: )
            - text: '

                '
          function: _inline
        info:
          hpad:
            text: ' '
          hsep:
            text: ' '
          min_col_widths:
          - 32
          table_type: command
    - alts:
      - docs:
        - text: snap
        - text: ' '
        - text: screen
        - text: ' '
        - text: <
        - text: number
        - text: '>'
        - text: ':'
        - doc:
            docs:
            - text: '

                '
            - text: user.move_window_to_screen
            - text: (
            - text: number
            - text: )
            - text: '

                '
          indent: 4
          overlap: false
      - cells:
        - docs:
          - text: snap
          - text: ' '
          - text: screen
          - text: ' '
          - text: <
          - text: number
          - text: '>'
          - text: ':'
        - doc:
            docs:
            - text: user.move_window_to_screen
            - text: (
            - text: number
            - text: )
            - text: '

                '
          function: _inline
        info:
          hpad:
            text: ' '
          hsep:
            text: ' '
          min_col_widths:
          - 32
          table_type: command
    - alts:
      - docs:
        - text: snap
        - text: ' '
        - text: <
        - text: user.running_applications
        - text: '>'
        - text: ' '
        - text: <
        - text: user.window_snap_position
        - text: '>'
        - text: ':'
        - doc:
            docs:
            - text: '

                '
            - text: user.snap_app
            - text: (
            - text: running_applications
            - text: ','
            - text: ' '
            - text: window_snap_position
            - text: )
            - text: '

                '
          indent: 4
          overlap: false
      - cells:
        - docs:
          - text: snap
          - text: ' '
          - text: <
          - text: user.running_applications
          - text: '>'
          - text: ' '
          - text: <
          - text: user.window_snap_position
          - text: '>'
          - text: ':'
        - doc:
            docs:
            - text: user.snap_app
            - text: (
            - text: running_applications
            - text: ','
            - text: ' '
            - text: window_snap_position
            - text: )
            - text: '

                '
          function: _inline
        info:
          hpad:
            text: ' '
          hsep:
            text: ' '
          min_col_widths:
          - 32
          table_type: command
    - alts:
      - docs:
        - text: snap
        - text: ' '
        - text: <
        - text: user.running_applications
        - text: '>'
        - text: ' '
        - text: '['
        - text: screen
        - text: ']'
        - text: ' '
        - text: <
        - text: number
        - text: '>'
        - text: ':'
        - doc:
            docs:
            - text: '

                '
            - text: user.move_app_to_screen
            - text: (
            - text: running_applications
            - text: ','
            - text: ' '
            - text: number
            - text: )
            - text: '

                '
          indent: 4
          overlap: false
      - cells:
        - docs:
          - text: snap
          - text: ' '
          - text: <
          - text: user.running_applications
          - text: '>'
          - text: ' '
          - text: '['
          - text: screen
          - text: ']'
          - text: ' '
          - text: <
          - text: number
          - text: '>'
          - text: ':'
        - doc:
            docs:
            - text: user.move_app_to_screen
            - text: (
            - text: running_applications
            - text: ','
            - text: ' '
            - text: number
            - text: )
            - text: '

                '
          function: _inline
        info:
          hpad:
            text: ' '
          hsep:
            text: ' '
          min_col_widths:
          - 32
          table_type: command
  max_line_width: null
  renderer: simple
  simple_layout: LongestLines
output: |
  -
  window (new | open):             app.window_open()
  window next:                     app.window_next()
  window last:                     app.window_previous()
  window close:                    app.window_close()
  focus <user.running_applications>: user.switcher_focus(running_applications)
  # following only works on windows. Can't figure out how to make it work for mac. No idea what the equivalent for linux would be.
  focus$:                          user.switcher_menu()
  running list:                    user.switcher_toggle_running()
  running close:                   user.switcher_hide_running()
  launch <user.launch_applications>: user.switcher_launch(launch_applications)

  snap <user.window_snap_position>: user.snap_window(window_snap_position)
  snap next [screen]:              user.move_window_next_screen()
  snap last [screen]:              user.move_window_previous_screen()
  snap screen <number>:            user.move_window_to_screen(number)
  snap <user.running_applications> <user.window_snap_position>: user.snap_app(running_applications, window_snap_position)
  snap <user.running_applications> [screen] <number>: user.move_app_to_screen(running_applications, number)
