input:
  doc:
    docs:
    - text: '-'
    - text: '

        '
    - alts:
      - docs:
        - alts:
          - docs:
            - text: ^
            - text: microphone
            - text: ' '
            - text: show
            - text: $
            - text: ':'
            - doc:
                docs:
                - text: '

                    '
                - text: user.microphone_selection_toggle
                - text: (
                - text: )
                - text: '

                    '
              indent: 4
              overlap: false
          - cells:
            - docs:
              - text: ^
              - text: microphone
              - text: ' '
              - text: show
              - text: $
              - text: ':'
            - doc:
                docs:
                - text: user.microphone_selection_toggle
                - text: (
                - text: )
                - text: '

                    '
              function: _inline
            info:
              hpad:
                text: ' '
              hsep:
                text: ' '
              min_col_widths: []
              table_type: command
        - alts:
          - docs:
            - text: ^
            - text: microphone
            - text: ' '
            - text: close
            - text: $
            - text: ':'
            - doc:
                docs:
                - text: '

                    '
                - text: user.microphone_selection_hide
                - text: (
                - text: )
                - text: '

                    '
              indent: 4
              overlap: false
          - cells:
            - docs:
              - text: ^
              - text: microphone
              - text: ' '
              - text: close
              - text: $
              - text: ':'
            - doc:
                docs:
                - text: user.microphone_selection_hide
                - text: (
                - text: )
                - text: '

                    '
              function: _inline
            info:
              hpad:
                text: ' '
              hsep:
                text: ' '
              min_col_widths: []
              table_type: command
        - alts:
          - docs:
            - text: ^
            - text: microphone
            - text: ' '
            - text: pick
            - text: ' '
            - text: <
            - text: number_small
            - text: '>'
            - text: $
            - text: ':'
            - doc:
                docs:
                - text: '

                    '
                - text: user.microphone_select
                - text: (
                - text: number_small
                - text: )
                - text: '

                    '
              indent: 4
              overlap: false
          - cells:
            - docs:
              - text: ^
              - text: microphone
              - text: ' '
              - text: pick
              - text: ' '
              - text: <
              - text: number_small
              - text: '>'
              - text: $
              - text: ':'
            - doc:
                docs:
                - text: user.microphone_select
                - text: (
                - text: number_small
                - text: )
                - text: '

                    '
              function: _inline
            info:
              hpad:
                text: ' '
              hsep:
                text: ' '
              min_col_widths: []
              table_type: command
      - rows:
        - cells:
          - docs:
            - text: ^
            - text: microphone
            - text: ' '
            - text: show
            - text: $
            - text: ':'
          - doc:
              docs:
              - text: user.microphone_selection_toggle
              - text: (
              - text: )
              - text: '

                  '
            function: _inline
          info:
            hpad:
              text: ' '
            hsep:
              text: ' '
            min_col_widths: []
            table_type: command
        - cells:
          - docs:
            - text: ^
            - text: microphone
            - text: ' '
            - text: close
            - text: $
            - text: ':'
          - doc:
              docs:
              - text: user.microphone_selection_hide
              - text: (
              - text: )
              - text: '

                  '
            function: _inline
          info:
            hpad:
              text: ' '
            hsep:
              text: ' '
            min_col_widths: []
            table_type: command
        - cells:
          - docs:
            - text: ^
            - text: microphone
            - text: ' '
            - text: pick
            - text: ' '
            - text: <
            - text: number_small
            - text: '>'
            - text: $
            - text: ':'
          - doc:
              docs:
              - text: user.microphone_select
              - text: (
              - text: number_small
              - text: )
              - text: '

                  '
            function: _inline
          info:
            hpad:
              text: ' '
            hsep:
              text: ' '
            min_col_widths: []
            table_type: command
  max_line_width: 1000
  renderer: smart
  simple_layout: null
output: |
  -
  ^microphone show$:                user.microphone_selection_toggle()
  ^microphone close$:               user.microphone_selection_hide()
  ^microphone pick <number_small>$: user.microphone_select(number_small)
