input:
  doc:
    docs:
    - cells:
      - docs:
        - text: tag
          type: Text
        - text: ':'
          type: Text
        type: Cat
      - text: user.code_data_null
        type: Text
      info:
        hpad:
          text: ' '
        hsep:
          text: ' '
        min_col_widths: []
        table_type: match
      type: Row
    - text: '-'
      type: Text
    - type: Line
    - alts:
      - docs:
        - alts:
          - docs:
            - text: state
              type: Text
            - type: Space
            - text: (
              type: Text
            - text: 'no'
              type: Text
            - type: Space
            - text: '|'
              type: Text
            - type: Space
            - text: none
              type: Text
            - type: Space
            - text: '|'
              type: Text
            - type: Space
            - text: nil
              type: Text
            - type: Space
            - text: '|'
              type: Text
            - type: Space
            - text: 'null'
              type: Text
            - text: )
              type: Text
            - text: ':'
              type: Text
            - doc:
                docs:
                - type: Line
                - text: user.code_insert_null
                  type: Text
                - text: (
                  type: Text
                - text: )
                  type: Text
                - type: Line
                type: Cat
              indent: 4
              overlap: false
              type: Nest
            type: Cat
          - cells:
            - docs:
              - text: state
                type: Text
              - type: Space
              - text: (
                type: Text
              - text: 'no'
                type: Text
              - type: Space
              - text: '|'
                type: Text
              - type: Space
              - text: none
                type: Text
              - type: Space
              - text: '|'
                type: Text
              - type: Space
              - text: nil
                type: Text
              - type: Space
              - text: '|'
                type: Text
              - type: Space
              - text: 'null'
                type: Text
              - text: )
                type: Text
              - text: ':'
                type: Text
              type: Cat
            - doc:
                docs:
                - text: user.code_insert_null
                  type: Text
                - text: (
                  type: Text
                - text: )
                  type: Text
                - type: Line
                type: Cat
              function: _inline
              type: Edit
            info:
              hpad:
                text: ' '
              hsep:
                text: ' '
              min_col_widths: []
              table_type: command
            type: Row
          type: Alt
        - alts:
          - docs:
            - text: is
              type: Text
            - type: Space
            - text: not
              type: Text
            - type: Space
            - text: (
              type: Text
            - text: none
              type: Text
            - type: Space
            - text: '|'
              type: Text
            - type: Space
            - text: 'null'
              type: Text
            - text: )
              type: Text
            - text: ':'
              type: Text
            - doc:
                docs:
                - type: Line
                - text: user.code_insert_is_not_null
                  type: Text
                - text: (
                  type: Text
                - text: )
                  type: Text
                - type: Line
                type: Cat
              indent: 4
              overlap: false
              type: Nest
            type: Cat
          - cells:
            - docs:
              - text: is
                type: Text
              - type: Space
              - text: not
                type: Text
              - type: Space
              - text: (
                type: Text
              - text: none
                type: Text
              - type: Space
              - text: '|'
                type: Text
              - type: Space
              - text: 'null'
                type: Text
              - text: )
                type: Text
              - text: ':'
                type: Text
              type: Cat
            - doc:
                docs:
                - text: user.code_insert_is_not_null
                  type: Text
                - text: (
                  type: Text
                - text: )
                  type: Text
                - type: Line
                type: Cat
              function: _inline
              type: Edit
            info:
              hpad:
                text: ' '
              hsep:
                text: ' '
              min_col_widths: []
              table_type: command
            type: Row
          type: Alt
        - alts:
          - docs:
            - text: is
              type: Text
            - type: Space
            - text: (
              type: Text
            - text: none
              type: Text
            - type: Space
            - text: '|'
              type: Text
            - type: Space
            - text: 'null'
              type: Text
            - text: )
              type: Text
            - text: ':'
              type: Text
            - doc:
                docs:
                - type: Line
                - text: user.code_insert_is_null
                  type: Text
                - text: (
                  type: Text
                - text: )
                  type: Text
                - type: Line
                type: Cat
              indent: 4
              overlap: false
              type: Nest
            type: Cat
          - cells:
            - docs:
              - text: is
                type: Text
              - type: Space
              - text: (
                type: Text
              - text: none
                type: Text
              - type: Space
              - text: '|'
                type: Text
              - type: Space
              - text: 'null'
                type: Text
              - text: )
                type: Text
              - text: ':'
                type: Text
              type: Cat
            - doc:
                docs:
                - text: user.code_insert_is_null
                  type: Text
                - text: (
                  type: Text
                - text: )
                  type: Text
                - type: Line
                type: Cat
              function: _inline
              type: Edit
            info:
              hpad:
                text: ' '
              hsep:
                text: ' '
              min_col_widths: []
              table_type: command
            type: Row
          type: Alt
        type: Cat
      - rows:
        - cells:
          - docs:
            - text: state
              type: Text
            - type: Space
            - text: (
              type: Text
            - text: 'no'
              type: Text
            - type: Space
            - text: '|'
              type: Text
            - type: Space
            - text: none
              type: Text
            - type: Space
            - text: '|'
              type: Text
            - type: Space
            - text: nil
              type: Text
            - type: Space
            - text: '|'
              type: Text
            - type: Space
            - text: 'null'
              type: Text
            - text: )
              type: Text
            - text: ':'
              type: Text
            type: Cat
          - doc:
              docs:
              - text: user.code_insert_null
                type: Text
              - text: (
                type: Text
              - text: )
                type: Text
              - type: Line
              type: Cat
            function: _inline
            type: Edit
          info:
            hpad:
              text: ' '
            hsep:
              text: ' '
            min_col_widths: []
            table_type: command
          type: Row
        - cells:
          - docs:
            - text: is
              type: Text
            - type: Space
            - text: not
              type: Text
            - type: Space
            - text: (
              type: Text
            - text: none
              type: Text
            - type: Space
            - text: '|'
              type: Text
            - type: Space
            - text: 'null'
              type: Text
            - text: )
              type: Text
            - text: ':'
              type: Text
            type: Cat
          - doc:
              docs:
              - text: user.code_insert_is_not_null
                type: Text
              - text: (
                type: Text
              - text: )
                type: Text
              - type: Line
              type: Cat
            function: _inline
            type: Edit
          info:
            hpad:
              text: ' '
            hsep:
              text: ' '
            min_col_widths: []
            table_type: command
          type: Row
        - cells:
          - docs:
            - text: is
              type: Text
            - type: Space
            - text: (
              type: Text
            - text: none
              type: Text
            - type: Space
            - text: '|'
              type: Text
            - type: Space
            - text: 'null'
              type: Text
            - text: )
              type: Text
            - text: ':'
              type: Text
            type: Cat
          - doc:
              docs:
              - text: user.code_insert_is_null
                type: Text
              - text: (
                type: Text
              - text: )
                type: Text
              - type: Line
              type: Cat
            function: _inline
            type: Edit
          info:
            hpad:
              text: ' '
            hsep:
              text: ' '
            min_col_widths: []
            table_type: command
          type: Row
        type: Table
      type: Alt
    type: Cat
  max_line_width: 1000
  renderer: smart
  simple_layout: null
output: 'tag: user.code_data_null

  -

  state (no | none | nil | null): user.code_insert_null()

  is not (none | null):           user.code_insert_is_not_null()

  is (none | null):               user.code_insert_is_null()

  '
