input:
  doc:
    docs:
    - cells:
      - docs:
        - text: tag
          type: Text
        - text: ':'
          type: Text
        type: Cat
      - text: terminal
        type: Text
      info:
        hpad:
          text: ' '
        hsep:
          text: ' '
        min_col_widths: []
        table_type: match
      type: Row
    - text: '-'
      type: Text
    - type: Line
    - text: '#'
      type: Text
    - type: Space
    - text: tags
      type: Text
    - type: Space
    - text: should
      type: Text
    - type: Space
    - text: be
      type: Text
    - type: Space
    - text: activated
      type: Text
    - type: Space
    - text: for
      type: Text
    - type: Space
    - text: each
      type: Text
    - type: Space
    - text: specific
      type: Text
    - type: Space
    - text: terminal
      type: Text
    - type: Space
    - text: in
      type: Text
    - type: Space
    - text: the
      type: Text
    - type: Space
    - text: respective
      type: Text
    - type: Space
    - text: talon
      type: Text
    - type: Space
    - text: file
      type: Text
    - type: Line
    - alts:
      - docs:
        - alts:
          - docs:
            - text: lisa
              type: Text
            - text: ':'
              type: Text
            - doc:
                docs:
                - type: Line
                - text: user.terminal_list_directories
                  type: Text
                - text: (
                  type: Text
                - text: )
                  type: Text
                - type: Line
                type: Cat
              indent: 4
              overlap: false
              type: Nest
            type: Cat
          - cells:
            - docs:
              - text: lisa
                type: Text
              - text: ':'
                type: Text
              type: Cat
            - doc:
                docs:
                - text: user.terminal_list_directories
                  type: Text
                - text: (
                  type: Text
                - text: )
                  type: Text
                - type: Line
                type: Cat
              function: _inline
              type: Edit
            info:
              hpad:
                text: ' '
              hsep:
                text: ' '
              min_col_widths: []
              table_type: command
            type: Row
          type: Alt
        - alts:
          - docs:
            - text: lisa
              type: Text
            - type: Space
            - text: all
              type: Text
            - text: ':'
              type: Text
            - doc:
                docs:
                - type: Line
                - text: user.terminal_list_all_directories
                  type: Text
                - text: (
                  type: Text
                - text: )
                  type: Text
                - type: Line
                type: Cat
              indent: 4
              overlap: false
              type: Nest
            type: Cat
          - cells:
            - docs:
              - text: lisa
                type: Text
              - type: Space
              - text: all
                type: Text
              - text: ':'
                type: Text
              type: Cat
            - doc:
                docs:
                - text: user.terminal_list_all_directories
                  type: Text
                - text: (
                  type: Text
                - text: )
                  type: Text
                - type: Line
                type: Cat
              function: _inline
              type: Edit
            info:
              hpad:
                text: ' '
              hsep:
                text: ' '
              min_col_widths: []
              table_type: command
            type: Row
          type: Alt
        - alts:
          - docs:
            - text: katie
              type: Text
            - type: Space
            - text: '['
              type: Text
            - text: <
              type: Text
            - text: user.text
              type: Text
            - text: '>'
              type: Text
            - text: ']'
              type: Text
            - text: ':'
              type: Text
            - doc:
                docs:
                - type: Line
                - text: user.terminal_change_directory
                  type: Text
                - text: (
                  type: Text
                - text: text
                  type: Text
                - type: Space
                - text: or
                  type: Text
                - type: Space
                - doc:
                    type: Empty
                  function: _smart_quote
                  type: Edit
                - text: )
                  type: Text
                - type: Line
                type: Cat
              indent: 4
              overlap: false
              type: Nest
            type: Cat
          - cells:
            - docs:
              - text: katie
                type: Text
              - type: Space
              - text: '['
                type: Text
              - text: <
                type: Text
              - text: user.text
                type: Text
              - text: '>'
                type: Text
              - text: ']'
                type: Text
              - text: ':'
                type: Text
              type: Cat
            - doc:
                docs:
                - text: user.terminal_change_directory
                  type: Text
                - text: (
                  type: Text
                - text: text
                  type: Text
                - type: Space
                - text: or
                  type: Text
                - type: Space
                - doc:
                    type: Empty
                  function: _smart_quote
                  type: Edit
                - text: )
                  type: Text
                - type: Line
                type: Cat
              function: _inline
              type: Edit
            info:
              hpad:
                text: ' '
              hsep:
                text: ' '
              min_col_widths: []
              table_type: command
            type: Row
          type: Alt
        - alts:
          - docs:
            - text: katie
              type: Text
            - type: Space
            - text: root
              type: Text
            - text: ':'
              type: Text
            - doc:
                docs:
                - type: Line
                - text: user.terminal_change_directory_root
                  type: Text
                - text: (
                  type: Text
                - text: )
                  type: Text
                - type: Line
                type: Cat
              indent: 4
              overlap: false
              type: Nest
            type: Cat
          - cells:
            - docs:
              - text: katie
                type: Text
              - type: Space
              - text: root
                type: Text
              - text: ':'
                type: Text
              type: Cat
            - doc:
                docs:
                - text: user.terminal_change_directory_root
                  type: Text
                - text: (
                  type: Text
                - text: )
                  type: Text
                - type: Line
                type: Cat
              function: _inline
              type: Edit
            info:
              hpad:
                text: ' '
              hsep:
                text: ' '
              min_col_widths: []
              table_type: command
            type: Row
          type: Alt
        - alts:
          - docs:
            - text: go
              type: Text
            - type: Space
            - text: <
              type: Text
            - text: user.system_path
              type: Text
            - text: '>'
              type: Text
            - text: ':'
              type: Text
            - doc:
                docs:
                - type: Line
                - text: insert
                  type: Text
                - text: (
                  type: Text
                - doc:
                    docs:
                    - text: cd
                      type: Text
                    - type: Space
                    - text: \"
                      type: Text
                    - text: '{'
                      type: Text
                    - text: system_path
                      type: Text
                    - text: '}'
                      type: Text
                    - text: \"
                      type: Text
                    - text: \n
                      type: Text
                    type: Cat
                  function: _smart_quote
                  type: Edit
                - text: )
                  type: Text
                - type: Line
                type: Cat
              indent: 4
              overlap: false
              type: Nest
            type: Cat
          - cells:
            - docs:
              - text: go
                type: Text
              - type: Space
              - text: <
                type: Text
              - text: user.system_path
                type: Text
              - text: '>'
                type: Text
              - text: ':'
                type: Text
              type: Cat
            - doc:
                docs:
                - text: insert
                  type: Text
                - text: (
                  type: Text
                - doc:
                    docs:
                    - text: cd
                      type: Text
                    - type: Space
                    - text: \"
                      type: Text
                    - text: '{'
                      type: Text
                    - text: system_path
                      type: Text
                    - text: '}'
                      type: Text
                    - text: \"
                      type: Text
                    - text: \n
                      type: Text
                    type: Cat
                  function: _smart_quote
                  type: Edit
                - text: )
                  type: Text
                - type: Line
                type: Cat
              function: _inline
              type: Edit
            info:
              hpad:
                text: ' '
              hsep:
                text: ' '
              min_col_widths: []
              table_type: command
            type: Row
          type: Alt
        - alts:
          - docs:
            - text: clear
              type: Text
            - type: Space
            - text: screen
              type: Text
            - text: ':'
              type: Text
            - doc:
                docs:
                - type: Line
                - text: user.terminal_clear_screen
                  type: Text
                - text: (
                  type: Text
                - text: )
                  type: Text
                - type: Line
                type: Cat
              indent: 4
              overlap: false
              type: Nest
            type: Cat
          - cells:
            - docs:
              - text: clear
                type: Text
              - type: Space
              - text: screen
                type: Text
              - text: ':'
                type: Text
              type: Cat
            - doc:
                docs:
                - text: user.terminal_clear_screen
                  type: Text
                - text: (
                  type: Text
                - text: )
                  type: Text
                - type: Line
                type: Cat
              function: _inline
              type: Edit
            info:
              hpad:
                text: ' '
              hsep:
                text: ' '
              min_col_widths: []
              table_type: command
            type: Row
          type: Alt
        - alts:
          - docs:
            - text: run
              type: Text
            - type: Space
            - text: last
              type: Text
            - text: ':'
              type: Text
            - doc:
                docs:
                - type: Line
                - text: user.terminal_run_last
                  type: Text
                - text: (
                  type: Text
                - text: )
                  type: Text
                - type: Line
                type: Cat
              indent: 4
              overlap: false
              type: Nest
            type: Cat
          - cells:
            - docs:
              - text: run
                type: Text
              - type: Space
              - text: last
                type: Text
              - text: ':'
                type: Text
              type: Cat
            - doc:
                docs:
                - text: user.terminal_run_last
                  type: Text
                - text: (
                  type: Text
                - text: )
                  type: Text
                - type: Line
                type: Cat
              function: _inline
              type: Edit
            info:
              hpad:
                text: ' '
              hsep:
                text: ' '
              min_col_widths: []
              table_type: command
            type: Row
          type: Alt
        - alts:
          - docs:
            - text: rerun
              type: Text
            - type: Space
            - text: '['
              type: Text
            - text: <
              type: Text
            - text: user.text
              type: Text
            - text: '>'
              type: Text
            - text: ']'
              type: Text
            - text: ':'
              type: Text
            - doc:
                docs:
                - type: Line
                - text: user.terminal_rerun_search
                  type: Text
                - text: (
                  type: Text
                - text: text
                  type: Text
                - type: Space
                - text: or
                  type: Text
                - type: Space
                - doc:
                    type: Empty
                  function: _smart_quote
                  type: Edit
                - text: )
                  type: Text
                - type: Line
                type: Cat
              indent: 4
              overlap: false
              type: Nest
            type: Cat
          - cells:
            - docs:
              - text: rerun
                type: Text
              - type: Space
              - text: '['
                type: Text
              - text: <
                type: Text
              - text: user.text
                type: Text
              - text: '>'
                type: Text
              - text: ']'
                type: Text
              - text: ':'
                type: Text
              type: Cat
            - doc:
                docs:
                - text: user.terminal_rerun_search
                  type: Text
                - text: (
                  type: Text
                - text: text
                  type: Text
                - type: Space
                - text: or
                  type: Text
                - type: Space
                - doc:
                    type: Empty
                  function: _smart_quote
                  type: Edit
                - text: )
                  type: Text
                - type: Line
                type: Cat
              function: _inline
              type: Edit
            info:
              hpad:
                text: ' '
              hsep:
                text: ' '
              min_col_widths: []
              table_type: command
            type: Row
          type: Alt
        - alts:
          - docs:
            - text: rerun
              type: Text
            - type: Space
            - text: search
              type: Text
            - text: ':'
              type: Text
            - doc:
                docs:
                - type: Line
                - text: user.terminal_rerun_search
                  type: Text
                - text: (
                  type: Text
                - doc:
                    type: Empty
                  function: _smart_quote
                  type: Edit
                - text: )
                  type: Text
                - type: Line
                type: Cat
              indent: 4
              overlap: false
              type: Nest
            type: Cat
          - cells:
            - docs:
              - text: rerun
                type: Text
              - type: Space
              - text: search
                type: Text
              - text: ':'
                type: Text
              type: Cat
            - doc:
                docs:
                - text: user.terminal_rerun_search
                  type: Text
                - text: (
                  type: Text
                - doc:
                    type: Empty
                  function: _smart_quote
                  type: Edit
                - text: )
                  type: Text
                - type: Line
                type: Cat
              function: _inline
              type: Edit
            info:
              hpad:
                text: ' '
              hsep:
                text: ' '
              min_col_widths: []
              table_type: command
            type: Row
          type: Alt
        - alts:
          - docs:
            - text: kill
              type: Text
            - type: Space
            - text: all
              type: Text
            - text: ':'
              type: Text
            - doc:
                docs:
                - type: Line
                - text: user.terminal_kill_all
                  type: Text
                - text: (
                  type: Text
                - text: )
                  type: Text
                - type: Line
                type: Cat
              indent: 4
              overlap: false
              type: Nest
            type: Cat
          - cells:
            - docs:
              - text: kill
                type: Text
              - type: Space
              - text: all
                type: Text
              - text: ':'
                type: Text
              type: Cat
            - doc:
                docs:
                - text: user.terminal_kill_all
                  type: Text
                - text: (
                  type: Text
                - text: )
                  type: Text
                - type: Line
                type: Cat
              function: _inline
              type: Edit
            info:
              hpad:
                text: ' '
              hsep:
                text: ' '
              min_col_widths: []
              table_type: command
            type: Row
          type: Alt
        type: Cat
      - rows:
        - cells:
          - docs:
            - text: lisa
              type: Text
            - text: ':'
              type: Text
            type: Cat
          - doc:
              docs:
              - text: user.terminal_list_directories
                type: Text
              - text: (
                type: Text
              - text: )
                type: Text
              - type: Line
              type: Cat
            function: _inline
            type: Edit
          info:
            hpad:
              text: ' '
            hsep:
              text: ' '
            min_col_widths: []
            table_type: command
          type: Row
        - cells:
          - docs:
            - text: lisa
              type: Text
            - type: Space
            - text: all
              type: Text
            - text: ':'
              type: Text
            type: Cat
          - doc:
              docs:
              - text: user.terminal_list_all_directories
                type: Text
              - text: (
                type: Text
              - text: )
                type: Text
              - type: Line
              type: Cat
            function: _inline
            type: Edit
          info:
            hpad:
              text: ' '
            hsep:
              text: ' '
            min_col_widths: []
            table_type: command
          type: Row
        - cells:
          - docs:
            - text: katie
              type: Text
            - type: Space
            - text: '['
              type: Text
            - text: <
              type: Text
            - text: user.text
              type: Text
            - text: '>'
              type: Text
            - text: ']'
              type: Text
            - text: ':'
              type: Text
            type: Cat
          - doc:
              docs:
              - text: user.terminal_change_directory
                type: Text
              - text: (
                type: Text
              - text: text
                type: Text
              - type: Space
              - text: or
                type: Text
              - type: Space
              - doc:
                  type: Empty
                function: _smart_quote
                type: Edit
              - text: )
                type: Text
              - type: Line
              type: Cat
            function: _inline
            type: Edit
          info:
            hpad:
              text: ' '
            hsep:
              text: ' '
            min_col_widths: []
            table_type: command
          type: Row
        - cells:
          - docs:
            - text: katie
              type: Text
            - type: Space
            - text: root
              type: Text
            - text: ':'
              type: Text
            type: Cat
          - doc:
              docs:
              - text: user.terminal_change_directory_root
                type: Text
              - text: (
                type: Text
              - text: )
                type: Text
              - type: Line
              type: Cat
            function: _inline
            type: Edit
          info:
            hpad:
              text: ' '
            hsep:
              text: ' '
            min_col_widths: []
            table_type: command
          type: Row
        - cells:
          - docs:
            - text: go
              type: Text
            - type: Space
            - text: <
              type: Text
            - text: user.system_path
              type: Text
            - text: '>'
              type: Text
            - text: ':'
              type: Text
            type: Cat
          - doc:
              docs:
              - text: insert
                type: Text
              - text: (
                type: Text
              - doc:
                  docs:
                  - text: cd
                    type: Text
                  - type: Space
                  - text: \"
                    type: Text
                  - text: '{'
                    type: Text
                  - text: system_path
                    type: Text
                  - text: '}'
                    type: Text
                  - text: \"
                    type: Text
                  - text: \n
                    type: Text
                  type: Cat
                function: _smart_quote
                type: Edit
              - text: )
                type: Text
              - type: Line
              type: Cat
            function: _inline
            type: Edit
          info:
            hpad:
              text: ' '
            hsep:
              text: ' '
            min_col_widths: []
            table_type: command
          type: Row
        - cells:
          - docs:
            - text: clear
              type: Text
            - type: Space
            - text: screen
              type: Text
            - text: ':'
              type: Text
            type: Cat
          - doc:
              docs:
              - text: user.terminal_clear_screen
                type: Text
              - text: (
                type: Text
              - text: )
                type: Text
              - type: Line
              type: Cat
            function: _inline
            type: Edit
          info:
            hpad:
              text: ' '
            hsep:
              text: ' '
            min_col_widths: []
            table_type: command
          type: Row
        - cells:
          - docs:
            - text: run
              type: Text
            - type: Space
            - text: last
              type: Text
            - text: ':'
              type: Text
            type: Cat
          - doc:
              docs:
              - text: user.terminal_run_last
                type: Text
              - text: (
                type: Text
              - text: )
                type: Text
              - type: Line
              type: Cat
            function: _inline
            type: Edit
          info:
            hpad:
              text: ' '
            hsep:
              text: ' '
            min_col_widths: []
            table_type: command
          type: Row
        - cells:
          - docs:
            - text: rerun
              type: Text
            - type: Space
            - text: '['
              type: Text
            - text: <
              type: Text
            - text: user.text
              type: Text
            - text: '>'
              type: Text
            - text: ']'
              type: Text
            - text: ':'
              type: Text
            type: Cat
          - doc:
              docs:
              - text: user.terminal_rerun_search
                type: Text
              - text: (
                type: Text
              - text: text
                type: Text
              - type: Space
              - text: or
                type: Text
              - type: Space
              - doc:
                  type: Empty
                function: _smart_quote
                type: Edit
              - text: )
                type: Text
              - type: Line
              type: Cat
            function: _inline
            type: Edit
          info:
            hpad:
              text: ' '
            hsep:
              text: ' '
            min_col_widths: []
            table_type: command
          type: Row
        - cells:
          - docs:
            - text: rerun
              type: Text
            - type: Space
            - text: search
              type: Text
            - text: ':'
              type: Text
            type: Cat
          - doc:
              docs:
              - text: user.terminal_rerun_search
                type: Text
              - text: (
                type: Text
              - doc:
                  type: Empty
                function: _smart_quote
                type: Edit
              - text: )
                type: Text
              - type: Line
              type: Cat
            function: _inline
            type: Edit
          info:
            hpad:
              text: ' '
            hsep:
              text: ' '
            min_col_widths: []
            table_type: command
          type: Row
        - cells:
          - docs:
            - text: kill
              type: Text
            - type: Space
            - text: all
              type: Text
            - text: ':'
              type: Text
            type: Cat
          - doc:
              docs:
              - text: user.terminal_kill_all
                type: Text
              - text: (
                type: Text
              - text: )
                type: Text
              - type: Line
              type: Cat
            function: _inline
            type: Edit
          info:
            hpad:
              text: ' '
            hsep:
              text: ' '
            min_col_widths: []
            table_type: command
          type: Row
        type: Table
      type: Alt
    - type: Line
    - text: copy
      type: Text
    - type: Space
    - text: paste
      type: Text
    - text: ':'
      type: Text
    - doc:
        docs:
        - type: Line
        - text: edit.copy
          type: Text
        - text: (
          type: Text
        - text: )
          type: Text
        - type: Line
        - text: sleep
          type: Text
        - text: (
          type: Text
        - text: 50ms
          type: Text
        - text: )
          type: Text
        - type: Line
        - text: edit.paste
          type: Text
        - text: (
          type: Text
        - text: )
          type: Text
        - type: Line
        type: Cat
      indent: 4
      overlap: false
      type: Nest
    type: Cat
  max_line_width: 1000
  renderer: smart
  simple_layout: null
output: "tag: terminal\n-\n# tags should be activated for each specific terminal in\
  \ the respective talon file\nlisa:                  user.terminal_list_directories()\n\
  lisa all:              user.terminal_list_all_directories()\nkatie [<user.text>]:\
  \   user.terminal_change_directory(text or \"\")\nkatie root:            user.terminal_change_directory_root()\n\
  go <user.system_path>: insert('cd \"{system_path}\"\\n')\nclear screen:        \
  \  user.terminal_clear_screen()\nrun last:              user.terminal_run_last()\n\
  rerun [<user.text>]:   user.terminal_rerun_search(text or \"\")\nrerun search: \
  \         user.terminal_rerun_search(\"\")\nkill all:              user.terminal_kill_all()\n\
  \ncopy paste:\n    edit.copy()\n    sleep(50ms)\n    edit.paste()\n"
