input:
  doc:
    docs:
    - cells:
      - docs:
        - text: tag
          type: Text
        - text: ':'
          type: Text
        type: Cat
      - text: user.file_manager
        type: Text
      info:
        hpad:
          text: ' '
        hsep:
          text: ' '
        min_col_widths: []
        table_type: match
      type: Row
    - text: '-'
      type: Text
    - type: Line
    - alts:
      - docs:
        - text: title
          type: Text
        - type: Space
        - text: force
          type: Text
        - text: ':'
          type: Text
        - doc:
            docs:
            - type: Line
            - text: user.file_manager_refresh_title
              type: Text
            - text: (
              type: Text
            - text: )
              type: Text
            - type: Line
            type: Cat
          indent: 4
          overlap: false
          type: Nest
        type: Cat
      - cells:
        - docs:
          - text: title
            type: Text
          - type: Space
          - text: force
            type: Text
          - text: ':'
            type: Text
          type: Cat
        - doc:
            docs:
            - text: user.file_manager_refresh_title
              type: Text
            - text: (
              type: Text
            - text: )
              type: Text
            - type: Line
            type: Cat
          function: _inline
          type: Edit
        info:
          hpad:
            text: ' '
          hsep:
            text: ' '
          min_col_widths: []
          table_type: command
        type: Row
      type: Alt
    - alts:
      - docs:
        - text: manager
          type: Text
        - type: Space
        - text: show
          type: Text
        - text: ':'
          type: Text
        - doc:
            docs:
            - type: Line
            - text: user.file_manager_toggle_pickers
              type: Text
            - text: (
              type: Text
            - text: )
              type: Text
            - type: Line
            type: Cat
          indent: 4
          overlap: false
          type: Nest
        type: Cat
      - cells:
        - docs:
          - text: manager
            type: Text
          - type: Space
          - text: show
            type: Text
          - text: ':'
            type: Text
          type: Cat
        - doc:
            docs:
            - text: user.file_manager_toggle_pickers
              type: Text
            - text: (
              type: Text
            - text: )
              type: Text
            - type: Line
            type: Cat
          function: _inline
          type: Edit
        info:
          hpad:
            text: ' '
          hsep:
            text: ' '
          min_col_widths: []
          table_type: command
        type: Row
      type: Alt
    - alts:
      - docs:
        - text: manager
          type: Text
        - type: Space
        - text: close
          type: Text
        - text: ':'
          type: Text
        - doc:
            docs:
            - type: Line
            - text: user.file_manager_hide_pickers
              type: Text
            - text: (
              type: Text
            - text: )
              type: Text
            - type: Line
            type: Cat
          indent: 4
          overlap: false
          type: Nest
        type: Cat
      - cells:
        - docs:
          - text: manager
            type: Text
          - type: Space
          - text: close
            type: Text
          - text: ':'
            type: Text
          type: Cat
        - doc:
            docs:
            - text: user.file_manager_hide_pickers
              type: Text
            - text: (
              type: Text
            - text: )
              type: Text
            - type: Line
            type: Cat
          function: _inline
          type: Edit
        info:
          hpad:
            text: ' '
          hsep:
            text: ' '
          min_col_widths: []
          table_type: command
        type: Row
      type: Alt
    - alts:
      - docs:
        - text: manager
          type: Text
        - type: Space
        - text: refresh
          type: Text
        - text: ':'
          type: Text
        - doc:
            docs:
            - type: Line
            - text: user.file_manager_update_lists
              type: Text
            - text: (
              type: Text
            - text: )
              type: Text
            - type: Line
            type: Cat
          indent: 4
          overlap: false
          type: Nest
        type: Cat
      - cells:
        - docs:
          - text: manager
            type: Text
          - type: Space
          - text: refresh
            type: Text
          - text: ':'
            type: Text
          type: Cat
        - doc:
            docs:
            - text: user.file_manager_update_lists
              type: Text
            - text: (
              type: Text
            - text: )
              type: Text
            - type: Line
            type: Cat
          function: _inline
          type: Edit
        info:
          hpad:
            text: ' '
          hsep:
            text: ' '
          min_col_widths: []
          table_type: command
        type: Row
      type: Alt
    - alts:
      - docs:
        - text: go
          type: Text
        - type: Space
        - text: <
          type: Text
        - text: user.system_path
          type: Text
        - text: '>'
          type: Text
        - text: ':'
          type: Text
        - doc:
            docs:
            - type: Line
            - text: user.file_manager_open_directory
              type: Text
            - text: (
              type: Text
            - text: system_path
              type: Text
            - text: )
              type: Text
            - type: Line
            type: Cat
          indent: 4
          overlap: false
          type: Nest
        type: Cat
      - cells:
        - docs:
          - text: go
            type: Text
          - type: Space
          - text: <
            type: Text
          - text: user.system_path
            type: Text
          - text: '>'
            type: Text
          - text: ':'
            type: Text
          type: Cat
        - doc:
            docs:
            - text: user.file_manager_open_directory
              type: Text
            - text: (
              type: Text
            - text: system_path
              type: Text
            - text: )
              type: Text
            - type: Line
            type: Cat
          function: _inline
          type: Edit
        info:
          hpad:
            text: ' '
          hsep:
            text: ' '
          min_col_widths: []
          table_type: command
        type: Row
      type: Alt
    - alts:
      - docs:
        - text: go
          type: Text
        - type: Space
        - text: back
          type: Text
        - text: ':'
          type: Text
        - doc:
            docs:
            - type: Line
            - text: user.file_manager_go_back
              type: Text
            - text: (
              type: Text
            - text: )
              type: Text
            - type: Line
            type: Cat
          indent: 4
          overlap: false
          type: Nest
        type: Cat
      - cells:
        - docs:
          - text: go
            type: Text
          - type: Space
          - text: back
            type: Text
          - text: ':'
            type: Text
          type: Cat
        - doc:
            docs:
            - text: user.file_manager_go_back
              type: Text
            - text: (
              type: Text
            - text: )
              type: Text
            - type: Line
            type: Cat
          function: _inline
          type: Edit
        info:
          hpad:
            text: ' '
          hsep:
            text: ' '
          min_col_widths: []
          table_type: command
        type: Row
      type: Alt
    - alts:
      - docs:
        - text: go
          type: Text
        - type: Space
        - text: forward
          type: Text
        - text: ':'
          type: Text
        - doc:
            docs:
            - type: Line
            - text: user.file_manager_go_forward
              type: Text
            - text: (
              type: Text
            - text: )
              type: Text
            - type: Line
            type: Cat
          indent: 4
          overlap: false
          type: Nest
        type: Cat
      - cells:
        - docs:
          - text: go
            type: Text
          - type: Space
          - text: forward
            type: Text
          - text: ':'
            type: Text
          type: Cat
        - doc:
            docs:
            - text: user.file_manager_go_forward
              type: Text
            - text: (
              type: Text
            - text: )
              type: Text
            - type: Line
            type: Cat
          function: _inline
          type: Edit
        info:
          hpad:
            text: ' '
          hsep:
            text: ' '
          min_col_widths: []
          table_type: command
        type: Row
      type: Alt
    - alts:
      - docs:
        - text: (
          type: Text
        - text: go
          type: Text
        - type: Space
        - text: parent
          type: Text
        - type: Space
        - text: '|'
          type: Text
        - type: Space
        - text: daddy
          type: Text
        - text: )
          type: Text
        - text: ':'
          type: Text
        - doc:
            docs:
            - type: Line
            - text: user.file_manager_open_parent
              type: Text
            - text: (
              type: Text
            - text: )
              type: Text
            - type: Line
            type: Cat
          indent: 4
          overlap: false
          type: Nest
        type: Cat
      - cells:
        - docs:
          - text: (
            type: Text
          - text: go
            type: Text
          - type: Space
          - text: parent
            type: Text
          - type: Space
          - text: '|'
            type: Text
          - type: Space
          - text: daddy
            type: Text
          - text: )
            type: Text
          - text: ':'
            type: Text
          type: Cat
        - doc:
            docs:
            - text: user.file_manager_open_parent
              type: Text
            - text: (
              type: Text
            - text: )
              type: Text
            - type: Line
            type: Cat
          function: _inline
          type: Edit
        info:
          hpad:
            text: ' '
          hsep:
            text: ' '
          min_col_widths: []
          table_type: command
        type: Row
      type: Alt
    - text: ^
      type: Text
    - text: follow
      type: Text
    - type: Space
    - text: numb
      type: Text
    - type: Space
    - text: <
      type: Text
    - text: number_small
      type: Text
    - text: '>'
      type: Text
    - text: $
      type: Text
    - text: ':'
      type: Text
    - doc:
        docs:
        - type: Line
        - text: directory
          type: Text
        - type: Space
        - text: '='
          type: Text
        - type: Space
        - text: user.file_manager_get_directory_by_index
          type: Text
        - text: (
          type: Text
        - text: number_small
          type: Text
        - type: Space
        - text: '-'
          type: Text
        - type: Space
        - text: '1'
          type: Text
        - text: )
          type: Text
        - type: Line
        - text: user.file_manager_open_directory
          type: Text
        - text: (
          type: Text
        - text: directory
          type: Text
        - text: )
          type: Text
        - type: Line
        type: Cat
      indent: 4
      overlap: false
      type: Nest
    - alts:
      - docs:
        - text: ^
          type: Text
        - text: follow
          type: Text
        - type: Space
        - text: '{'
          type: Text
        - text: user.file_manager_directories
          type: Text
        - text: '}'
          type: Text
        - text: $
          type: Text
        - text: ':'
          type: Text
        - doc:
            docs:
            - type: Line
            - text: user.file_manager_open_directory
              type: Text
            - text: (
              type: Text
            - text: file_manager_directories
              type: Text
            - text: )
              type: Text
            - type: Line
            type: Cat
          indent: 4
          overlap: false
          type: Nest
        type: Cat
      - cells:
        - docs:
          - text: ^
            type: Text
          - text: follow
            type: Text
          - type: Space
          - text: '{'
            type: Text
          - text: user.file_manager_directories
            type: Text
          - text: '}'
            type: Text
          - text: $
            type: Text
          - text: ':'
            type: Text
          type: Cat
        - doc:
            docs:
            - text: user.file_manager_open_directory
              type: Text
            - text: (
              type: Text
            - text: file_manager_directories
              type: Text
            - text: )
              type: Text
            - type: Line
            type: Cat
          function: _inline
          type: Edit
        info:
          hpad:
            text: ' '
          hsep:
            text: ' '
          min_col_widths: []
          table_type: command
        type: Row
      type: Alt
    - alts:
      - docs:
        - text: ^
          type: Text
        - text: (
          type: Text
        - text: select
          type: Text
        - type: Space
        - text: '|'
          type: Text
        - type: Space
        - text: cell
          type: Text
        - text: )
          type: Text
        - type: Space
        - text: folder
          type: Text
        - type: Space
        - text: '{'
          type: Text
        - text: user.file_manager_directories
          type: Text
        - text: '}'
          type: Text
        - text: $
          type: Text
        - text: ':'
          type: Text
        - doc:
            docs:
            - type: Line
            - text: user.file_manager_select_directory
              type: Text
            - text: (
              type: Text
            - text: file_manager_directories
              type: Text
            - text: )
              type: Text
            - type: Line
            type: Cat
          indent: 4
          overlap: false
          type: Nest
        type: Cat
      - cells:
        - docs:
          - text: ^
            type: Text
          - text: (
            type: Text
          - text: select
            type: Text
          - type: Space
          - text: '|'
            type: Text
          - type: Space
          - text: cell
            type: Text
          - text: )
            type: Text
          - type: Space
          - text: folder
            type: Text
          - type: Space
          - text: '{'
            type: Text
          - text: user.file_manager_directories
            type: Text
          - text: '}'
            type: Text
          - text: $
            type: Text
          - text: ':'
            type: Text
          type: Cat
        - doc:
            docs:
            - text: user.file_manager_select_directory
              type: Text
            - text: (
              type: Text
            - text: file_manager_directories
              type: Text
            - text: )
              type: Text
            - type: Line
            type: Cat
          function: _inline
          type: Edit
        info:
          hpad:
            text: ' '
          hsep:
            text: ' '
          min_col_widths: []
          table_type: command
        type: Row
      type: Alt
    - text: ^
      type: Text
    - text: open
      type: Text
    - type: Space
    - text: <
      type: Text
    - text: number_small
      type: Text
    - text: '>'
      type: Text
    - text: $
      type: Text
    - text: ':'
      type: Text
    - doc:
        docs:
        - type: Line
        - text: file
          type: Text
        - type: Space
        - text: '='
          type: Text
        - type: Space
        - text: user.file_manager_get_file_by_index
          type: Text
        - text: (
          type: Text
        - text: number_small
          type: Text
        - type: Space
        - text: '-'
          type: Text
        - type: Space
        - text: '1'
          type: Text
        - text: )
          type: Text
        - type: Line
        - text: user.file_manager_open_file
          type: Text
        - text: (
          type: Text
        - text: file
          type: Text
        - text: )
          type: Text
        - type: Line
        type: Cat
      indent: 4
      overlap: false
      type: Nest
    - text: ^
      type: Text
    - text: folder
      type: Text
    - type: Space
    - text: numb
      type: Text
    - type: Space
    - text: <
      type: Text
    - text: number_small
      type: Text
    - text: '>'
      type: Text
    - text: $
      type: Text
    - text: ':'
      type: Text
    - doc:
        docs:
        - type: Line
        - text: directory
          type: Text
        - type: Space
        - text: '='
          type: Text
        - type: Space
        - text: user.file_manager_get_directory_by_index
          type: Text
        - text: (
          type: Text
        - text: number_small
          type: Text
        - type: Space
        - text: '-'
          type: Text
        - type: Space
        - text: '1'
          type: Text
        - text: )
          type: Text
        - type: Line
        - text: user.file_manager_select_directory
          type: Text
        - text: (
          type: Text
        - text: directory
          type: Text
        - text: )
          type: Text
        - type: Line
        type: Cat
      indent: 4
      overlap: false
      type: Nest
    - text: ^
      type: Text
    - text: file
      type: Text
    - type: Space
    - text: numb
      type: Text
    - type: Space
    - text: <
      type: Text
    - text: number_small
      type: Text
    - text: '>'
      type: Text
    - text: $
      type: Text
    - text: ':'
      type: Text
    - doc:
        docs:
        - type: Line
        - text: file
          type: Text
        - type: Space
        - text: '='
          type: Text
        - type: Space
        - text: user.file_manager_get_file_by_index
          type: Text
        - text: (
          type: Text
        - text: number_small
          type: Text
        - type: Space
        - text: '-'
          type: Text
        - type: Space
        - text: '1'
          type: Text
        - text: )
          type: Text
        - type: Line
        - text: user.file_manager_select_file
          type: Text
        - text: (
          type: Text
        - text: file
          type: Text
        - text: )
          type: Text
        - type: Line
        type: Cat
      indent: 4
      overlap: false
      type: Nest
    - alts:
      - docs:
        - text: ^
          type: Text
        - text: file
          type: Text
        - type: Space
        - text: '{'
          type: Text
        - text: user.file_manager_files
          type: Text
        - text: '}'
          type: Text
        - text: $
          type: Text
        - text: ':'
          type: Text
        - doc:
            docs:
            - type: Line
            - text: user.file_manager_select_file
              type: Text
            - text: (
              type: Text
            - text: file_manager_files
              type: Text
            - text: )
              type: Text
            - type: Line
            type: Cat
          indent: 4
          overlap: false
          type: Nest
        type: Cat
      - cells:
        - docs:
          - text: ^
            type: Text
          - text: file
            type: Text
          - type: Space
          - text: '{'
            type: Text
          - text: user.file_manager_files
            type: Text
          - text: '}'
            type: Text
          - text: $
            type: Text
          - text: ':'
            type: Text
          type: Cat
        - doc:
            docs:
            - text: user.file_manager_select_file
              type: Text
            - text: (
              type: Text
            - text: file_manager_files
              type: Text
            - text: )
              type: Text
            - type: Line
            type: Cat
          function: _inline
          type: Edit
        info:
          hpad:
            text: ' '
          hsep:
            text: ' '
          min_col_widths: []
          table_type: command
        type: Row
      type: Alt
    - alts:
      - docs:
        - text: ^
          type: Text
        - text: (
          type: Text
        - text: select
          type: Text
        - type: Space
        - text: '|'
          type: Text
        - type: Space
        - text: cell
          type: Text
        - text: )
          type: Text
        - type: Space
        - text: file
          type: Text
        - type: Space
        - text: '{'
          type: Text
        - text: user.file_manager_files
          type: Text
        - text: '}'
          type: Text
        - text: $
          type: Text
        - text: ':'
          type: Text
        - doc:
            docs:
            - type: Line
            - text: user.file_manager_select_file
              type: Text
            - text: (
              type: Text
            - text: file_manager_files
              type: Text
            - text: )
              type: Text
            - type: Line
            type: Cat
          indent: 4
          overlap: false
          type: Nest
        type: Cat
      - cells:
        - docs:
          - text: ^
            type: Text
          - text: (
            type: Text
          - text: select
            type: Text
          - type: Space
          - text: '|'
            type: Text
          - type: Space
          - text: cell
            type: Text
          - text: )
            type: Text
          - type: Space
          - text: file
            type: Text
          - type: Space
          - text: '{'
            type: Text
          - text: user.file_manager_files
            type: Text
          - text: '}'
            type: Text
          - text: $
            type: Text
          - text: ':'
            type: Text
          type: Cat
        - doc:
            docs:
            - text: user.file_manager_select_file
              type: Text
            - text: (
              type: Text
            - text: file_manager_files
              type: Text
            - text: )
              type: Text
            - type: Line
            type: Cat
          function: _inline
          type: Edit
        info:
          hpad:
            text: ' '
          hsep:
            text: ' '
          min_col_widths: []
          table_type: command
        type: Row
      type: Alt
    - type: Line
    - text: '#'
      type: Text
    - type: Space
    - text: new
      type: Text
    - type: Space
    - text: folder
      type: Text
    - type: Line
    - alts:
      - docs:
        - text: folder
          type: Text
        - type: Space
        - text: new
          type: Text
        - type: Space
        - text: <
          type: Text
        - text: user.text
          type: Text
        - text: '>'
          type: Text
        - text: ':'
          type: Text
        - doc:
            docs:
            - type: Line
            - text: user.file_manager_new_folder
              type: Text
            - text: (
              type: Text
            - text: text
              type: Text
            - text: )
              type: Text
            - type: Line
            type: Cat
          indent: 4
          overlap: false
          type: Nest
        type: Cat
      - cells:
        - docs:
          - text: folder
            type: Text
          - type: Space
          - text: new
            type: Text
          - type: Space
          - text: <
            type: Text
          - text: user.text
            type: Text
          - text: '>'
            type: Text
          - text: ':'
            type: Text
          type: Cat
        - doc:
            docs:
            - text: user.file_manager_new_folder
              type: Text
            - text: (
              type: Text
            - text: text
              type: Text
            - text: )
              type: Text
            - type: Line
            type: Cat
          function: _inline
          type: Edit
        info:
          hpad:
            text: ' '
          hsep:
            text: ' '
          min_col_widths: []
          table_type: command
        type: Row
      type: Alt
    - type: Line
    - text: '#'
      type: Text
    - type: Space
    - text: show
      type: Text
    - type: Space
    - text: properties
      type: Text
    - type: Line
    - alts:
      - docs:
        - text: properties
          type: Text
        - type: Space
        - text: show
          type: Text
        - text: ':'
          type: Text
        - doc:
            docs:
            - type: Line
            - text: user.file_manager_show_properties
              type: Text
            - text: (
              type: Text
            - text: )
              type: Text
            - type: Line
            type: Cat
          indent: 4
          overlap: false
          type: Nest
        type: Cat
      - cells:
        - docs:
          - text: properties
            type: Text
          - type: Space
          - text: show
            type: Text
          - text: ':'
            type: Text
          type: Cat
        - doc:
            docs:
            - text: user.file_manager_show_properties
              type: Text
            - text: (
              type: Text
            - text: )
              type: Text
            - type: Line
            type: Cat
          function: _inline
          type: Edit
        info:
          hpad:
            text: ' '
          hsep:
            text: ' '
          min_col_widths: []
          table_type: command
        type: Row
      type: Alt
    - type: Line
    - text: '#'
      type: Text
    - type: Space
    - text: open
      type: Text
    - type: Space
    - text: terminal
      type: Text
    - type: Space
    - text: at
      type: Text
    - type: Space
    - text: location
      type: Text
    - type: Line
    - alts:
      - docs:
        - text: terminal
          type: Text
        - type: Space
        - text: here
          type: Text
        - text: ':'
          type: Text
        - doc:
            docs:
            - type: Line
            - text: user.file_manager_terminal_here
              type: Text
            - text: (
              type: Text
            - text: )
              type: Text
            - type: Line
            type: Cat
          indent: 4
          overlap: false
          type: Nest
        type: Cat
      - cells:
        - docs:
          - text: terminal
            type: Text
          - type: Space
          - text: here
            type: Text
          - text: ':'
            type: Text
          type: Cat
        - doc:
            docs:
            - text: user.file_manager_terminal_here
              type: Text
            - text: (
              type: Text
            - text: )
              type: Text
            - type: Line
            type: Cat
          function: _inline
          type: Edit
        info:
          hpad:
            text: ' '
          hsep:
            text: ' '
          min_col_widths: []
          table_type: command
        type: Row
      type: Alt
    - type: Line
    - alts:
      - docs:
        - text: folder
          type: Text
        - type: Space
        - text: next
          type: Text
        - text: ':'
          type: Text
        - doc:
            docs:
            - type: Line
            - text: user.file_manager_next_folder_page
              type: Text
            - text: (
              type: Text
            - text: )
              type: Text
            - type: Line
            type: Cat
          indent: 4
          overlap: false
          type: Nest
        type: Cat
      - cells:
        - docs:
          - text: folder
            type: Text
          - type: Space
          - text: next
            type: Text
          - text: ':'
            type: Text
          type: Cat
        - doc:
            docs:
            - text: user.file_manager_next_folder_page
              type: Text
            - text: (
              type: Text
            - text: )
              type: Text
            - type: Line
            type: Cat
          function: _inline
          type: Edit
        info:
          hpad:
            text: ' '
          hsep:
            text: ' '
          min_col_widths: []
          table_type: command
        type: Row
      type: Alt
    - alts:
      - docs:
        - text: folder
          type: Text
        - type: Space
        - text: last
          type: Text
        - text: ':'
          type: Text
        - doc:
            docs:
            - type: Line
            - text: user.file_manager_previous_folder_page
              type: Text
            - text: (
              type: Text
            - text: )
              type: Text
            - type: Line
            type: Cat
          indent: 4
          overlap: false
          type: Nest
        type: Cat
      - cells:
        - docs:
          - text: folder
            type: Text
          - type: Space
          - text: last
            type: Text
          - text: ':'
            type: Text
          type: Cat
        - doc:
            docs:
            - text: user.file_manager_previous_folder_page
              type: Text
            - text: (
              type: Text
            - text: )
              type: Text
            - type: Line
            type: Cat
          function: _inline
          type: Edit
        info:
          hpad:
            text: ' '
          hsep:
            text: ' '
          min_col_widths: []
          table_type: command
        type: Row
      type: Alt
    - type: Line
    - alts:
      - docs:
        - text: file
          type: Text
        - type: Space
        - text: next
          type: Text
        - text: ':'
          type: Text
        - doc:
            docs:
            - type: Line
            - text: user.file_manager_next_file_page
              type: Text
            - text: (
              type: Text
            - text: )
              type: Text
            - type: Line
            type: Cat
          indent: 4
          overlap: false
          type: Nest
        type: Cat
      - cells:
        - docs:
          - text: file
            type: Text
          - type: Space
          - text: next
            type: Text
          - text: ':'
            type: Text
          type: Cat
        - doc:
            docs:
            - text: user.file_manager_next_file_page
              type: Text
            - text: (
              type: Text
            - text: )
              type: Text
            - type: Line
            type: Cat
          function: _inline
          type: Edit
        info:
          hpad:
            text: ' '
          hsep:
            text: ' '
          min_col_widths: []
          table_type: command
        type: Row
      type: Alt
    - alts:
      - docs:
        - text: file
          type: Text
        - type: Space
        - text: last
          type: Text
        - text: ':'
          type: Text
        - doc:
            docs:
            - type: Line
            - text: user.file_manager_previous_file_page
              type: Text
            - text: (
              type: Text
            - text: )
              type: Text
            - type: Line
            type: Cat
          indent: 4
          overlap: false
          type: Nest
        type: Cat
      - cells:
        - docs:
          - text: file
            type: Text
          - type: Space
          - text: last
            type: Text
          - text: ':'
            type: Text
          type: Cat
        - doc:
            docs:
            - text: user.file_manager_previous_file_page
              type: Text
            - text: (
              type: Text
            - text: )
              type: Text
            - type: Line
            type: Cat
          function: _inline
          type: Edit
        info:
          hpad:
            text: ' '
          hsep:
            text: ' '
          min_col_widths: []
          table_type: command
        type: Row
      type: Alt
    type: Cat
  max_line_width: 80
  renderer: smart
  simple_layout: null
output: "tag: user.file_manager\n-\ntitle force: user.file_manager_refresh_title()\n\
  manager show: user.file_manager_toggle_pickers()\nmanager close: user.file_manager_hide_pickers()\n\
  manager refresh: user.file_manager_update_lists()\ngo <user.system_path>: user.file_manager_open_directory(system_path)\n\
  go back: user.file_manager_go_back()\ngo forward: user.file_manager_go_forward()\n\
  (go parent | daddy): user.file_manager_open_parent()\n^follow numb <number_small>$:\n\
  \    directory = user.file_manager_get_directory_by_index(number_small - 1)\n  \
  \  user.file_manager_open_directory(directory)\n^follow {user.file_manager_directories}$:\n\
  \    user.file_manager_open_directory(file_manager_directories)\n^(select | cell)\
  \ folder {user.file_manager_directories}$:\n    user.file_manager_select_directory(file_manager_directories)\n\
  ^open <number_small>$:\n    file = user.file_manager_get_file_by_index(number_small\
  \ - 1)\n    user.file_manager_open_file(file)\n^folder numb <number_small>$:\n \
  \   directory = user.file_manager_get_directory_by_index(number_small - 1)\n   \
  \ user.file_manager_select_directory(directory)\n^file numb <number_small>$:\n \
  \   file = user.file_manager_get_file_by_index(number_small - 1)\n    user.file_manager_select_file(file)\n\
  ^file {user.file_manager_files}$:\n    user.file_manager_select_file(file_manager_files)\n\
  ^(select | cell) file {user.file_manager_files}$:\n    user.file_manager_select_file(file_manager_files)\n\
  \n# new folder\nfolder new <user.text>: user.file_manager_new_folder(text)\n\n#\
  \ show properties\nproperties show: user.file_manager_show_properties()\n\n# open\
  \ terminal at location\nterminal here: user.file_manager_terminal_here()\n\nfolder\
  \ next: user.file_manager_next_folder_page()\nfolder last: user.file_manager_previous_folder_page()\n\
  \nfile next: user.file_manager_next_file_page()\nfile last: user.file_manager_previous_file_page()\n"
