input:
  doc:
    docs:
    - cells:
      - docs:
        - text: tag
          type: Text
        - text: ':'
          type: Text
        type: Cat
      - text: user.code_operators_pointer
        type: Text
      info:
        hpad:
          text: ' '
        hsep:
          text: ' '
        min_col_widths: []
        table_type: match
      type: Row
    - text: '-'
      type: Text
    - type: Line
    - text: '#'
      type: Text
    - type: Space
    - text: pointer
      type: Text
    - type: Space
    - text: operators
      type: Text
    - type: Line
    - alts:
      - docs:
        - text: op
          type: Text
        - type: Space
        - text: dereference
          type: Text
        - text: ':'
          type: Text
        - doc:
            docs:
            - type: Line
            - text: user.code_operator_indirection
              type: Text
            - text: (
              type: Text
            - text: )
              type: Text
            - type: Line
            type: Cat
          indent: 4
          overlap: false
          type: Nest
        type: Cat
      - cells:
        - docs:
          - text: op
            type: Text
          - type: Space
          - text: dereference
            type: Text
          - text: ':'
            type: Text
          type: Cat
        - doc:
            docs:
            - text: user.code_operator_indirection
              type: Text
            - text: (
              type: Text
            - text: )
              type: Text
            - type: Line
            type: Cat
          function: _inline
          type: Edit
        info:
          hpad:
            text: ' '
          hsep:
            text: ' '
          min_col_widths: []
          table_type: command
        type: Row
      type: Alt
    - alts:
      - docs:
        - text: op
          type: Text
        - type: Space
        - text: address
          type: Text
        - type: Space
        - text: of
          type: Text
        - text: ':'
          type: Text
        - doc:
            docs:
            - type: Line
            - text: user.code_operator_address_of
              type: Text
            - text: (
              type: Text
            - text: )
              type: Text
            - type: Line
            type: Cat
          indent: 4
          overlap: false
          type: Nest
        type: Cat
      - cells:
        - docs:
          - text: op
            type: Text
          - type: Space
          - text: address
            type: Text
          - type: Space
          - text: of
            type: Text
          - text: ':'
            type: Text
          type: Cat
        - doc:
            docs:
            - text: user.code_operator_address_of
              type: Text
            - text: (
              type: Text
            - text: )
              type: Text
            - type: Line
            type: Cat
          function: _inline
          type: Edit
        info:
          hpad:
            text: ' '
          hsep:
            text: ' '
          min_col_widths: []
          table_type: command
        type: Row
      type: Alt
    - alts:
      - docs:
        - text: op
          type: Text
        - type: Space
        - text: arrow
          type: Text
        - text: ':'
          type: Text
        - doc:
            docs:
            - type: Line
            - text: user.code_operator_structure_dereference
              type: Text
            - text: (
              type: Text
            - text: )
              type: Text
            - type: Line
            type: Cat
          indent: 4
          overlap: false
          type: Nest
        type: Cat
      - cells:
        - docs:
          - text: op
            type: Text
          - type: Space
          - text: arrow
            type: Text
          - text: ':'
            type: Text
          type: Cat
        - doc:
            docs:
            - text: user.code_operator_structure_dereference
              type: Text
            - text: (
              type: Text
            - text: )
              type: Text
            - type: Line
            type: Cat
          function: _inline
          type: Edit
        info:
          hpad:
            text: ' '
          hsep:
            text: ' '
          min_col_widths: []
          table_type: command
        type: Row
      type: Alt
    type: Cat
  max_line_width: 80
  renderer: smart
  simple_layout: null
output: 'tag: user.code_operators_pointer

  -

  # pointer operators

  op dereference: user.code_operator_indirection()

  op address of: user.code_operator_address_of()

  op arrow: user.code_operator_structure_dereference()

  '
