input:
  doc:
    docs:
    - cells:
      - docs:
        - text: tag
          type: Text
        - text: ':'
          type: Text
        type: Cat
      - text: user.code_operators_assignment
        type: Text
      info:
        hpad:
          text: ' '
        hsep:
          text: ' '
        min_col_widths: []
        table_type: match
      type: Row
    - text: '-'
      type: Text
    - type: Line
    - text: 'tag():'
      type: Text
    - type: Space
    - text: user.code_operators_math
      type: Text
    - type: Line
    - text: 'tag():'
      type: Text
    - type: Space
    - text: user.code_operators_bitwise
      type: Text
    - type: Line
    - type: Line
    - text: '#'
      type: Text
    - type: Space
    - text: assignment
      type: Text
    - type: Line
    - alts:
      - docs:
        - text: op
          type: Text
        - type: Space
        - text: (
          type: Text
        - text: equals
          type: Text
        - type: Space
        - text: '|'
          type: Text
        - type: Space
        - text: assign
          type: Text
        - text: )
          type: Text
        - text: ':'
          type: Text
        - doc:
            docs:
            - type: Line
            - text: user.code_operator_assignment
              type: Text
            - text: (
              type: Text
            - text: )
              type: Text
            - type: Line
            type: Cat
          indent: 4
          overlap: false
          type: Nest
        type: Cat
      - cells:
        - docs:
          - text: op
            type: Text
          - type: Space
          - text: (
            type: Text
          - text: equals
            type: Text
          - type: Space
          - text: '|'
            type: Text
          - type: Space
          - text: assign
            type: Text
          - text: )
            type: Text
          - text: ':'
            type: Text
          type: Cat
        - doc:
            docs:
            - text: user.code_operator_assignment
              type: Text
            - text: (
              type: Text
            - text: )
              type: Text
            - type: Line
            type: Cat
          function: _inline
          type: Edit
        info:
          hpad:
            text: ' '
          hsep:
            text: ' '
          min_col_widths: []
          table_type: command
        type: Row
      type: Alt
    - type: Line
    - text: '#'
      type: Text
    - type: Space
    - text: combined
      type: Text
    - type: Space
    - text: computation
      type: Text
    - type: Space
    - text: and
      type: Text
    - type: Space
    - text: assignment
      type: Text
    - type: Line
    - alts:
      - docs:
        - text: op
          type: Text
        - type: Space
        - text: (
          type: Text
        - text: minus
          type: Text
        - type: Space
        - text: '|'
          type: Text
        - type: Space
        - text: subtract
          type: Text
        - text: )
          type: Text
        - type: Space
        - text: equals
          type: Text
        - text: ':'
          type: Text
        - doc:
            docs:
            - type: Line
            - text: user.code_operator_subtraction_assignment
              type: Text
            - text: (
              type: Text
            - text: )
              type: Text
            - type: Line
            type: Cat
          indent: 4
          overlap: false
          type: Nest
        type: Cat
      - cells:
        - docs:
          - text: op
            type: Text
          - type: Space
          - text: (
            type: Text
          - text: minus
            type: Text
          - type: Space
          - text: '|'
            type: Text
          - type: Space
          - text: subtract
            type: Text
          - text: )
            type: Text
          - type: Space
          - text: equals
            type: Text
          - text: ':'
            type: Text
          type: Cat
        - doc:
            docs:
            - text: user.code_operator_subtraction_assignment
              type: Text
            - text: (
              type: Text
            - text: )
              type: Text
            - type: Line
            type: Cat
          function: _inline
          type: Edit
        info:
          hpad:
            text: ' '
          hsep:
            text: ' '
          min_col_widths: []
          table_type: command
        type: Row
      type: Alt
    - alts:
      - docs:
        - text: op
          type: Text
        - type: Space
        - text: (
          type: Text
        - text: plus
          type: Text
        - type: Space
        - text: '|'
          type: Text
        - type: Space
        - text: add
          type: Text
        - text: )
          type: Text
        - type: Space
        - text: equals
          type: Text
        - text: ':'
          type: Text
        - doc:
            docs:
            - type: Line
            - text: user.code_operator_addition_assignment
              type: Text
            - text: (
              type: Text
            - text: )
              type: Text
            - type: Line
            type: Cat
          indent: 4
          overlap: false
          type: Nest
        type: Cat
      - cells:
        - docs:
          - text: op
            type: Text
          - type: Space
          - text: (
            type: Text
          - text: plus
            type: Text
          - type: Space
          - text: '|'
            type: Text
          - type: Space
          - text: add
            type: Text
          - text: )
            type: Text
          - type: Space
          - text: equals
            type: Text
          - text: ':'
            type: Text
          type: Cat
        - doc:
            docs:
            - text: user.code_operator_addition_assignment
              type: Text
            - text: (
              type: Text
            - text: )
              type: Text
            - type: Line
            type: Cat
          function: _inline
          type: Edit
        info:
          hpad:
            text: ' '
          hsep:
            text: ' '
          min_col_widths: []
          table_type: command
        type: Row
      type: Alt
    - alts:
      - docs:
        - text: op
          type: Text
        - type: Space
        - text: (
          type: Text
        - text: times
          type: Text
        - type: Space
        - text: '|'
          type: Text
        - type: Space
        - text: multiply
          type: Text
        - text: )
          type: Text
        - type: Space
        - text: equals
          type: Text
        - text: ':'
          type: Text
        - doc:
            docs:
            - type: Line
            - text: user.code_operator_multiplication_assignment
              type: Text
            - text: (
              type: Text
            - text: )
              type: Text
            - type: Line
            type: Cat
          indent: 4
          overlap: false
          type: Nest
        type: Cat
      - cells:
        - docs:
          - text: op
            type: Text
          - type: Space
          - text: (
            type: Text
          - text: times
            type: Text
          - type: Space
          - text: '|'
            type: Text
          - type: Space
          - text: multiply
            type: Text
          - text: )
            type: Text
          - type: Space
          - text: equals
            type: Text
          - text: ':'
            type: Text
          type: Cat
        - doc:
            docs:
            - text: user.code_operator_multiplication_assignment
              type: Text
            - text: (
              type: Text
            - text: )
              type: Text
            - type: Line
            type: Cat
          function: _inline
          type: Edit
        info:
          hpad:
            text: ' '
          hsep:
            text: ' '
          min_col_widths: []
          table_type: command
        type: Row
      type: Alt
    - alts:
      - docs:
        - text: op
          type: Text
        - type: Space
        - text: divide
          type: Text
        - type: Space
        - text: equals
          type: Text
        - text: ':'
          type: Text
        - doc:
            docs:
            - type: Line
            - text: user.code_operator_division_assignment
              type: Text
            - text: (
              type: Text
            - text: )
              type: Text
            - type: Line
            type: Cat
          indent: 4
          overlap: false
          type: Nest
        type: Cat
      - cells:
        - docs:
          - text: op
            type: Text
          - type: Space
          - text: divide
            type: Text
          - type: Space
          - text: equals
            type: Text
          - text: ':'
            type: Text
          type: Cat
        - doc:
            docs:
            - text: user.code_operator_division_assignment
              type: Text
            - text: (
              type: Text
            - text: )
              type: Text
            - type: Line
            type: Cat
          function: _inline
          type: Edit
        info:
          hpad:
            text: ' '
          hsep:
            text: ' '
          min_col_widths: []
          table_type: command
        type: Row
      type: Alt
    - alts:
      - docs:
        - text: op
          type: Text
        - type: Space
        - text: mod
          type: Text
        - type: Space
        - text: equals
          type: Text
        - text: ':'
          type: Text
        - doc:
            docs:
            - type: Line
            - text: user.code_operator_modulo_assignment
              type: Text
            - text: (
              type: Text
            - text: )
              type: Text
            - type: Line
            type: Cat
          indent: 4
          overlap: false
          type: Nest
        type: Cat
      - cells:
        - docs:
          - text: op
            type: Text
          - type: Space
          - text: mod
            type: Text
          - type: Space
          - text: equals
            type: Text
          - text: ':'
            type: Text
          type: Cat
        - doc:
            docs:
            - text: user.code_operator_modulo_assignment
              type: Text
            - text: (
              type: Text
            - text: )
              type: Text
            - type: Line
            type: Cat
          function: _inline
          type: Edit
        info:
          hpad:
            text: ' '
          hsep:
            text: ' '
          min_col_widths: []
          table_type: command
        type: Row
      type: Alt
    - alts:
      - docs:
        - text: '['
          type: Text
        - text: op
          type: Text
        - text: ']'
          type: Text
        - type: Space
        - text: increment
          type: Text
        - text: ':'
          type: Text
        - doc:
            docs:
            - type: Line
            - text: user.code_operator_increment
              type: Text
            - text: (
              type: Text
            - text: )
              type: Text
            - type: Line
            type: Cat
          indent: 4
          overlap: false
          type: Nest
        type: Cat
      - cells:
        - docs:
          - text: '['
            type: Text
          - text: op
            type: Text
          - text: ']'
            type: Text
          - type: Space
          - text: increment
            type: Text
          - text: ':'
            type: Text
          type: Cat
        - doc:
            docs:
            - text: user.code_operator_increment
              type: Text
            - text: (
              type: Text
            - text: )
              type: Text
            - type: Line
            type: Cat
          function: _inline
          type: Edit
        info:
          hpad:
            text: ' '
          hsep:
            text: ' '
          min_col_widths: []
          table_type: command
        type: Row
      type: Alt
    - type: Line
    - text: '#'
      type: Text
    - type: Space
    - text: bitwise
      type: Text
    - type: Space
    - text: operators
      type: Text
    - type: Line
    - alts:
      - docs:
        - text: (
          type: Text
        - text: op
          type: Text
        - type: Space
        - text: '|'
          type: Text
        - type: Space
        - text: logical
          type: Text
        - type: Space
        - text: '|'
          type: Text
        - type: Space
        - text: bitwise
          type: Text
        - text: )
          type: Text
        - type: Space
        - text: (
          type: Text
        - text: ex
          type: Text
        - type: Space
        - text: '|'
          type: Text
        - type: Space
        - text: exclusive
          type: Text
        - text: )
          type: Text
        - type: Space
        - text: or
          type: Text
        - type: Space
        - text: equals
          type: Text
        - text: ':'
          type: Text
        - doc:
            docs:
            - type: Line
            - text: user.code_operator_bitwise_exclusive_or_assignment
              type: Text
            - text: (
              type: Text
            - text: )
              type: Text
            - type: Line
            type: Cat
          indent: 4
          overlap: false
          type: Nest
        type: Cat
      - cells:
        - docs:
          - text: (
            type: Text
          - text: op
            type: Text
          - type: Space
          - text: '|'
            type: Text
          - type: Space
          - text: logical
            type: Text
          - type: Space
          - text: '|'
            type: Text
          - type: Space
          - text: bitwise
            type: Text
          - text: )
            type: Text
          - type: Space
          - text: (
            type: Text
          - text: ex
            type: Text
          - type: Space
          - text: '|'
            type: Text
          - type: Space
          - text: exclusive
            type: Text
          - text: )
            type: Text
          - type: Space
          - text: or
            type: Text
          - type: Space
          - text: equals
            type: Text
          - text: ':'
            type: Text
          type: Cat
        - doc:
            docs:
            - text: user.code_operator_bitwise_exclusive_or_assignment
              type: Text
            - text: (
              type: Text
            - text: )
              type: Text
            - type: Line
            type: Cat
          function: _inline
          type: Edit
        info:
          hpad:
            text: ' '
          hsep:
            text: ' '
          min_col_widths: []
          table_type: command
        type: Row
      type: Alt
    - alts:
      - docs:
        - text: '['
          type: Text
        - text: (
          type: Text
        - text: op
          type: Text
        - type: Space
        - text: '|'
          type: Text
        - type: Space
        - text: logical
          type: Text
        - type: Space
        - text: '|'
          type: Text
        - type: Space
        - text: bitwise
          type: Text
        - text: )
          type: Text
        - text: ']'
          type: Text
        - type: Space
        - text: (
          type: Text
        - text: left
          type: Text
        - type: Space
        - text: shift
          type: Text
        - type: Space
        - text: '|'
          type: Text
        - type: Space
        - text: shift
          type: Text
        - type: Space
        - text: left
          type: Text
        - text: )
          type: Text
        - type: Space
        - text: equals
          type: Text
        - text: ':'
          type: Text
        - doc:
            docs:
            - type: Line
            - text: user.code_operator_bitwise_left_shift_assignment
              type: Text
            - text: (
              type: Text
            - text: )
              type: Text
            - type: Line
            type: Cat
          indent: 4
          overlap: false
          type: Nest
        type: Cat
      - cells:
        - docs:
          - text: '['
            type: Text
          - text: (
            type: Text
          - text: op
            type: Text
          - type: Space
          - text: '|'
            type: Text
          - type: Space
          - text: logical
            type: Text
          - type: Space
          - text: '|'
            type: Text
          - type: Space
          - text: bitwise
            type: Text
          - text: )
            type: Text
          - text: ']'
            type: Text
          - type: Space
          - text: (
            type: Text
          - text: left
            type: Text
          - type: Space
          - text: shift
            type: Text
          - type: Space
          - text: '|'
            type: Text
          - type: Space
          - text: shift
            type: Text
          - type: Space
          - text: left
            type: Text
          - text: )
            type: Text
          - type: Space
          - text: equals
            type: Text
          - text: ':'
            type: Text
          type: Cat
        - doc:
            docs:
            - text: user.code_operator_bitwise_left_shift_assignment
              type: Text
            - text: (
              type: Text
            - text: )
              type: Text
            - type: Line
            type: Cat
          function: _inline
          type: Edit
        info:
          hpad:
            text: ' '
          hsep:
            text: ' '
          min_col_widths: []
          table_type: command
        type: Row
      type: Alt
    - alts:
      - docs:
        - text: '['
          type: Text
        - text: (
          type: Text
        - text: op
          type: Text
        - type: Space
        - text: '|'
          type: Text
        - type: Space
        - text: logical
          type: Text
        - type: Space
        - text: '|'
          type: Text
        - type: Space
        - text: bitwise
          type: Text
        - text: )
          type: Text
        - text: ']'
          type: Text
        - type: Space
        - text: (
          type: Text
        - text: right
          type: Text
        - type: Space
        - text: shift
          type: Text
        - type: Space
        - text: '|'
          type: Text
        - type: Space
        - text: shift
          type: Text
        - type: Space
        - text: right
          type: Text
        - text: )
          type: Text
        - type: Space
        - text: equals
          type: Text
        - text: ':'
          type: Text
        - doc:
            docs:
            - type: Line
            - text: user.code_operator_bitwise_right_shift_assignment
              type: Text
            - text: (
              type: Text
            - text: )
              type: Text
            - type: Line
            type: Cat
          indent: 4
          overlap: false
          type: Nest
        type: Cat
      - cells:
        - docs:
          - text: '['
            type: Text
          - text: (
            type: Text
          - text: op
            type: Text
          - type: Space
          - text: '|'
            type: Text
          - type: Space
          - text: logical
            type: Text
          - type: Space
          - text: '|'
            type: Text
          - type: Space
          - text: bitwise
            type: Text
          - text: )
            type: Text
          - text: ']'
            type: Text
          - type: Space
          - text: (
            type: Text
          - text: right
            type: Text
          - type: Space
          - text: shift
            type: Text
          - type: Space
          - text: '|'
            type: Text
          - type: Space
          - text: shift
            type: Text
          - type: Space
          - text: right
            type: Text
          - text: )
            type: Text
          - type: Space
          - text: equals
            type: Text
          - text: ':'
            type: Text
          type: Cat
        - doc:
            docs:
            - text: user.code_operator_bitwise_right_shift_assignment
              type: Text
            - text: (
              type: Text
            - text: )
              type: Text
            - type: Line
            type: Cat
          function: _inline
          type: Edit
        info:
          hpad:
            text: ' '
          hsep:
            text: ' '
          min_col_widths: []
          table_type: command
        type: Row
      type: Alt
    type: Cat
  max_line_width: 80
  renderer: smart
  simple_layout: null
output: "tag: user.code_operators_assignment\n-\ntag(): user.code_operators_math\n\
  tag(): user.code_operators_bitwise\n\n# assignment\nop (equals | assign): user.code_operator_assignment()\n\
  \n# combined computation and assignment\nop (minus | subtract) equals: user.code_operator_subtraction_assignment()\n\
  op (plus | add) equals: user.code_operator_addition_assignment()\nop (times | multiply)\
  \ equals: user.code_operator_multiplication_assignment()\nop divide equals: user.code_operator_division_assignment()\n\
  op mod equals: user.code_operator_modulo_assignment()\n[op] increment: user.code_operator_increment()\n\
  \n# bitwise operators\n(op | logical | bitwise) (ex | exclusive) or equals:\n  \
  \  user.code_operator_bitwise_exclusive_or_assignment()\n[(op | logical | bitwise)]\
  \ (left shift | shift left) equals:\n    user.code_operator_bitwise_left_shift_assignment()\n\
  [(op | logical | bitwise)] (right shift | shift right) equals:\n    user.code_operator_bitwise_right_shift_assignment()\n"
