input:
  doc:
    docs:
    - text: '#'
      type: Text
    - type: Space
    - text: 'todo:'
      type: Text
    - type: Space
    - text: tags
      type: Text
    - type: Line
    - text: '-'
      type: Text
    - type: Line
    - alts:
      - docs:
        - text: password
          type: Text
        - type: Space
        - text: fill
          type: Text
        - text: ':'
          type: Text
        - doc:
            docs:
            - type: Line
            - text: user.password_fill
              type: Text
            - text: (
              type: Text
            - text: )
              type: Text
            - type: Line
            type: Cat
          indent: 4
          overlap: false
          type: Nest
        type: Cat
      - cells:
        - docs:
          - text: password
            type: Text
          - type: Space
          - text: fill
            type: Text
          - text: ':'
            type: Text
          type: Cat
        - doc:
            docs:
            - text: user.password_fill
              type: Text
            - text: (
              type: Text
            - text: )
              type: Text
            - type: Line
            type: Cat
          function: _inline
          type: Edit
        info:
          hpad:
            text: ' '
          hsep:
            text: ' '
          min_col_widths:
          - 32
          table_type: command
        type: Row
      type: Alt
    - alts:
      - docs:
        - text: password
          type: Text
        - type: Space
        - text: show
          type: Text
        - text: ':'
          type: Text
        - doc:
            docs:
            - type: Line
            - text: user.password_show
              type: Text
            - text: (
              type: Text
            - text: )
              type: Text
            - type: Line
            type: Cat
          indent: 4
          overlap: false
          type: Nest
        type: Cat
      - cells:
        - docs:
          - text: password
            type: Text
          - type: Space
          - text: show
            type: Text
          - text: ':'
            type: Text
          type: Cat
        - doc:
            docs:
            - text: user.password_show
              type: Text
            - text: (
              type: Text
            - text: )
              type: Text
            - type: Line
            type: Cat
          function: _inline
          type: Edit
        info:
          hpad:
            text: ' '
          hsep:
            text: ' '
          min_col_widths:
          - 32
          table_type: command
        type: Row
      type: Alt
    type: Cat
  max_line_width: 80
  renderer: smart
  simple_layout: null
output: '# todo: tags

  -

  password fill:                   user.password_fill()

  password show:                   user.password_show()

  '
