input:
  doc:
    docs:
    - cells:
      - docs:
        - text: app
          type: Text
        - text: ':'
          type: Text
        type: Cat
      - text: apple_terminal
        type: Text
      info:
        hpad:
          text: ' '
        hsep:
          text: ' '
        min_col_widths:
        - 32
        table_type: match
      type: Row
    - text: '-'
      type: Text
    - type: Line
    - text: '#'
      type: Text
    - type: Space
    - text: makes
      type: Text
    - type: Space
    - text: the
      type: Text
    - type: Space
    - text: commands
      type: Text
    - type: Space
    - text: in
      type: Text
    - type: Space
    - text: generic_terminal
      type: Text
    - type: Space
    - text: available
      type: Text
    - type: Line
    - text: 'tag():'
      type: Text
    - type: Space
    - text: terminal
      type: Text
    - type: Line
    - type: Line
    - text: '#'
      type: Text
    - type: Space
    - text: activates
      type: Text
    - type: Space
    - text: the
      type: Text
    - type: Space
    - text: implementation
      type: Text
    - type: Space
    - text: of
      type: Text
    - type: Space
    - text: the
      type: Text
    - type: Space
    - text: commands/functions
      type: Text
    - type: Space
    - text: in
      type: Text
    - type: Space
    - text: generic_terminal
      type: Text
    - type: Line
    - text: 'tag():'
      type: Text
    - type: Space
    - text: user.generic_unix_shell
      type: Text
    - type: Line
    - type: Line
    - text: '#'
      type: Text
    - type: Space
    - text: makes
      type: Text
    - type: Space
    - text: commands
      type: Text
    - type: Space
    - text: for
      type: Text
    - type: Space
    - text: certain
      type: Text
    - type: Space
    - text: applications
      type: Text
    - type: Space
    - text: available
      type: Text
    - type: Line
    - text: '#'
      type: Text
    - type: Space
    - text: you
      type: Text
    - type: Space
    - text: can
      type: Text
    - type: Space
    - text: deactivate
      type: Text
    - type: Space
    - text: them
      type: Text
    - type: Space
    - text: if
      type: Text
    - type: Space
    - text: you
      type: Text
    - type: Space
    - text: do
      type: Text
    - type: Space
    - text: not
      type: Text
    - type: Space
    - text: use
      type: Text
    - type: Space
    - text: the
      type: Text
    - type: Space
    - text: application
      type: Text
    - type: Line
    - text: 'tag():'
      type: Text
    - type: Space
    - text: user.git
      type: Text
    - type: Line
    - text: 'tag():'
      type: Text
    - type: Space
    - text: user.anaconda
      type: Text
    - type: Line
    - text: 'tag():'
      type: Text
    - type: Space
    - text: user.kubectl
      type: Text
    - type: Line
    - type: Line
    - text: '#'
      type: Text
    - type: Space
    - text: 'TODO:'
      type: Text
    - type: Space
    - text: explain
      type: Text
    - type: Line
    - text: 'tag():'
      type: Text
    - type: Space
    - text: user.tabs
      type: Text
    - type: Line
    - text: 'tag():'
      type: Text
    - type: Space
    - text: user.file_manager
      type: Text
    - type: Line
    - type: Line
    - alts:
      - docs:
        - text: suspend
          type: Text
        - text: ':'
          type: Text
        - doc:
            docs:
            - type: Line
            - text: key
              type: Text
            - text: (
              type: Text
            - text: ctrl-z
              type: Text
            - text: )
              type: Text
            - type: Line
            type: Cat
          indent: 4
          overlap: false
          type: Nest
        type: Cat
      - cells:
        - docs:
          - text: suspend
            type: Text
          - text: ':'
            type: Text
          type: Cat
        - doc:
            docs:
            - text: key
              type: Text
            - text: (
              type: Text
            - text: ctrl-z
              type: Text
            - text: )
              type: Text
            - type: Line
            type: Cat
          function: _inline
          type: Edit
        info:
          hpad:
            text: ' '
          hsep:
            text: ' '
          min_col_widths:
          - 32
          table_type: command
        type: Row
      type: Alt
    - text: resume
      type: Text
    - text: ':'
      type: Text
    - doc:
        docs:
        - type: Line
        - text: insert
          type: Text
        - text: (
          type: Text
        - doc:
            text: fg
            type: Text
          function: _smart_quote
          type: Edit
        - text: )
          type: Text
        - type: Line
        - text: key
          type: Text
        - text: (
          type: Text
        - text: enter
          type: Text
        - text: )
          type: Text
        - type: Line
        type: Cat
      indent: 4
      overlap: false
      type: Nest
    type: Cat
  max_line_width: 80
  renderer: smart
  simple_layout: null
output: "app:                             apple_terminal\n-\n# makes the commands\
  \ in generic_terminal available\ntag(): terminal\n\n# activates the implementation\
  \ of the commands/functions in generic_terminal\ntag(): user.generic_unix_shell\n\
  \n# makes commands for certain applications available\n# you can deactivate them\
  \ if you do not use the application\ntag(): user.git\ntag(): user.anaconda\ntag():\
  \ user.kubectl\n\n# TODO: explain\ntag(): user.tabs\ntag(): user.file_manager\n\n\
  suspend:                         key(ctrl-z)\nresume:\n    insert(\"fg\")\n    key(enter)\n"
