input:
  doc:
    docs:
    - text: '-'
      type: Text
    - type: Line
    - alts:
      - docs:
        - alts:
          - docs:
            - text: ^
              type: Text
            - text: force
              type: Text
            - type: Space
            - text: '{'
              type: Text
            - text: user.language_mode
              type: Text
            - text: '}'
              type: Text
            - text: $
              type: Text
            - text: ':'
              type: Text
            - doc:
                docs:
                - type: Line
                - text: user.code_set_language_mode
                  type: Text
                - text: (
                  type: Text
                - text: language_mode
                  type: Text
                - text: )
                  type: Text
                - type: Line
                type: Cat
              indent: 4
              overlap: false
              type: Nest
            type: Cat
          - cells:
            - docs:
              - text: ^
                type: Text
              - text: force
                type: Text
              - type: Space
              - text: '{'
                type: Text
              - text: user.language_mode
                type: Text
              - text: '}'
                type: Text
              - text: $
                type: Text
              - text: ':'
                type: Text
              type: Cat
            - doc:
                docs:
                - text: user.code_set_language_mode
                  type: Text
                - text: (
                  type: Text
                - text: language_mode
                  type: Text
                - text: )
                  type: Text
                - type: Line
                type: Cat
              function: _inline
              type: Edit
            info:
              hpad:
                text: ' '
              hsep:
                text: ' '
              min_col_widths: []
              table_type: command
            type: Row
          type: Alt
        - alts:
          - docs:
            - text: ^
              type: Text
            - text: clear
              type: Text
            - type: Space
            - text: language
              type: Text
            - type: Space
            - text: modes
              type: Text
            - text: $
              type: Text
            - text: ':'
              type: Text
            - doc:
                docs:
                - type: Line
                - text: user.code_clear_language_mode
                  type: Text
                - text: (
                  type: Text
                - text: )
                  type: Text
                - type: Line
                type: Cat
              indent: 4
              overlap: false
              type: Nest
            type: Cat
          - cells:
            - docs:
              - text: ^
                type: Text
              - text: clear
                type: Text
              - type: Space
              - text: language
                type: Text
              - type: Space
              - text: modes
                type: Text
              - text: $
                type: Text
              - text: ':'
                type: Text
              type: Cat
            - doc:
                docs:
                - text: user.code_clear_language_mode
                  type: Text
                - text: (
                  type: Text
                - text: )
                  type: Text
                - type: Line
                type: Cat
              function: _inline
              type: Edit
            info:
              hpad:
                text: ' '
              hsep:
                text: ' '
              min_col_widths: []
              table_type: command
            type: Row
          type: Alt
        - alts:
          - docs:
            - text: '['
              type: Text
            - text: enable
              type: Text
            - text: ']'
              type: Text
            - type: Space
            - text: debug
              type: Text
            - type: Space
            - text: mode
              type: Text
            - text: ':'
              type: Text
            - doc:
                docs:
                - type: Line
                - text: mode.enable
                  type: Text
                - text: (
                  type: Text
                - doc:
                    text: user.gdb
                    type: Text
                  function: _smart_quote
                  type: Edit
                - text: )
                  type: Text
                - type: Line
                type: Cat
              indent: 4
              overlap: false
              type: Nest
            type: Cat
          - cells:
            - docs:
              - text: '['
                type: Text
              - text: enable
                type: Text
              - text: ']'
                type: Text
              - type: Space
              - text: debug
                type: Text
              - type: Space
              - text: mode
                type: Text
              - text: ':'
                type: Text
              type: Cat
            - doc:
                docs:
                - text: mode.enable
                  type: Text
                - text: (
                  type: Text
                - doc:
                    text: user.gdb
                    type: Text
                  function: _smart_quote
                  type: Edit
                - text: )
                  type: Text
                - type: Line
                type: Cat
              function: _inline
              type: Edit
            info:
              hpad:
                text: ' '
              hsep:
                text: ' '
              min_col_widths: []
              table_type: command
            type: Row
          type: Alt
        - alts:
          - docs:
            - text: disable
              type: Text
            - type: Space
            - text: debug
              type: Text
            - type: Space
            - text: mode
              type: Text
            - text: ':'
              type: Text
            - doc:
                docs:
                - type: Line
                - text: mode.disable
                  type: Text
                - text: (
                  type: Text
                - doc:
                    text: user.gdb
                    type: Text
                  function: _smart_quote
                  type: Edit
                - text: )
                  type: Text
                - type: Line
                type: Cat
              indent: 4
              overlap: false
              type: Nest
            type: Cat
          - cells:
            - docs:
              - text: disable
                type: Text
              - type: Space
              - text: debug
                type: Text
              - type: Space
              - text: mode
                type: Text
              - text: ':'
                type: Text
              type: Cat
            - doc:
                docs:
                - text: mode.disable
                  type: Text
                - text: (
                  type: Text
                - doc:
                    text: user.gdb
                    type: Text
                  function: _smart_quote
                  type: Edit
                - text: )
                  type: Text
                - type: Line
                type: Cat
              function: _inline
              type: Edit
            info:
              hpad:
                text: ' '
              hsep:
                text: ' '
              min_col_widths: []
              table_type: command
            type: Row
          type: Alt
        type: Cat
      - rows:
        - cells:
          - docs:
            - text: ^
              type: Text
            - text: force
              type: Text
            - type: Space
            - text: '{'
              type: Text
            - text: user.language_mode
              type: Text
            - text: '}'
              type: Text
            - text: $
              type: Text
            - text: ':'
              type: Text
            type: Cat
          - doc:
              docs:
              - text: user.code_set_language_mode
                type: Text
              - text: (
                type: Text
              - text: language_mode
                type: Text
              - text: )
                type: Text
              - type: Line
              type: Cat
            function: _inline
            type: Edit
          info:
            hpad:
              text: ' '
            hsep:
              text: ' '
            min_col_widths: []
            table_type: command
          type: Row
        - cells:
          - docs:
            - text: ^
              type: Text
            - text: clear
              type: Text
            - type: Space
            - text: language
              type: Text
            - type: Space
            - text: modes
              type: Text
            - text: $
              type: Text
            - text: ':'
              type: Text
            type: Cat
          - doc:
              docs:
              - text: user.code_clear_language_mode
                type: Text
              - text: (
                type: Text
              - text: )
                type: Text
              - type: Line
              type: Cat
            function: _inline
            type: Edit
          info:
            hpad:
              text: ' '
            hsep:
              text: ' '
            min_col_widths: []
            table_type: command
          type: Row
        - cells:
          - docs:
            - text: '['
              type: Text
            - text: enable
              type: Text
            - text: ']'
              type: Text
            - type: Space
            - text: debug
              type: Text
            - type: Space
            - text: mode
              type: Text
            - text: ':'
              type: Text
            type: Cat
          - doc:
              docs:
              - text: mode.enable
                type: Text
              - text: (
                type: Text
              - doc:
                  text: user.gdb
                  type: Text
                function: _smart_quote
                type: Edit
              - text: )
                type: Text
              - type: Line
              type: Cat
            function: _inline
            type: Edit
          info:
            hpad:
              text: ' '
            hsep:
              text: ' '
            min_col_widths: []
            table_type: command
          type: Row
        - cells:
          - docs:
            - text: disable
              type: Text
            - type: Space
            - text: debug
              type: Text
            - type: Space
            - text: mode
              type: Text
            - text: ':'
              type: Text
            type: Cat
          - doc:
              docs:
              - text: mode.disable
                type: Text
              - text: (
                type: Text
              - doc:
                  text: user.gdb
                  type: Text
                function: _smart_quote
                type: Edit
              - text: )
                type: Text
              - type: Line
              type: Cat
            function: _inline
            type: Edit
          info:
            hpad:
              text: ' '
            hsep:
              text: ' '
            min_col_widths: []
            table_type: command
          type: Row
        type: Table
      type: Alt
    type: Cat
  max_line_width: null
  renderer: simple
  simple_layout: LongestLines
output: '-

  ^force {user.language_mode}$: user.code_set_language_mode(language_mode)

  ^clear language modes$:       user.code_clear_language_mode()

  [enable] debug mode:          mode.enable("user.gdb")

  disable debug mode:           mode.disable("user.gdb")

  '
