input:
  doc:
    docs:
    - cells:
      - docs:
        - text: tag
          type: Text
        - text: ':'
          type: Text
        type: Cat
      - text: user.code_object_oriented
        type: Text
      info:
        hpad:
          text: ' '
        hsep:
          text: ' '
        min_col_widths: []
        table_type: match
      type: Row
    - text: '-'
      type: Text
    - type: Line
    - text: self
      type: Text
    - type: Space
    - text: dot
      type: Text
    - text: ':'
      type: Text
    - doc:
        docs:
        - type: Line
        - text: user.code_self
          type: Text
        - text: (
          type: Text
        - text: )
          type: Text
        - type: Line
        - text: user.code_operator_object_accessor
          type: Text
        - text: (
          type: Text
        - text: )
          type: Text
        - type: Line
        type: Cat
      indent: 4
      overlap: false
      type: Nest
    - alts:
      - docs:
        - alts:
          - docs:
            - text: state
              type: Text
            - type: Space
            - text: self
              type: Text
            - text: ':'
              type: Text
            - doc:
                docs:
                - type: Line
                - text: user.code_self
                  type: Text
                - text: (
                  type: Text
                - text: )
                  type: Text
                - type: Line
                type: Cat
              indent: 4
              overlap: false
              type: Nest
            type: Cat
          - cells:
            - docs:
              - text: state
                type: Text
              - type: Space
              - text: self
                type: Text
              - text: ':'
                type: Text
              type: Cat
            - doc:
                docs:
                - text: user.code_self
                  type: Text
                - text: (
                  type: Text
                - text: )
                  type: Text
                - type: Line
                type: Cat
              function: _inline
              type: Edit
            info:
              hpad:
                text: ' '
              hsep:
                text: ' '
              min_col_widths: []
              table_type: command
            type: Row
          type: Alt
        - alts:
          - docs:
            - text: state
              type: Text
            - type: Space
            - text: class
              type: Text
            - text: ':'
              type: Text
            - doc:
                docs:
                - type: Line
                - text: user.code_define_class
                  type: Text
                - text: (
                  type: Text
                - text: )
                  type: Text
                - type: Line
                type: Cat
              indent: 4
              overlap: false
              type: Nest
            type: Cat
          - cells:
            - docs:
              - text: state
                type: Text
              - type: Space
              - text: class
                type: Text
              - text: ':'
                type: Text
              type: Cat
            - doc:
                docs:
                - text: user.code_define_class
                  type: Text
                - text: (
                  type: Text
                - text: )
                  type: Text
                - type: Line
                type: Cat
              function: _inline
              type: Edit
            info:
              hpad:
                text: ' '
              hsep:
                text: ' '
              min_col_widths: []
              table_type: command
            type: Row
          type: Alt
        type: Cat
      - rows:
        - cells:
          - docs:
            - text: state
              type: Text
            - type: Space
            - text: self
              type: Text
            - text: ':'
              type: Text
            type: Cat
          - doc:
              docs:
              - text: user.code_self
                type: Text
              - text: (
                type: Text
              - text: )
                type: Text
              - type: Line
              type: Cat
            function: _inline
            type: Edit
          info:
            hpad:
              text: ' '
            hsep:
              text: ' '
            min_col_widths: []
            table_type: command
          type: Row
        - cells:
          - docs:
            - text: state
              type: Text
            - type: Space
            - text: class
              type: Text
            - text: ':'
              type: Text
            type: Cat
          - doc:
              docs:
              - text: user.code_define_class
                type: Text
              - text: (
                type: Text
              - text: )
                type: Text
              - type: Line
              type: Cat
            function: _inline
            type: Edit
          info:
            hpad:
              text: ' '
            hsep:
              text: ' '
            min_col_widths: []
            table_type: command
          type: Row
        type: Table
      type: Alt
    type: Cat
  max_line_width: null
  renderer: simple
  simple_layout: LongestLines
output: "tag: user.code_object_oriented\n-\nself dot:\n    user.code_self()\n    user.code_operator_object_accessor()\n\
  state self:  user.code_self()\nstate class: user.code_define_class()\n"
