input:
  doc:
    docs:
    - cells:
      - docs:
        - text: mode
          type: Text
        - text: ':'
          type: Text
        type: Cat
      - text: user.homophones
        type: Text
      info:
        hpad:
          text: ' '
        hsep:
          text: ' '
        min_col_widths: []
        table_type: match
      type: Row
    - text: '-'
      type: Text
    - type: Line
    - text: choose
      type: Text
    - type: Space
    - text: <
      type: Text
    - text: number_small
      type: Text
    - text: '>'
      type: Text
    - text: ':'
      type: Text
    - doc:
        docs:
        - type: Line
        - text: result
          type: Text
        - type: Space
        - text: '='
          type: Text
        - type: Space
        - text: user.homophones_select
          type: Text
        - text: (
          type: Text
        - text: number_small
          type: Text
        - text: )
          type: Text
        - type: Line
        - text: insert
          type: Text
        - text: (
          type: Text
        - text: result
          type: Text
        - text: )
          type: Text
        - type: Line
        - text: user.homophones_hide
          type: Text
        - text: (
          type: Text
        - text: )
          type: Text
        - type: Line
        type: Cat
      indent: 4
      overlap: false
      type: Nest
    - text: choose
      type: Text
    - type: Space
    - text: <
      type: Text
    - text: user.formatters
      type: Text
    - text: '>'
      type: Text
    - type: Space
    - text: <
      type: Text
    - text: number_small
      type: Text
    - text: '>'
      type: Text
    - text: ':'
      type: Text
    - doc:
        docs:
        - type: Line
        - text: result
          type: Text
        - type: Space
        - text: '='
          type: Text
        - type: Space
        - text: user.homophones_select
          type: Text
        - text: (
          type: Text
        - text: number_small
          type: Text
        - text: )
          type: Text
        - type: Line
        - text: insert
          type: Text
        - text: (
          type: Text
        - text: user.formatted_text
          type: Text
        - text: (
          type: Text
        - text: result
          type: Text
        - text: ','
          type: Text
        - type: Space
        - text: formatters
          type: Text
        - text: )
          type: Text
        - text: )
          type: Text
        - type: Line
        - text: user.homophones_hide
          type: Text
        - text: (
          type: Text
        - text: )
          type: Text
        - type: Line
        type: Cat
      indent: 4
      overlap: false
      type: Nest
    type: Cat
  max_line_width: null
  renderer: simple
  simple_layout: LongestLines
output: "mode: user.homophones\n-\nchoose <number_small>:\n    result = user.homophones_select(number_small)\n\
  \    insert(result)\n    user.homophones_hide()\nchoose <user.formatters> <number_small>:\n\
  \    result = user.homophones_select(number_small)\n    insert(user.formatted_text(result,\
  \ formatters))\n    user.homophones_hide()\n"
