input:
  doc:
    docs:
    - cells:
      - docs:
        - text: os
        - text: ':'
      - text: mac
      info:
        hpad:
          text: ' '
        hsep:
          text: ' '
        min_col_widths: []
        table_type: match
    - cells:
      - docs:
        - text: os
        - text: ':'
      - text: windows
      info:
        hpad:
          text: ' '
        hsep:
          text: ' '
        min_col_widths: []
        table_type: match
    - text: '-'
    - text: '

        '
    - text: '#'
    - text: ' '
    - text: 'no'
    - text: ' '
    - text: body
    - text: '

        '
  max_line_width: null
  renderer: simple
  simple_layout: ShortestLines
output: |
  os: mac
  os: windows
  -
  # no body
