input:
  doc:
    docs:
    - cells:
      - docs:
        - text: os
          type: Text
        - text: ':'
          type: Text
        type: Cat
      - text: mac
        type: Text
      info:
        hpad:
          text: ' '
        hsep:
          text: ' '
        min_col_widths: []
        table_type: match
      type: Row
    - cells:
      - docs:
        - text: app
          type: Text
        - text: ':'
          type: Text
        type: Cat
      - text: finder
        type: Text
      info:
        hpad:
          text: ' '
        hsep:
          text: ' '
        min_col_widths: []
        table_type: match
      type: Row
    - text: '-'
      type: Text
    - type: Line
    - text: 'tag():'
      type: Text
    - type: Space
    - text: user.file_manager
      type: Text
    - type: Line
    - text: 'tag():'
      type: Text
    - type: Space
    - text: user.tabs
      type: Text
    - type: Line
    - alts:
      - docs:
        - text: preferences
          type: Text
        - text: ':'
          type: Text
        - doc:
            docs:
            - type: Line
            - text: key
              type: Text
            - text: (
              type: Text
            - text: cmd-,
              type: Text
            - text: )
              type: Text
            - type: Line
            type: Cat
          indent: 4
          overlap: false
          type: Nest
        type: Cat
      - cells:
        - docs:
          - text: preferences
            type: Text
          - text: ':'
            type: Text
          type: Cat
        - doc:
            docs:
            - text: key
              type: Text
            - text: (
              type: Text
            - text: cmd-,
              type: Text
            - text: )
              type: Text
            - type: Line
            type: Cat
          function: _inline
          type: Edit
        info:
          hpad:
            text: ' '
          hsep:
            text: ' '
          min_col_widths: []
          table_type: command
        type: Row
      type: Alt
    - alts:
      - docs:
        - text: options
          type: Text
        - text: ':'
          type: Text
        - doc:
            docs:
            - type: Line
            - text: key
              type: Text
            - text: (
              type: Text
            - text: cmd-j
              type: Text
            - text: )
              type: Text
            - type: Line
            type: Cat
          indent: 4
          overlap: false
          type: Nest
        type: Cat
      - cells:
        - docs:
          - text: options
            type: Text
          - text: ':'
            type: Text
          type: Cat
        - doc:
            docs:
            - text: key
              type: Text
            - text: (
              type: Text
            - text: cmd-j
              type: Text
            - text: )
              type: Text
            - type: Line
            type: Cat
          function: _inline
          type: Edit
        info:
          hpad:
            text: ' '
          hsep:
            text: ' '
          min_col_widths: []
          table_type: command
        type: Row
      type: Alt
    - alts:
      - docs:
        - text: search
          type: Text
        - text: ':'
          type: Text
        - doc:
            docs:
            - type: Line
            - text: key
              type: Text
            - text: (
              type: Text
            - text: cmd-alt-f
              type: Text
            - text: )
              type: Text
            - type: Line
            type: Cat
          indent: 4
          overlap: false
          type: Nest
        type: Cat
      - cells:
        - docs:
          - text: search
            type: Text
          - text: ':'
            type: Text
          type: Cat
        - doc:
            docs:
            - text: key
              type: Text
            - text: (
              type: Text
            - text: cmd-alt-f
              type: Text
            - text: )
              type: Text
            - type: Line
            type: Cat
          function: _inline
          type: Edit
        info:
          hpad:
            text: ' '
          hsep:
            text: ' '
          min_col_widths: []
          table_type: command
        type: Row
      type: Alt
    - type: Line
    - text: '#'
      type: Text
    - type: Space
    - text: bit
      type: Text
    - type: Space
    - text: of
      type: Text
    - type: Space
    - text: a
      type: Text
    - type: Space
    - text: mouthful,
      type: Text
    - type: Space
    - text: but
      type: Text
    - type: Space
    - text: it's
      type: Text
    - type: Space
    - text: probably
      type: Text
    - type: Space
    - text: not
      type: Text
    - type: Space
    - text: the
      type: Text
    - type: Space
    - text: kind
      type: Text
    - type: Space
    - text: of
      type: Text
    - type: Space
    - text: thing
      type: Text
    - type: Space
    - text: you'd
      type: Text
    - type: Space
    - text: be
      type: Text
    - type: Space
    - text: saying
      type: Text
    - type: Space
    - text: frequently
      type: Text
    - type: Line
    - alts:
      - docs:
        - text: sort
          type: Text
        - type: Space
        - text: by
          type: Text
        - type: Space
        - text: none
          type: Text
        - text: ':'
          type: Text
        - doc:
            docs:
            - type: Line
            - text: key
              type: Text
            - text: (
              type: Text
            - text: ctrl-alt-cmd-0
              type: Text
            - text: )
              type: Text
            - type: Line
            type: Cat
          indent: 4
          overlap: false
          type: Nest
        type: Cat
      - cells:
        - docs:
          - text: sort
            type: Text
          - type: Space
          - text: by
            type: Text
          - type: Space
          - text: none
            type: Text
          - text: ':'
            type: Text
          type: Cat
        - doc:
            docs:
            - text: key
              type: Text
            - text: (
              type: Text
            - text: ctrl-alt-cmd-0
              type: Text
            - text: )
              type: Text
            - type: Line
            type: Cat
          function: _inline
          type: Edit
        info:
          hpad:
            text: ' '
          hsep:
            text: ' '
          min_col_widths: []
          table_type: command
        type: Row
      type: Alt
    - alts:
      - docs:
        - text: sort
          type: Text
        - type: Space
        - text: by
          type: Text
        - type: Space
        - text: name
          type: Text
        - text: ':'
          type: Text
        - doc:
            docs:
            - type: Line
            - text: key
              type: Text
            - text: (
              type: Text
            - text: ctrl-alt-cmd-1
              type: Text
            - text: )
              type: Text
            - type: Line
            type: Cat
          indent: 4
          overlap: false
          type: Nest
        type: Cat
      - cells:
        - docs:
          - text: sort
            type: Text
          - type: Space
          - text: by
            type: Text
          - type: Space
          - text: name
            type: Text
          - text: ':'
            type: Text
          type: Cat
        - doc:
            docs:
            - text: key
              type: Text
            - text: (
              type: Text
            - text: ctrl-alt-cmd-1
              type: Text
            - text: )
              type: Text
            - type: Line
            type: Cat
          function: _inline
          type: Edit
        info:
          hpad:
            text: ' '
          hsep:
            text: ' '
          min_col_widths: []
          table_type: command
        type: Row
      type: Alt
    - alts:
      - docs:
        - text: sort
          type: Text
        - type: Space
        - text: by
          type: Text
        - type: Space
        - text: kind
          type: Text
        - text: ':'
          type: Text
        - doc:
            docs:
            - type: Line
            - text: key
              type: Text
            - text: (
              type: Text
            - text: ctrl-alt-cmd-2
              type: Text
            - text: )
              type: Text
            - type: Line
            type: Cat
          indent: 4
          overlap: false
          type: Nest
        type: Cat
      - cells:
        - docs:
          - text: sort
            type: Text
          - type: Space
          - text: by
            type: Text
          - type: Space
          - text: kind
            type: Text
          - text: ':'
            type: Text
          type: Cat
        - doc:
            docs:
            - text: key
              type: Text
            - text: (
              type: Text
            - text: ctrl-alt-cmd-2
              type: Text
            - text: )
              type: Text
            - type: Line
            type: Cat
          function: _inline
          type: Edit
        info:
          hpad:
            text: ' '
          hsep:
            text: ' '
          min_col_widths: []
          table_type: command
        type: Row
      type: Alt
    - alts:
      - docs:
        - text: sort
          type: Text
        - type: Space
        - text: by
          type: Text
        - type: Space
        - text: date
          type: Text
        - type: Space
        - text: opened
          type: Text
        - text: ':'
          type: Text
        - doc:
            docs:
            - type: Line
            - text: key
              type: Text
            - text: (
              type: Text
            - text: ctrl-alt-cmd-3
              type: Text
            - text: )
              type: Text
            - type: Line
            type: Cat
          indent: 4
          overlap: false
          type: Nest
        type: Cat
      - cells:
        - docs:
          - text: sort
            type: Text
          - type: Space
          - text: by
            type: Text
          - type: Space
          - text: date
            type: Text
          - type: Space
          - text: opened
            type: Text
          - text: ':'
            type: Text
          type: Cat
        - doc:
            docs:
            - text: key
              type: Text
            - text: (
              type: Text
            - text: ctrl-alt-cmd-3
              type: Text
            - text: )
              type: Text
            - type: Line
            type: Cat
          function: _inline
          type: Edit
        info:
          hpad:
            text: ' '
          hsep:
            text: ' '
          min_col_widths: []
          table_type: command
        type: Row
      type: Alt
    - alts:
      - docs:
        - text: sort
          type: Text
        - type: Space
        - text: by
          type: Text
        - type: Space
        - text: date
          type: Text
        - type: Space
        - text: added
          type: Text
        - text: ':'
          type: Text
        - doc:
            docs:
            - type: Line
            - text: key
              type: Text
            - text: (
              type: Text
            - text: ctrl-alt-cmd-4
              type: Text
            - text: )
              type: Text
            - type: Line
            type: Cat
          indent: 4
          overlap: false
          type: Nest
        type: Cat
      - cells:
        - docs:
          - text: sort
            type: Text
          - type: Space
          - text: by
            type: Text
          - type: Space
          - text: date
            type: Text
          - type: Space
          - text: added
            type: Text
          - text: ':'
            type: Text
          type: Cat
        - doc:
            docs:
            - text: key
              type: Text
            - text: (
              type: Text
            - text: ctrl-alt-cmd-4
              type: Text
            - text: )
              type: Text
            - type: Line
            type: Cat
          function: _inline
          type: Edit
        info:
          hpad:
            text: ' '
          hsep:
            text: ' '
          min_col_widths: []
          table_type: command
        type: Row
      type: Alt
    - alts:
      - docs:
        - text: sort
          type: Text
        - type: Space
        - text: by
          type: Text
        - type: Space
        - text: date
          type: Text
        - type: Space
        - text: modified
          type: Text
        - text: ':'
          type: Text
        - doc:
            docs:
            - type: Line
            - text: key
              type: Text
            - text: (
              type: Text
            - text: ctrl-alt-cmd-5
              type: Text
            - text: )
              type: Text
            - type: Line
            type: Cat
          indent: 4
          overlap: false
          type: Nest
        type: Cat
      - cells:
        - docs:
          - text: sort
            type: Text
          - type: Space
          - text: by
            type: Text
          - type: Space
          - text: date
            type: Text
          - type: Space
          - text: modified
            type: Text
          - text: ':'
            type: Text
          type: Cat
        - doc:
            docs:
            - text: key
              type: Text
            - text: (
              type: Text
            - text: ctrl-alt-cmd-5
              type: Text
            - text: )
              type: Text
            - type: Line
            type: Cat
          function: _inline
          type: Edit
        info:
          hpad:
            text: ' '
          hsep:
            text: ' '
          min_col_widths: []
          table_type: command
        type: Row
      type: Alt
    - alts:
      - docs:
        - text: sort
          type: Text
        - type: Space
        - text: by
          type: Text
        - type: Space
        - text: size
          type: Text
        - text: ':'
          type: Text
        - doc:
            docs:
            - type: Line
            - text: key
              type: Text
            - text: (
              type: Text
            - text: ctrl-alt-cmd-6
              type: Text
            - text: )
              type: Text
            - type: Line
            type: Cat
          indent: 4
          overlap: false
          type: Nest
        type: Cat
      - cells:
        - docs:
          - text: sort
            type: Text
          - type: Space
          - text: by
            type: Text
          - type: Space
          - text: size
            type: Text
          - text: ':'
            type: Text
          type: Cat
        - doc:
            docs:
            - text: key
              type: Text
            - text: (
              type: Text
            - text: ctrl-alt-cmd-6
              type: Text
            - text: )
              type: Text
            - type: Line
            type: Cat
          function: _inline
          type: Edit
        info:
          hpad:
            text: ' '
          hsep:
            text: ' '
          min_col_widths: []
          table_type: command
        type: Row
      type: Alt
    - type: Line
    - alts:
      - docs:
        - text: icon
          type: Text
        - type: Space
        - text: view
          type: Text
        - text: ':'
          type: Text
        - doc:
            docs:
            - type: Line
            - text: key
              type: Text
            - text: (
              type: Text
            - text: cmd-1
              type: Text
            - text: )
              type: Text
            - type: Line
            type: Cat
          indent: 4
          overlap: false
          type: Nest
        type: Cat
      - cells:
        - docs:
          - text: icon
            type: Text
          - type: Space
          - text: view
            type: Text
          - text: ':'
            type: Text
          type: Cat
        - doc:
            docs:
            - text: key
              type: Text
            - text: (
              type: Text
            - text: cmd-1
              type: Text
            - text: )
              type: Text
            - type: Line
            type: Cat
          function: _inline
          type: Edit
        info:
          hpad:
            text: ' '
          hsep:
            text: ' '
          min_col_widths: []
          table_type: command
        type: Row
      type: Alt
    - alts:
      - docs:
        - text: column
          type: Text
        - type: Space
        - text: view
          type: Text
        - text: ':'
          type: Text
        - doc:
            docs:
            - type: Line
            - text: key
              type: Text
            - text: (
              type: Text
            - text: cmd-3
              type: Text
            - text: )
              type: Text
            - type: Line
            type: Cat
          indent: 4
          overlap: false
          type: Nest
        type: Cat
      - cells:
        - docs:
          - text: column
            type: Text
          - type: Space
          - text: view
            type: Text
          - text: ':'
            type: Text
          type: Cat
        - doc:
            docs:
            - text: key
              type: Text
            - text: (
              type: Text
            - text: cmd-3
              type: Text
            - text: )
              type: Text
            - type: Line
            type: Cat
          function: _inline
          type: Edit
        info:
          hpad:
            text: ' '
          hsep:
            text: ' '
          min_col_widths: []
          table_type: command
        type: Row
      type: Alt
    - alts:
      - docs:
        - text: list
          type: Text
        - type: Space
        - text: view
          type: Text
        - text: ':'
          type: Text
        - doc:
            docs:
            - type: Line
            - text: key
              type: Text
            - text: (
              type: Text
            - text: cmd-2
              type: Text
            - text: )
              type: Text
            - type: Line
            type: Cat
          indent: 4
          overlap: false
          type: Nest
        type: Cat
      - cells:
        - docs:
          - text: list
            type: Text
          - type: Space
          - text: view
            type: Text
          - text: ':'
            type: Text
          type: Cat
        - doc:
            docs:
            - text: key
              type: Text
            - text: (
              type: Text
            - text: cmd-2
              type: Text
            - text: )
              type: Text
            - type: Line
            type: Cat
          function: _inline
          type: Edit
        info:
          hpad:
            text: ' '
          hsep:
            text: ' '
          min_col_widths: []
          table_type: command
        type: Row
      type: Alt
    - alts:
      - docs:
        - text: gallery
          type: Text
        - type: Space
        - text: view
          type: Text
        - text: ':'
          type: Text
        - doc:
            docs:
            - type: Line
            - text: key
              type: Text
            - text: (
              type: Text
            - text: cmd-4
              type: Text
            - text: )
              type: Text
            - type: Line
            type: Cat
          indent: 4
          overlap: false
          type: Nest
        type: Cat
      - cells:
        - docs:
          - text: gallery
            type: Text
          - type: Space
          - text: view
            type: Text
          - text: ':'
            type: Text
          type: Cat
        - doc:
            docs:
            - text: key
              type: Text
            - text: (
              type: Text
            - text: cmd-4
              type: Text
            - text: )
              type: Text
            - type: Line
            type: Cat
          function: _inline
          type: Edit
        info:
          hpad:
            text: ' '
          hsep:
            text: ' '
          min_col_widths: []
          table_type: command
        type: Row
      type: Alt
    - type: Line
    - alts:
      - docs:
        - text: copy
          type: Text
        - type: Space
        - text: path
          type: Text
        - text: ':'
          type: Text
        - doc:
            docs:
            - type: Line
            - text: key
              type: Text
            - text: (
              type: Text
            - text: alt-cmd-c
              type: Text
            - text: )
              type: Text
            - type: Line
            type: Cat
          indent: 4
          overlap: false
          type: Nest
        type: Cat
      - cells:
        - docs:
          - text: copy
            type: Text
          - type: Space
          - text: path
            type: Text
          - text: ':'
            type: Text
          type: Cat
        - doc:
            docs:
            - text: key
              type: Text
            - text: (
              type: Text
            - text: alt-cmd-c
              type: Text
            - text: )
              type: Text
            - type: Line
            type: Cat
          function: _inline
          type: Edit
        info:
          hpad:
            text: ' '
          hsep:
            text: ' '
          min_col_widths: []
          table_type: command
        type: Row
      type: Alt
    - alts:
      - docs:
        - text: trash
          type: Text
        - type: Space
        - text: it
          type: Text
        - text: ':'
          type: Text
        - doc:
            docs:
            - type: Line
            - text: key
              type: Text
            - text: (
              type: Text
            - text: cmd-backspace
              type: Text
            - text: )
              type: Text
            - type: Line
            type: Cat
          indent: 4
          overlap: false
          type: Nest
        type: Cat
      - cells:
        - docs:
          - text: trash
            type: Text
          - type: Space
          - text: it
            type: Text
          - text: ':'
            type: Text
          type: Cat
        - doc:
            docs:
            - text: key
              type: Text
            - text: (
              type: Text
            - text: cmd-backspace
              type: Text
            - text: )
              type: Text
            - type: Line
            type: Cat
          function: _inline
          type: Edit
        info:
          hpad:
            text: ' '
          hsep:
            text: ' '
          min_col_widths: []
          table_type: command
        type: Row
      type: Alt
    - type: Line
    - alts:
      - docs:
        - text: hide
          type: Text
        - type: Space
        - text: '['
          type: Text
        - text: finder
          type: Text
        - text: ']'
          type: Text
        - text: ':'
          type: Text
        - doc:
            docs:
            - type: Line
            - text: key
              type: Text
            - text: (
              type: Text
            - text: cmd-h
              type: Text
            - text: )
              type: Text
            - type: Line
            type: Cat
          indent: 4
          overlap: false
          type: Nest
        type: Cat
      - cells:
        - docs:
          - text: hide
            type: Text
          - type: Space
          - text: '['
            type: Text
          - text: finder
            type: Text
          - text: ']'
            type: Text
          - text: ':'
            type: Text
          type: Cat
        - doc:
            docs:
            - text: key
              type: Text
            - text: (
              type: Text
            - text: cmd-h
              type: Text
            - text: )
              type: Text
            - type: Line
            type: Cat
          function: _inline
          type: Edit
        info:
          hpad:
            text: ' '
          hsep:
            text: ' '
          min_col_widths: []
          table_type: command
        type: Row
      type: Alt
    - alts:
      - docs:
        - text: hide
          type: Text
        - type: Space
        - text: others
          type: Text
        - text: ':'
          type: Text
        - doc:
            docs:
            - type: Line
            - text: app.window_hide_others
              type: Text
            - text: (
              type: Text
            - text: )
              type: Text
            - type: Line
            type: Cat
          indent: 4
          overlap: false
          type: Nest
        type: Cat
      - cells:
        - docs:
          - text: hide
            type: Text
          - type: Space
          - text: others
            type: Text
          - text: ':'
            type: Text
          type: Cat
        - doc:
            docs:
            - text: app.window_hide_others
              type: Text
            - text: (
              type: Text
            - text: )
              type: Text
            - type: Line
            type: Cat
          function: _inline
          type: Edit
        info:
          hpad:
            text: ' '
          hsep:
            text: ' '
          min_col_widths: []
          table_type: command
        type: Row
      type: Alt
    type: Cat
  max_line_width: null
  renderer: simple
  simple_layout: ShortestLines
output: "os: mac\napp: finder\n-\ntag(): user.file_manager\ntag(): user.tabs\npreferences:\n\
  \    key(cmd-,)\noptions:\n    key(cmd-j)\nsearch:\n    key(cmd-alt-f)\n\n# bit\
  \ of a mouthful, but it's probably not the kind of thing you'd be saying frequently\n\
  sort by none:\n    key(ctrl-alt-cmd-0)\nsort by name:\n    key(ctrl-alt-cmd-1)\n\
  sort by kind:\n    key(ctrl-alt-cmd-2)\nsort by date opened:\n    key(ctrl-alt-cmd-3)\n\
  sort by date added:\n    key(ctrl-alt-cmd-4)\nsort by date modified:\n    key(ctrl-alt-cmd-5)\n\
  sort by size:\n    key(ctrl-alt-cmd-6)\n\nicon view:\n    key(cmd-1)\ncolumn view:\n\
  \    key(cmd-3)\nlist view:\n    key(cmd-2)\ngallery view:\n    key(cmd-4)\n\ncopy\
  \ path:\n    key(alt-cmd-c)\ntrash it:\n    key(cmd-backspace)\n\nhide [finder]:\n\
  \    key(cmd-h)\nhide others:\n    app.window_hide_others()\n"
