input:
  doc:
    docs:
    - text: '-'
    - text: '

        '
    - alts:
      - docs:
        - text: phones
        - text: ' '
        - text: <
        - text: user.homophones_canonical
        - text: '>'
        - text: ':'
        - doc:
            docs:
            - text: '

                '
            - text: user.homophones_show
            - text: (
            - text: homophones_canonical
            - text: )
            - text: '

                '
          indent: 4
          overlap: false
      - cells:
        - docs:
          - text: phones
          - text: ' '
          - text: <
          - text: user.homophones_canonical
          - text: '>'
          - text: ':'
        - doc:
            docs:
            - text: user.homophones_show
            - text: (
            - text: homophones_canonical
            - text: )
            - text: '

                '
          function: _inline
        info:
          hpad:
            text: ' '
          hsep:
            text: ' '
          min_col_widths: []
          table_type: command
    - alts:
      - docs:
        - text: phones
        - text: ' '
        - text: that
        - text: ':'
        - doc:
            docs:
            - text: '

                '
            - text: user.homophones_show_selection
            - text: (
            - text: )
            - text: '

                '
          indent: 4
          overlap: false
      - cells:
        - docs:
          - text: phones
          - text: ' '
          - text: that
          - text: ':'
        - doc:
            docs:
            - text: user.homophones_show_selection
            - text: (
            - text: )
            - text: '

                '
          function: _inline
        info:
          hpad:
            text: ' '
          hsep:
            text: ' '
          min_col_widths: []
          table_type: command
    - alts:
      - docs:
        - text: phones
        - text: ' '
        - text: force
        - text: ' '
        - text: <
        - text: user.homophones_canonical
        - text: '>'
        - text: ':'
        - doc:
            docs:
            - text: '

                '
            - text: user.homophones_force_show
            - text: (
            - text: homophones_canonical
            - text: )
            - text: '

                '
          indent: 4
          overlap: false
      - cells:
        - docs:
          - text: phones
          - text: ' '
          - text: force
          - text: ' '
          - text: <
          - text: user.homophones_canonical
          - text: '>'
          - text: ':'
        - doc:
            docs:
            - text: user.homophones_force_show
            - text: (
            - text: homophones_canonical
            - text: )
            - text: '

                '
          function: _inline
        info:
          hpad:
            text: ' '
          hsep:
            text: ' '
          min_col_widths: []
          table_type: command
    - alts:
      - docs:
        - text: phones
        - text: ' '
        - text: force
        - text: ':'
        - doc:
            docs:
            - text: '

                '
            - text: user.homophones_force_show_selection
            - text: (
            - text: )
            - text: '

                '
          indent: 4
          overlap: false
      - cells:
        - docs:
          - text: phones
          - text: ' '
          - text: force
          - text: ':'
        - doc:
            docs:
            - text: user.homophones_force_show_selection
            - text: (
            - text: )
            - text: '

                '
          function: _inline
        info:
          hpad:
            text: ' '
          hsep:
            text: ' '
          min_col_widths: []
          table_type: command
    - alts:
      - docs:
        - text: phones
        - text: ' '
        - text: hide
        - text: ':'
        - doc:
            docs:
            - text: '

                '
            - text: user.homophones_hide
            - text: (
            - text: )
            - text: '

                '
          indent: 4
          overlap: false
      - cells:
        - docs:
          - text: phones
          - text: ' '
          - text: hide
          - text: ':'
        - doc:
            docs:
            - text: user.homophones_hide
            - text: (
            - text: )
            - text: '

                '
          function: _inline
        info:
          hpad:
            text: ' '
          hsep:
            text: ' '
          min_col_widths: []
          table_type: command
    - text: phones
    - text: ' '
    - text: word
    - text: ':'
    - doc:
        docs:
        - text: '

            '
        - text: edit.select_word
        - text: (
        - text: )
        - text: '

            '
        - text: user.homophones_show_selection
        - text: (
        - text: )
        - text: '

            '
      indent: 4
      overlap: false
    - text: phones
    - text: ' '
    - text: '['
    - text: <
    - text: user.ordinals
    - text: '>'
    - text: ']'
    - text: ' '
    - text: word
    - text: ' '
    - text: left
    - text: ':'
    - doc:
        docs:
        - text: '

            '
        - text: n
        - text: ' '
        - text: '='
        - text: ' '
        - text: ordinals
        - text: ' '
        - text: or
        - text: ' '
        - text: '1'
        - text: '

            '
        - text: user.words_left
        - text: (
        - text: n
        - text: ' '
        - text: '-'
        - text: ' '
        - text: '1'
        - text: )
        - text: '

            '
        - text: edit.extend_word_left
        - text: (
        - text: )
        - text: '

            '
        - text: user.homophones_show_selection
        - text: (
        - text: )
        - text: '

            '
      indent: 4
      overlap: false
    - text: phones
    - text: ' '
    - text: '['
    - text: <
    - text: user.ordinals
    - text: '>'
    - text: ']'
    - text: ' '
    - text: word
    - text: ' '
    - text: right
    - text: ':'
    - doc:
        docs:
        - text: '

            '
        - text: n
        - text: ' '
        - text: '='
        - text: ' '
        - text: ordinals
        - text: ' '
        - text: or
        - text: ' '
        - text: '1'
        - text: '

            '
        - text: user.words_right
        - text: (
        - text: n
        - text: ' '
        - text: '-'
        - text: ' '
        - text: '1'
        - text: )
        - text: '

            '
        - text: edit.extend_word_right
        - text: (
        - text: )
        - text: '

            '
        - text: user.homophones_show_selection
        - text: (
        - text: )
        - text: '

            '
      indent: 4
      overlap: false
  max_line_width: null
  renderer: simple
  simple_layout: ShortestLines
output: |
  -
  phones <user.homophones_canonical>:
      user.homophones_show(homophones_canonical)
  phones that:
      user.homophones_show_selection()
  phones force <user.homophones_canonical>:
      user.homophones_force_show(homophones_canonical)
  phones force:
      user.homophones_force_show_selection()
  phones hide:
      user.homophones_hide()
  phones word:
      edit.select_word()
      user.homophones_show_selection()
  phones [<user.ordinals>] word left:
      n = ordinals or 1
      user.words_left(n - 1)
      edit.extend_word_left()
      user.homophones_show_selection()
  phones [<user.ordinals>] word right:
      n = ordinals or 1
      user.words_right(n - 1)
      edit.extend_word_right()
      user.homophones_show_selection()
