input:
  doc:
    docs:
    - cells:
      - docs:
        - text: mode
          type: Text
        - text: ':'
          type: Text
        type: Cat
      - text: user.help
        type: Text
      info:
        hpad:
          text: ' '
        hsep:
          text: ' '
        min_col_widths: []
        table_type: match
      type: Row
    - text: '-'
      type: Text
    - type: Line
    - alts:
      - docs:
        - text: help
          type: Text
        - type: Space
        - text: next
          type: Text
        - text: $
          type: Text
        - text: ':'
          type: Text
        - doc:
            docs:
            - type: Line
            - text: user.help_next
              type: Text
            - text: (
              type: Text
            - text: )
              type: Text
            - type: Line
            type: Cat
          indent: 4
          overlap: false
          type: Nest
        type: Cat
      - cells:
        - docs:
          - text: help
            type: Text
          - type: Space
          - text: next
            type: Text
          - text: $
            type: Text
          - text: ':'
            type: Text
          type: Cat
        - doc:
            docs:
            - text: user.help_next
              type: Text
            - text: (
              type: Text
            - text: )
              type: Text
            - type: Line
            type: Cat
          function: _inline
          type: Edit
        info:
          hpad:
            text: ' '
          hsep:
            text: ' '
          min_col_widths: []
          table_type: command
        type: Row
      type: Alt
    - alts:
      - docs:
        - text: help
          type: Text
        - type: Space
        - text: previous
          type: Text
        - text: $
          type: Text
        - text: ':'
          type: Text
        - doc:
            docs:
            - type: Line
            - text: user.help_previous
              type: Text
            - text: (
              type: Text
            - text: )
              type: Text
            - type: Line
            type: Cat
          indent: 4
          overlap: false
          type: Nest
        type: Cat
      - cells:
        - docs:
          - text: help
            type: Text
          - type: Space
          - text: previous
            type: Text
          - text: $
            type: Text
          - text: ':'
            type: Text
          type: Cat
        - doc:
            docs:
            - text: user.help_previous
              type: Text
            - text: (
              type: Text
            - text: )
              type: Text
            - type: Line
            type: Cat
          function: _inline
          type: Edit
        info:
          hpad:
            text: ' '
          hsep:
            text: ' '
          min_col_widths: []
          table_type: command
        type: Row
      type: Alt
    - alts:
      - docs:
        - text: help
          type: Text
        - type: Space
        - text: <
          type: Text
        - text: number
          type: Text
        - text: '>'
          type: Text
        - text: $
          type: Text
        - text: ':'
          type: Text
        - doc:
            docs:
            - type: Line
            - text: user.help_select_index
              type: Text
            - text: (
              type: Text
            - text: number
              type: Text
            - type: Space
            - text: '-'
              type: Text
            - type: Space
            - text: '1'
              type: Text
            - text: )
              type: Text
            - type: Line
            type: Cat
          indent: 4
          overlap: false
          type: Nest
        type: Cat
      - cells:
        - docs:
          - text: help
            type: Text
          - type: Space
          - text: <
            type: Text
          - text: number
            type: Text
          - text: '>'
            type: Text
          - text: $
            type: Text
          - text: ':'
            type: Text
          type: Cat
        - doc:
            docs:
            - text: user.help_select_index
              type: Text
            - text: (
              type: Text
            - text: number
              type: Text
            - type: Space
            - text: '-'
              type: Text
            - type: Space
            - text: '1'
              type: Text
            - text: )
              type: Text
            - type: Line
            type: Cat
          function: _inline
          type: Edit
        info:
          hpad:
            text: ' '
          hsep:
            text: ' '
          min_col_widths: []
          table_type: command
        type: Row
      type: Alt
    - alts:
      - docs:
        - text: help
          type: Text
        - type: Space
        - text: return
          type: Text
        - text: $
          type: Text
        - text: ':'
          type: Text
        - doc:
            docs:
            - type: Line
            - text: user.help_return
              type: Text
            - text: (
              type: Text
            - text: )
              type: Text
            - type: Line
            type: Cat
          indent: 4
          overlap: false
          type: Nest
        type: Cat
      - cells:
        - docs:
          - text: help
            type: Text
          - type: Space
          - text: return
            type: Text
          - text: $
            type: Text
          - text: ':'
            type: Text
          type: Cat
        - doc:
            docs:
            - text: user.help_return
              type: Text
            - text: (
              type: Text
            - text: )
              type: Text
            - type: Line
            type: Cat
          function: _inline
          type: Edit
        info:
          hpad:
            text: ' '
          hsep:
            text: ' '
          min_col_widths: []
          table_type: command
        type: Row
      type: Alt
    - alts:
      - docs:
        - text: help
          type: Text
        - type: Space
        - text: refresh
          type: Text
        - text: $
          type: Text
        - text: ':'
          type: Text
        - doc:
            docs:
            - type: Line
            - text: user.help_refresh
              type: Text
            - text: (
              type: Text
            - text: )
              type: Text
            - type: Line
            type: Cat
          indent: 4
          overlap: false
          type: Nest
        type: Cat
      - cells:
        - docs:
          - text: help
            type: Text
          - type: Space
          - text: refresh
            type: Text
          - text: $
            type: Text
          - text: ':'
            type: Text
          type: Cat
        - doc:
            docs:
            - text: user.help_refresh
              type: Text
            - text: (
              type: Text
            - text: )
              type: Text
            - type: Line
            type: Cat
          function: _inline
          type: Edit
        info:
          hpad:
            text: ' '
          hsep:
            text: ' '
          min_col_widths: []
          table_type: command
        type: Row
      type: Alt
    - alts:
      - docs:
        - text: help
          type: Text
        - type: Space
        - text: close
          type: Text
        - text: $
          type: Text
        - text: ':'
          type: Text
        - doc:
            docs:
            - type: Line
            - text: user.help_hide
              type: Text
            - text: (
              type: Text
            - text: )
              type: Text
            - type: Line
            type: Cat
          indent: 4
          overlap: false
          type: Nest
        type: Cat
      - cells:
        - docs:
          - text: help
            type: Text
          - type: Space
          - text: close
            type: Text
          - text: $
            type: Text
          - text: ':'
            type: Text
          type: Cat
        - doc:
            docs:
            - text: user.help_hide
              type: Text
            - text: (
              type: Text
            - text: )
              type: Text
            - type: Line
            type: Cat
          function: _inline
          type: Edit
        info:
          hpad:
            text: ' '
          hsep:
            text: ' '
          min_col_widths: []
          table_type: command
        type: Row
      type: Alt
    type: Cat
  max_line_width: null
  renderer: simple
  simple_layout: ShortestLines
output: "mode: user.help\n-\nhelp next$:\n    user.help_next()\nhelp previous$:\n\
  \    user.help_previous()\nhelp <number>$:\n    user.help_select_index(number -\
  \ 1)\nhelp return$:\n    user.help_return()\nhelp refresh$:\n    user.help_refresh()\n\
  help close$:\n    user.help_hide()\n"
