input:
  doc:
    docs:
    - text: '-'
    - text: '

        '
    - alts:
      - docs:
        - text: ^
        - text: force
        - text: ' '
        - text: '{'
        - text: user.language_mode
        - text: '}'
        - text: $
        - text: ':'
        - doc:
            docs:
            - text: '

                '
            - text: user.code_set_language_mode
            - text: (
            - text: language_mode
            - text: )
            - text: '

                '
          indent: 4
          overlap: false
      - cells:
        - docs:
          - text: ^
          - text: force
          - text: ' '
          - text: '{'
          - text: user.language_mode
          - text: '}'
          - text: $
          - text: ':'
        - doc:
            docs:
            - text: user.code_set_language_mode
            - text: (
            - text: language_mode
            - text: )
            - text: '

                '
          function: _inline
        info:
          hpad:
            text: ' '
          hsep:
            text: ' '
          min_col_widths: []
          table_type: command
    - alts:
      - docs:
        - text: ^
        - text: clear
        - text: ' '
        - text: language
        - text: ' '
        - text: modes
        - text: $
        - text: ':'
        - doc:
            docs:
            - text: '

                '
            - text: user.code_clear_language_mode
            - text: (
            - text: )
            - text: '

                '
          indent: 4
          overlap: false
      - cells:
        - docs:
          - text: ^
          - text: clear
          - text: ' '
          - text: language
          - text: ' '
          - text: modes
          - text: $
          - text: ':'
        - doc:
            docs:
            - text: user.code_clear_language_mode
            - text: (
            - text: )
            - text: '

                '
          function: _inline
        info:
          hpad:
            text: ' '
          hsep:
            text: ' '
          min_col_widths: []
          table_type: command
    - alts:
      - docs:
        - text: '['
        - text: enable
        - text: ']'
        - text: ' '
        - text: debug
        - text: ' '
        - text: mode
        - text: ':'
        - doc:
            docs:
            - text: '

                '
            - text: mode.enable
            - text: (
            - doc:
                text: user.gdb
              function: _smart_quote
            - text: )
            - text: '

                '
          indent: 4
          overlap: false
      - cells:
        - docs:
          - text: '['
          - text: enable
          - text: ']'
          - text: ' '
          - text: debug
          - text: ' '
          - text: mode
          - text: ':'
        - doc:
            docs:
            - text: mode.enable
            - text: (
            - doc:
                text: user.gdb
              function: _smart_quote
            - text: )
            - text: '

                '
          function: _inline
        info:
          hpad:
            text: ' '
          hsep:
            text: ' '
          min_col_widths: []
          table_type: command
    - alts:
      - docs:
        - text: disable
        - text: ' '
        - text: debug
        - text: ' '
        - text: mode
        - text: ':'
        - doc:
            docs:
            - text: '

                '
            - text: mode.disable
            - text: (
            - doc:
                text: user.gdb
              function: _smart_quote
            - text: )
            - text: '

                '
          indent: 4
          overlap: false
      - cells:
        - docs:
          - text: disable
          - text: ' '
          - text: debug
          - text: ' '
          - text: mode
          - text: ':'
        - doc:
            docs:
            - text: mode.disable
            - text: (
            - doc:
                text: user.gdb
              function: _smart_quote
            - text: )
            - text: '

                '
          function: _inline
        info:
          hpad:
            text: ' '
          hsep:
            text: ' '
          min_col_widths: []
          table_type: command
  max_line_width: null
  renderer: simple
  simple_layout: ShortestLines
output: |
  -
  ^force {user.language_mode}$:
      user.code_set_language_mode(language_mode)
  ^clear language modes$:
      user.code_clear_language_mode()
  [enable] debug mode:
      mode.enable("user.gdb")
  disable debug mode:
      mode.disable("user.gdb")
