input:
  doc:
    docs:
    - text: '-'
      type: Text
    - type: Line
    - alts:
      - docs:
        - text: phones
          type: Text
        - type: Space
        - text: <
          type: Text
        - text: user.homophones_canonical
          type: Text
        - text: '>'
          type: Text
        - text: ':'
          type: Text
        - doc:
            docs:
            - type: Line
            - text: user.homophones_show
              type: Text
            - text: (
              type: Text
            - text: homophones_canonical
              type: Text
            - text: )
              type: Text
            - type: Line
            type: Cat
          indent: 4
          overlap: false
          type: Nest
        type: Cat
      - cells:
        - docs:
          - text: phones
            type: Text
          - type: Space
          - text: <
            type: Text
          - text: user.homophones_canonical
            type: Text
          - text: '>'
            type: Text
          - text: ':'
            type: Text
          type: Cat
        - doc:
            docs:
            - text: user.homophones_show
              type: Text
            - text: (
              type: Text
            - text: homophones_canonical
              type: Text
            - text: )
              type: Text
            - type: Line
            type: Cat
          function: _inline
          type: Edit
        info:
          hpad:
            text: ' '
          hsep:
            text: ' '
          min_col_widths:
          - 32
          table_type: command
        type: Row
      type: Alt
    - alts:
      - docs:
        - text: phones
          type: Text
        - type: Space
        - text: that
          type: Text
        - text: ':'
          type: Text
        - doc:
            docs:
            - type: Line
            - text: user.homophones_show_selection
              type: Text
            - text: (
              type: Text
            - text: )
              type: Text
            - type: Line
            type: Cat
          indent: 4
          overlap: false
          type: Nest
        type: Cat
      - cells:
        - docs:
          - text: phones
            type: Text
          - type: Space
          - text: that
            type: Text
          - text: ':'
            type: Text
          type: Cat
        - doc:
            docs:
            - text: user.homophones_show_selection
              type: Text
            - text: (
              type: Text
            - text: )
              type: Text
            - type: Line
            type: Cat
          function: _inline
          type: Edit
        info:
          hpad:
            text: ' '
          hsep:
            text: ' '
          min_col_widths:
          - 32
          table_type: command
        type: Row
      type: Alt
    - alts:
      - docs:
        - text: phones
          type: Text
        - type: Space
        - text: force
          type: Text
        - type: Space
        - text: <
          type: Text
        - text: user.homophones_canonical
          type: Text
        - text: '>'
          type: Text
        - text: ':'
          type: Text
        - doc:
            docs:
            - type: Line
            - text: user.homophones_force_show
              type: Text
            - text: (
              type: Text
            - text: homophones_canonical
              type: Text
            - text: )
              type: Text
            - type: Line
            type: Cat
          indent: 4
          overlap: false
          type: Nest
        type: Cat
      - cells:
        - docs:
          - text: phones
            type: Text
          - type: Space
          - text: force
            type: Text
          - type: Space
          - text: <
            type: Text
          - text: user.homophones_canonical
            type: Text
          - text: '>'
            type: Text
          - text: ':'
            type: Text
          type: Cat
        - doc:
            docs:
            - text: user.homophones_force_show
              type: Text
            - text: (
              type: Text
            - text: homophones_canonical
              type: Text
            - text: )
              type: Text
            - type: Line
            type: Cat
          function: _inline
          type: Edit
        info:
          hpad:
            text: ' '
          hsep:
            text: ' '
          min_col_widths:
          - 32
          table_type: command
        type: Row
      type: Alt
    - alts:
      - docs:
        - text: phones
          type: Text
        - type: Space
        - text: force
          type: Text
        - text: ':'
          type: Text
        - doc:
            docs:
            - type: Line
            - text: user.homophones_force_show_selection
              type: Text
            - text: (
              type: Text
            - text: )
              type: Text
            - type: Line
            type: Cat
          indent: 4
          overlap: false
          type: Nest
        type: Cat
      - cells:
        - docs:
          - text: phones
            type: Text
          - type: Space
          - text: force
            type: Text
          - text: ':'
            type: Text
          type: Cat
        - doc:
            docs:
            - text: user.homophones_force_show_selection
              type: Text
            - text: (
              type: Text
            - text: )
              type: Text
            - type: Line
            type: Cat
          function: _inline
          type: Edit
        info:
          hpad:
            text: ' '
          hsep:
            text: ' '
          min_col_widths:
          - 32
          table_type: command
        type: Row
      type: Alt
    - alts:
      - docs:
        - text: phones
          type: Text
        - type: Space
        - text: hide
          type: Text
        - text: ':'
          type: Text
        - doc:
            docs:
            - type: Line
            - text: user.homophones_hide
              type: Text
            - text: (
              type: Text
            - text: )
              type: Text
            - type: Line
            type: Cat
          indent: 4
          overlap: false
          type: Nest
        type: Cat
      - cells:
        - docs:
          - text: phones
            type: Text
          - type: Space
          - text: hide
            type: Text
          - text: ':'
            type: Text
          type: Cat
        - doc:
            docs:
            - text: user.homophones_hide
              type: Text
            - text: (
              type: Text
            - text: )
              type: Text
            - type: Line
            type: Cat
          function: _inline
          type: Edit
        info:
          hpad:
            text: ' '
          hsep:
            text: ' '
          min_col_widths:
          - 32
          table_type: command
        type: Row
      type: Alt
    - text: phones
      type: Text
    - type: Space
    - text: word
      type: Text
    - text: ':'
      type: Text
    - doc:
        docs:
        - type: Line
        - text: edit.select_word
          type: Text
        - text: (
          type: Text
        - text: )
          type: Text
        - type: Line
        - text: user.homophones_show_selection
          type: Text
        - text: (
          type: Text
        - text: )
          type: Text
        - type: Line
        type: Cat
      indent: 4
      overlap: false
      type: Nest
    - text: phones
      type: Text
    - type: Space
    - text: '['
      type: Text
    - text: <
      type: Text
    - text: user.ordinals
      type: Text
    - text: '>'
      type: Text
    - text: ']'
      type: Text
    - type: Space
    - text: word
      type: Text
    - type: Space
    - text: left
      type: Text
    - text: ':'
      type: Text
    - doc:
        docs:
        - type: Line
        - text: n
          type: Text
        - type: Space
        - text: '='
          type: Text
        - type: Space
        - text: ordinals
          type: Text
        - type: Space
        - text: or
          type: Text
        - type: Space
        - text: '1'
          type: Text
        - type: Line
        - text: user.words_left
          type: Text
        - text: (
          type: Text
        - text: n
          type: Text
        - type: Space
        - text: '-'
          type: Text
        - type: Space
        - text: '1'
          type: Text
        - text: )
          type: Text
        - type: Line
        - text: edit.extend_word_left
          type: Text
        - text: (
          type: Text
        - text: )
          type: Text
        - type: Line
        - text: user.homophones_show_selection
          type: Text
        - text: (
          type: Text
        - text: )
          type: Text
        - type: Line
        type: Cat
      indent: 4
      overlap: false
      type: Nest
    - text: phones
      type: Text
    - type: Space
    - text: '['
      type: Text
    - text: <
      type: Text
    - text: user.ordinals
      type: Text
    - text: '>'
      type: Text
    - text: ']'
      type: Text
    - type: Space
    - text: word
      type: Text
    - type: Space
    - text: right
      type: Text
    - text: ':'
      type: Text
    - doc:
        docs:
        - type: Line
        - text: n
          type: Text
        - type: Space
        - text: '='
          type: Text
        - type: Space
        - text: ordinals
          type: Text
        - type: Space
        - text: or
          type: Text
        - type: Space
        - text: '1'
          type: Text
        - type: Line
        - text: user.words_right
          type: Text
        - text: (
          type: Text
        - text: n
          type: Text
        - type: Space
        - text: '-'
          type: Text
        - type: Space
        - text: '1'
          type: Text
        - text: )
          type: Text
        - type: Line
        - text: edit.extend_word_right
          type: Text
        - text: (
          type: Text
        - text: )
          type: Text
        - type: Line
        - text: user.homophones_show_selection
          type: Text
        - text: (
          type: Text
        - text: )
          type: Text
        - type: Line
        type: Cat
      indent: 4
      overlap: false
      type: Nest
    type: Cat
  max_line_width: 1000
  renderer: smart
  simple_layout: null
output: "-\nphones <user.homophones_canonical>: user.homophones_show(homophones_canonical)\n\
  phones that:                     user.homophones_show_selection()\nphones force\
  \ <user.homophones_canonical>: user.homophones_force_show(homophones_canonical)\n\
  phones force:                    user.homophones_force_show_selection()\nphones\
  \ hide:                     user.homophones_hide()\nphones word:\n    edit.select_word()\n\
  \    user.homophones_show_selection()\nphones [<user.ordinals>] word left:\n   \
  \ n = ordinals or 1\n    user.words_left(n - 1)\n    edit.extend_word_left()\n \
  \   user.homophones_show_selection()\nphones [<user.ordinals>] word right:\n   \
  \ n = ordinals or 1\n    user.words_right(n - 1)\n    edit.extend_word_right()\n\
  \    user.homophones_show_selection()\n"
