input:
  doc:
    docs:
    - text: '#'
      type: Text
    - type: Space
    - text: XXX
      type: Text
    - type: Space
    - text: '-'
      type: Text
    - type: Space
    - text: trigger
      type: Text
    - type: Space
    - text: alt-1
      type: Text
    - type: Space
    - text: to
      type: Text
    - type: Space
    - text: hit
      type: Text
    - type: Space
    - text: command
      type: Text
    - type: Space
    - text: window
      type: Text
    - type: Space
    - text: for
      type: Text
    - type: Space
    - text: necessary
      type: Text
    - type: Space
    - text: commands?
      type: Text
    - type: Line
    - text: '#'
      type: Text
    - type: Space
    - text: 'ex:'
      type: Text
    - type: Space
    - text: user.windbg_insert_in_cmd()
      type: Text
    - type: Line
    - text: '#'
      type: Text
    - type: Space
    - type: Space
    - type: Space
    - type: Space
    - text: edit.left()
      type: Text
    - type: Line
    - cells:
      - docs:
        - text: mode
          type: Text
        - text: ':'
          type: Text
        type: Cat
      - text: user.windbg
        type: Text
      info:
        hpad:
          text: ' '
        hsep:
          text: ' '
        min_col_widths:
        - 32
        table_type: match
      type: Row
    - text: '-'
      type: Text
    - type: Line
    - text: 'tag():'
      type: Text
    - type: Space
    - text: user.debugger
      type: Text
    - type: Line
    - text: 'tag():'
      type: Text
    - type: Space
    - text: user.windbg
      type: Text
    - type: Line
    - text: register
      type: Text
    - type: Space
    - text: <
      type: Text
    - text: user.registers
      type: Text
    - text: '>'
      type: Text
    - text: ':'
      type: Text
    - doc:
        docs:
        - type: Line
        - text: key
          type: Text
        - text: (
          type: Text
        - text: '@'
          type: Text
        - text: )
          type: Text
        - type: Line
        - text: insert
          type: Text
        - text: (
          type: Text
        - doc:
            docs:
            - text: '{'
              type: Text
            - text: registers
              type: Text
            - text: '}'
              type: Text
            type: Cat
          function: _smart_quote
          type: Edit
        - text: )
          type: Text
        - type: Line
        type: Cat
      indent: 4
      overlap: false
      type: Nest
    - type: Line
    - alts:
      - docs:
        - text: open
          type: Text
        - type: Space
        - text: help
          type: Text
        - text: ':'
          type: Text
        - doc:
            docs:
            - type: Line
            - text: insert
              type: Text
            - text: (
              type: Text
            - doc:
                docs:
                - text: .hh
                  type: Text
                - text: \n
                  type: Text
                type: Cat
              function: _smart_quote
              type: Edit
            - text: )
              type: Text
            - type: Line
            type: Cat
          indent: 4
          overlap: false
          type: Nest
        type: Cat
      - cells:
        - docs:
          - text: open
            type: Text
          - type: Space
          - text: help
            type: Text
          - text: ':'
            type: Text
          type: Cat
        - doc:
            docs:
            - text: insert
              type: Text
            - text: (
              type: Text
            - doc:
                docs:
                - text: .hh
                  type: Text
                - text: \n
                  type: Text
                type: Cat
              function: _smart_quote
              type: Edit
            - text: )
              type: Text
            - type: Line
            type: Cat
          function: _inline
          type: Edit
        info:
          hpad:
            text: ' '
          hsep:
            text: ' '
          min_col_widths:
          - 32
          table_type: command
        type: Row
      type: Alt
    - type: Line
    - text: '#'
      type: Text
    - type: Space
    - text: xxx
      type: Text
    - type: Space
    - text: '-'
      type: Text
    - type: Space
    - text: add
      type: Text
    - type: Space
    - text: window
      type: Text
    - type: Space
    - text: switching
      type: Text
    - type: Line
    - type: Line
    - alts:
      - docs:
        - text: add
          type: Text
        - type: Space
        - text: microsoft
          type: Text
        - type: Space
        - text: symbols
          type: Text
        - text: ':'
          type: Text
        - doc:
            docs:
            - type: Line
            - text: insert
              type: Text
            - text: (
              type: Text
            - doc:
                docs:
                - text: 'srv*C:'
                  type: Text
                - text: \\
                  type: Text
                - text: symbols*http://msdl.microsoft.com/download/symbols;
                  type: Text
                - text: \n
                  type: Text
                type: Cat
              function: _smart_quote
              type: Edit
            - text: )
              type: Text
            - type: Line
            type: Cat
          indent: 4
          overlap: false
          type: Nest
        type: Cat
      - cells:
        - docs:
          - text: add
            type: Text
          - type: Space
          - text: microsoft
            type: Text
          - type: Space
          - text: symbols
            type: Text
          - text: ':'
            type: Text
          type: Cat
        - doc:
            docs:
            - text: insert
              type: Text
            - text: (
              type: Text
            - doc:
                docs:
                - text: 'srv*C:'
                  type: Text
                - text: \\
                  type: Text
                - text: symbols*http://msdl.microsoft.com/download/symbols;
                  type: Text
                - text: \n
                  type: Text
                type: Cat
              function: _smart_quote
              type: Edit
            - text: )
              type: Text
            - type: Line
            type: Cat
          function: _inline
          type: Edit
        info:
          hpad:
            text: ' '
          hsep:
            text: ' '
          min_col_widths:
          - 32
          table_type: command
        type: Row
      type: Alt
    - alts:
      - docs:
        - text: force
          type: Text
        - type: Space
        - text: reload
          type: Text
        - type: Space
        - text: symbols
          type: Text
        - text: ':'
          type: Text
        - doc:
            docs:
            - type: Line
            - text: insert
              type: Text
            - text: (
              type: Text
            - doc:
                docs:
                - text: .reload
                  type: Text
                - type: Space
                - text: /f
                  type: Text
                - text: \n
                  type: Text
                type: Cat
              function: _smart_quote
              type: Edit
            - text: )
              type: Text
            - type: Line
            type: Cat
          indent: 4
          overlap: false
          type: Nest
        type: Cat
      - cells:
        - docs:
          - text: force
            type: Text
          - type: Space
          - text: reload
            type: Text
          - type: Space
          - text: symbols
            type: Text
          - text: ':'
            type: Text
          type: Cat
        - doc:
            docs:
            - text: insert
              type: Text
            - text: (
              type: Text
            - doc:
                docs:
                - text: .reload
                  type: Text
                - type: Space
                - text: /f
                  type: Text
                - text: \n
                  type: Text
                type: Cat
              function: _smart_quote
              type: Edit
            - text: )
              type: Text
            - type: Line
            type: Cat
          function: _inline
          type: Edit
        info:
          hpad:
            text: ' '
          hsep:
            text: ' '
          min_col_widths:
          - 32
          table_type: command
        type: Row
      type: Alt
    - alts:
      - docs:
        - text: reload
          type: Text
        - type: Space
        - text: symbols
          type: Text
        - text: ':'
          type: Text
        - doc:
            docs:
            - type: Line
            - text: insert
              type: Text
            - text: (
              type: Text
            - doc:
                docs:
                - text: .reload
                  type: Text
                - text: \n
                  type: Text
                type: Cat
              function: _smart_quote
              type: Edit
            - text: )
              type: Text
            - type: Line
            type: Cat
          indent: 4
          overlap: false
          type: Nest
        type: Cat
      - cells:
        - docs:
          - text: reload
            type: Text
          - type: Space
          - text: symbols
            type: Text
          - text: ':'
            type: Text
          type: Cat
        - doc:
            docs:
            - text: insert
              type: Text
            - text: (
              type: Text
            - doc:
                docs:
                - text: .reload
                  type: Text
                - text: \n
                  type: Text
                type: Cat
              function: _smart_quote
              type: Edit
            - text: )
              type: Text
            - type: Line
            type: Cat
          function: _inline
          type: Edit
        info:
          hpad:
            text: ' '
          hsep:
            text: ' '
          min_col_widths:
          - 32
          table_type: command
        type: Row
      type: Alt
    - alts:
      - docs:
        - text: loaded
          type: Text
        - type: Space
        - text: modules
          type: Text
        - text: ':'
          type: Text
        - doc:
            docs:
            - type: Line
            - text: insert
              type: Text
            - text: (
              type: Text
            - doc:
                docs:
                - text: lm
                  type: Text
                - type: Space
                - text: l
                  type: Text
                - text: \n
                  type: Text
                type: Cat
              function: _smart_quote
              type: Edit
            - text: )
              type: Text
            - type: Line
            type: Cat
          indent: 4
          overlap: false
          type: Nest
        type: Cat
      - cells:
        - docs:
          - text: loaded
            type: Text
          - type: Space
          - text: modules
            type: Text
          - text: ':'
            type: Text
          type: Cat
        - doc:
            docs:
            - text: insert
              type: Text
            - text: (
              type: Text
            - doc:
                docs:
                - text: lm
                  type: Text
                - type: Space
                - text: l
                  type: Text
                - text: \n
                  type: Text
                type: Cat
              function: _smart_quote
              type: Edit
            - text: )
              type: Text
            - type: Line
            type: Cat
          function: _inline
          type: Edit
        info:
          hpad:
            text: ' '
          hsep:
            text: ' '
          min_col_widths:
          - 32
          table_type: command
        type: Row
      type: Alt
    - type: Line
    - alts:
      - docs:
        - text: display
          type: Text
        - type: Space
        - text: pointers
          type: Text
        - text: ':'
          type: Text
        - doc:
            docs:
            - type: Line
            - text: insert
              type: Text
            - text: (
              type: Text
            - doc:
                docs:
                - text: dps
                  type: Text
                - type: Space
                type: Cat
              function: _smart_quote
              type: Edit
            - text: )
              type: Text
            - type: Line
            type: Cat
          indent: 4
          overlap: false
          type: Nest
        type: Cat
      - cells:
        - docs:
          - text: display
            type: Text
          - type: Space
          - text: pointers
            type: Text
          - text: ':'
            type: Text
          type: Cat
        - doc:
            docs:
            - text: insert
              type: Text
            - text: (
              type: Text
            - doc:
                docs:
                - text: dps
                  type: Text
                - type: Space
                type: Cat
              function: _smart_quote
              type: Edit
            - text: )
              type: Text
            - type: Line
            type: Cat
          function: _inline
          type: Edit
        info:
          hpad:
            text: ' '
          hsep:
            text: ' '
          min_col_widths:
          - 32
          table_type: command
        type: Row
      type: Alt
    - type: Line
    - text: '#'
      type: Text
    - type: Space
    - text: XXX
      type: Text
    - type: Space
    - text: '-'
      type: Text
    - type: Space
    - text: should
      type: Text
    - type: Space
    - text: be
      type: Text
    - type: Space
    - text: generic
      type: Text
    - type: Line
    - alts:
      - docs:
        - text: dereference
          type: Text
        - type: Space
        - text: pointer
          type: Text
        - text: ':'
          type: Text
        - doc:
            docs:
            - type: Line
            - text: user.insert_between
              type: Text
            - text: (
              type: Text
            - doc:
                text: poi(
                type: Text
              function: _smart_quote
              type: Edit
            - text: ','
              type: Text
            - type: Space
            - doc:
                text: )
                type: Text
              function: _smart_quote
              type: Edit
            - text: )
              type: Text
            - type: Line
            type: Cat
          indent: 4
          overlap: false
          type: Nest
        type: Cat
      - cells:
        - docs:
          - text: dereference
            type: Text
          - type: Space
          - text: pointer
            type: Text
          - text: ':'
            type: Text
          type: Cat
        - doc:
            docs:
            - text: user.insert_between
              type: Text
            - text: (
              type: Text
            - doc:
                text: poi(
                type: Text
              function: _smart_quote
              type: Edit
            - text: ','
              type: Text
            - type: Space
            - doc:
                text: )
                type: Text
              function: _smart_quote
              type: Edit
            - text: )
              type: Text
            - type: Line
            type: Cat
          function: _inline
          type: Edit
        info:
          hpad:
            text: ' '
          hsep:
            text: ' '
          min_col_widths:
          - 32
          table_type: command
        type: Row
      type: Alt
    - type: Line
    - alts:
      - docs:
        - text: show
          type: Text
        - type: Space
        - text: version
          type: Text
        - text: ':'
          type: Text
        - doc:
            docs:
            - type: Line
            - text: key
              type: Text
            - text: (
              type: Text
            - text: ctrl-alt-w
              type: Text
            - text: )
              type: Text
            - type: Line
            type: Cat
          indent: 4
          overlap: false
          type: Nest
        type: Cat
      - cells:
        - docs:
          - text: show
            type: Text
          - type: Space
          - text: version
            type: Text
          - text: ':'
            type: Text
          type: Cat
        - doc:
            docs:
            - text: key
              type: Text
            - text: (
              type: Text
            - text: ctrl-alt-w
              type: Text
            - text: )
              type: Text
            - type: Line
            type: Cat
          function: _inline
          type: Edit
        info:
          hpad:
            text: ' '
          hsep:
            text: ' '
          min_col_widths:
          - 32
          table_type: command
        type: Row
      type: Alt
    - type: Line
    - text: '#'
      type: Text
    - type: Line
    - text: '#'
      type: Text
    - type: Space
    - text: Windows
      type: Text
    - type: Line
    - text: '#'
      type: Text
    - type: Line
    - type: Line
    - alts:
      - docs:
        - text: view
          type: Text
        - type: Space
        - text: command
          type: Text
        - text: ':'
          type: Text
        - doc:
            docs:
            - type: Line
            - text: key
              type: Text
            - text: (
              type: Text
            - text: alt-1
              type: Text
            - text: )
              type: Text
            - type: Line
            type: Cat
          indent: 4
          overlap: false
          type: Nest
        type: Cat
      - cells:
        - docs:
          - text: view
            type: Text
          - type: Space
          - text: command
            type: Text
          - text: ':'
            type: Text
          type: Cat
        - doc:
            docs:
            - text: key
              type: Text
            - text: (
              type: Text
            - text: alt-1
              type: Text
            - text: )
              type: Text
            - type: Line
            type: Cat
          function: _inline
          type: Edit
        info:
          hpad:
            text: ' '
          hsep:
            text: ' '
          min_col_widths:
          - 32
          table_type: command
        type: Row
      type: Alt
    - alts:
      - docs:
        - text: view
          type: Text
        - type: Space
        - text: watch
          type: Text
        - text: ':'
          type: Text
        - doc:
            docs:
            - type: Line
            - text: key
              type: Text
            - text: (
              type: Text
            - text: alt-2
              type: Text
            - text: )
              type: Text
            - type: Line
            type: Cat
          indent: 4
          overlap: false
          type: Nest
        type: Cat
      - cells:
        - docs:
          - text: view
            type: Text
          - type: Space
          - text: watch
            type: Text
          - text: ':'
            type: Text
          type: Cat
        - doc:
            docs:
            - text: key
              type: Text
            - text: (
              type: Text
            - text: alt-2
              type: Text
            - text: )
              type: Text
            - type: Line
            type: Cat
          function: _inline
          type: Edit
        info:
          hpad:
            text: ' '
          hsep:
            text: ' '
          min_col_widths:
          - 32
          table_type: command
        type: Row
      type: Alt
    - alts:
      - docs:
        - text: view
          type: Text
        - type: Space
        - text: locals
          type: Text
        - text: ':'
          type: Text
        - doc:
            docs:
            - type: Line
            - text: key
              type: Text
            - text: (
              type: Text
            - text: alt-3
              type: Text
            - text: )
              type: Text
            - type: Line
            type: Cat
          indent: 4
          overlap: false
          type: Nest
        type: Cat
      - cells:
        - docs:
          - text: view
            type: Text
          - type: Space
          - text: locals
            type: Text
          - text: ':'
            type: Text
          type: Cat
        - doc:
            docs:
            - text: key
              type: Text
            - text: (
              type: Text
            - text: alt-3
              type: Text
            - text: )
              type: Text
            - type: Line
            type: Cat
          function: _inline
          type: Edit
        info:
          hpad:
            text: ' '
          hsep:
            text: ' '
          min_col_widths:
          - 32
          table_type: command
        type: Row
      type: Alt
    - alts:
      - docs:
        - text: view
          type: Text
        - type: Space
        - text: registers
          type: Text
        - text: ':'
          type: Text
        - doc:
            docs:
            - type: Line
            - text: key
              type: Text
            - text: (
              type: Text
            - text: alt-4
              type: Text
            - text: )
              type: Text
            - type: Line
            type: Cat
          indent: 4
          overlap: false
          type: Nest
        type: Cat
      - cells:
        - docs:
          - text: view
            type: Text
          - type: Space
          - text: registers
            type: Text
          - text: ':'
            type: Text
          type: Cat
        - doc:
            docs:
            - text: key
              type: Text
            - text: (
              type: Text
            - text: alt-4
              type: Text
            - text: )
              type: Text
            - type: Line
            type: Cat
          function: _inline
          type: Edit
        info:
          hpad:
            text: ' '
          hsep:
            text: ' '
          min_col_widths:
          - 32
          table_type: command
        type: Row
      type: Alt
    - alts:
      - docs:
        - text: view
          type: Text
        - type: Space
        - text: memory
          type: Text
        - text: ':'
          type: Text
        - doc:
            docs:
            - type: Line
            - text: key
              type: Text
            - text: (
              type: Text
            - text: alt-5
              type: Text
            - text: )
              type: Text
            - type: Line
            type: Cat
          indent: 4
          overlap: false
          type: Nest
        type: Cat
      - cells:
        - docs:
          - text: view
            type: Text
          - type: Space
          - text: memory
            type: Text
          - text: ':'
            type: Text
          type: Cat
        - doc:
            docs:
            - text: key
              type: Text
            - text: (
              type: Text
            - text: alt-5
              type: Text
            - text: )
              type: Text
            - type: Line
            type: Cat
          function: _inline
          type: Edit
        info:
          hpad:
            text: ' '
          hsep:
            text: ' '
          min_col_widths:
          - 32
          table_type: command
        type: Row
      type: Alt
    - alts:
      - docs:
        - text: view
          type: Text
        - type: Space
        - text: call
          type: Text
        - type: Space
        - text: stack
          type: Text
        - text: ':'
          type: Text
        - doc:
            docs:
            - type: Line
            - text: key
              type: Text
            - text: (
              type: Text
            - text: alt-6
              type: Text
            - text: )
              type: Text
            - type: Line
            type: Cat
          indent: 4
          overlap: false
          type: Nest
        type: Cat
      - cells:
        - docs:
          - text: view
            type: Text
          - type: Space
          - text: call
            type: Text
          - type: Space
          - text: stack
            type: Text
          - text: ':'
            type: Text
          type: Cat
        - doc:
            docs:
            - text: key
              type: Text
            - text: (
              type: Text
            - text: alt-6
              type: Text
            - text: )
              type: Text
            - type: Line
            type: Cat
          function: _inline
          type: Edit
        info:
          hpad:
            text: ' '
          hsep:
            text: ' '
          min_col_widths:
          - 32
          table_type: command
        type: Row
      type: Alt
    - alts:
      - docs:
        - text: view
          type: Text
        - type: Space
        - text: disassembly
          type: Text
        - text: ':'
          type: Text
        - doc:
            docs:
            - type: Line
            - text: key
              type: Text
            - text: (
              type: Text
            - text: alt-7
              type: Text
            - text: )
              type: Text
            - type: Line
            type: Cat
          indent: 4
          overlap: false
          type: Nest
        type: Cat
      - cells:
        - docs:
          - text: view
            type: Text
          - type: Space
          - text: disassembly
            type: Text
          - text: ':'
            type: Text
          type: Cat
        - doc:
            docs:
            - text: key
              type: Text
            - text: (
              type: Text
            - text: alt-7
              type: Text
            - text: )
              type: Text
            - type: Line
            type: Cat
          function: _inline
          type: Edit
        info:
          hpad:
            text: ' '
          hsep:
            text: ' '
          min_col_widths:
          - 32
          table_type: command
        type: Row
      type: Alt
    - alts:
      - docs:
        - text: view
          type: Text
        - type: Space
        - text: scratch
          type: Text
        - type: Space
        - text: pad
          type: Text
        - text: ':'
          type: Text
        - doc:
            docs:
            - type: Line
            - text: key
              type: Text
            - text: (
              type: Text
            - text: alt-8
              type: Text
            - text: )
              type: Text
            - type: Line
            type: Cat
          indent: 4
          overlap: false
          type: Nest
        type: Cat
      - cells:
        - docs:
          - text: view
            type: Text
          - type: Space
          - text: scratch
            type: Text
          - type: Space
          - text: pad
            type: Text
          - text: ':'
            type: Text
          type: Cat
        - doc:
            docs:
            - text: key
              type: Text
            - text: (
              type: Text
            - text: alt-8
              type: Text
            - text: )
              type: Text
            - type: Line
            type: Cat
          function: _inline
          type: Edit
        info:
          hpad:
            text: ' '
          hsep:
            text: ' '
          min_col_widths:
          - 32
          table_type: command
        type: Row
      type: Alt
    - alts:
      - docs:
        - text: view
          type: Text
        - type: Space
        - text: (
          type: Text
        - text: processes
          type: Text
        - type: Space
        - text: '|'
          type: Text
        - type: Space
        - text: threads
          type: Text
        - text: )
          type: Text
        - text: ':'
          type: Text
        - doc:
            docs:
            - type: Line
            - text: key
              type: Text
            - text: (
              type: Text
            - text: alt-9
              type: Text
            - text: )
              type: Text
            - type: Line
            type: Cat
          indent: 4
          overlap: false
          type: Nest
        type: Cat
      - cells:
        - docs:
          - text: view
            type: Text
          - type: Space
          - text: (
            type: Text
          - text: processes
            type: Text
          - type: Space
          - text: '|'
            type: Text
          - type: Space
          - text: threads
            type: Text
          - text: )
            type: Text
          - text: ':'
            type: Text
          type: Cat
        - doc:
            docs:
            - text: key
              type: Text
            - text: (
              type: Text
            - text: alt-9
              type: Text
            - text: )
              type: Text
            - type: Line
            type: Cat
          function: _inline
          type: Edit
        info:
          hpad:
            text: ' '
          hsep:
            text: ' '
          min_col_widths:
          - 32
          table_type: command
        type: Row
      type: Alt
    - type: Line
    - text: '#'
      type: Text
    - type: Space
    - text: XXX
      type: Text
    - type: Space
    - text: '-'
      type: Text
    - type: Space
    - text: temp
      type: Text
    - type: Line
    - alts:
      - docs:
        - text: dump
          type: Text
        - type: Space
        - text: function
          type: Text
        - type: Space
        - text: params
          type: Text
        - text: ':'
          type: Text
        - doc:
            docs:
            - type: Line
            - doc:
                docs:
                - text: r
                  type: Text
                - type: Space
                - text: '@rcx,@rdx,@r8,@r9'
                  type: Text
                - text: \n
                  type: Text
                type: Cat
              function: _smart_quote
              type: Edit
            - type: Line
            type: Cat
          indent: 4
          overlap: false
          type: Nest
        type: Cat
      - cells:
        - docs:
          - text: dump
            type: Text
          - type: Space
          - text: function
            type: Text
          - type: Space
          - text: params
            type: Text
          - text: ':'
            type: Text
          type: Cat
        - doc:
            docs:
            - doc:
                docs:
                - text: r
                  type: Text
                - type: Space
                - text: '@rcx,@rdx,@r8,@r9'
                  type: Text
                - text: \n
                  type: Text
                type: Cat
              function: _smart_quote
              type: Edit
            - type: Line
            type: Cat
          function: _inline
          type: Edit
        info:
          hpad:
            text: ' '
          hsep:
            text: ' '
          min_col_widths:
          - 32
          table_type: command
        type: Row
      type: Alt
    - type: Line
    - alts:
      - docs:
        - text: (
          type: Text
        - text: lib
          type: Text
        - type: Space
        - text: '|'
          type: Text
        - type: Space
        - text: library
          type: Text
        - text: )
          type: Text
        - type: Space
        - text: <
          type: Text
        - text: user.windows_dlls
          type: Text
        - text: '>'
          type: Text
        - text: ':'
          type: Text
        - doc:
            docs:
            - type: Line
            - doc:
                docs:
                - text: '{'
                  type: Text
                - text: windows_dlls
                  type: Text
                - text: '}'
                  type: Text
                type: Cat
              function: _smart_quote
              type: Edit
            - type: Line
            type: Cat
          indent: 4
          overlap: false
          type: Nest
        type: Cat
      - cells:
        - docs:
          - text: (
            type: Text
          - text: lib
            type: Text
          - type: Space
          - text: '|'
            type: Text
          - type: Space
          - text: library
            type: Text
          - text: )
            type: Text
          - type: Space
          - text: <
            type: Text
          - text: user.windows_dlls
            type: Text
          - text: '>'
            type: Text
          - text: ':'
            type: Text
          type: Cat
        - doc:
            docs:
            - doc:
                docs:
                - text: '{'
                  type: Text
                - text: windows_dlls
                  type: Text
                - text: '}'
                  type: Text
                type: Cat
              function: _smart_quote
              type: Edit
            - type: Line
            type: Cat
          function: _inline
          type: Edit
        info:
          hpad:
            text: ' '
          hsep:
            text: ' '
          min_col_widths:
          - 32
          table_type: command
        type: Row
      type: Alt
    type: Cat
  max_line_width: 1000
  renderer: smart
  simple_layout: null
output: "# XXX - trigger alt-1 to hit command window for necessary commands?\n# ex:\
  \ user.windbg_insert_in_cmd()\n#    edit.left()\nmode:                         \
  \   user.windbg\n-\ntag(): user.debugger\ntag(): user.windbg\nregister <user.registers>:\n\
  \    key(@)\n    insert(\"{registers}\")\n\nopen help:                       insert(\"\
  .hh\\n\")\n\n# xxx - add window switching\n\nadd microsoft symbols:           insert(\"\
  srv*C:\\\\symbols*http://msdl.microsoft.com/download/symbols;\\n\")\nforce reload\
  \ symbols:            insert(\".reload /f\\n\")\nreload symbols:               \
  \   insert(\".reload\\n\")\nloaded modules:                  insert(\"lm l\\n\"\
  )\n\ndisplay pointers:                insert(\"dps \")\n\n# XXX - should be generic\n\
  dereference pointer:             user.insert_between(\"poi(\", \")\")\n\nshow version:\
  \                    key(ctrl-alt-w)\n\n#\n# Windows\n#\n\nview command:       \
  \             key(alt-1)\nview watch:                      key(alt-2)\nview locals:\
  \                     key(alt-3)\nview registers:                  key(alt-4)\n\
  view memory:                     key(alt-5)\nview call stack:                 key(alt-6)\n\
  view disassembly:                key(alt-7)\nview scratch pad:                key(alt-8)\n\
  view (processes | threads):      key(alt-9)\n\n# XXX - temp\ndump function params:\
  \            \"r @rcx,@rdx,@r8,@r9\\n\"\n\n(lib | library) <user.windows_dlls>:\
  \ \"{windows_dlls}\"\n"
