input:
  doc:
    docs:
    - cells:
      - docs:
        - text: mode
          type: Text
        - text: ':'
          type: Text
        type: Cat
      - text: sleep
        type: Text
      info:
        hpad:
          text: ' '
        hsep:
          text: ' '
        min_col_widths:
        - 32
        table_type: match
      type: Row
    - text: '-'
      type: Text
    - type: Line
    - text: 'settings():'
      type: Text
    - doc:
        docs:
        - type: Line
        - text: '#'
          type: Text
        - type: Space
        - text: stop
          type: Text
        - type: Space
        - text: continuous
          type: Text
        - type: Space
        - text: scroll/gaze
          type: Text
        - type: Space
        - text: scroll
          type: Text
        - type: Space
        - text: with
          type: Text
        - type: Space
        - text: a
          type: Text
        - type: Space
        - text: pop
          type: Text
        - type: Line
        - text: user.mouse_enable_pop_stops_scroll
          type: Text
        - type: Space
        - text: '='
          type: Text
        - type: Space
        - text: '0'
          type: Text
        - type: Line
        - text: '#'
          type: Text
        - type: Space
        - text: enable
          type: Text
        - type: Space
        - text: pop
          type: Text
        - type: Space
        - text: click
          type: Text
        - type: Space
        - text: with
          type: Text
        - type: Space
        - text: '''control'
          type: Text
        - type: Space
        - text: mouse'
          type: Text
        - type: Space
        - text: mode
          type: Text
        - type: Line
        - text: user.mouse_enable_pop_click
          type: Text
        - type: Space
        - text: '='
          type: Text
        - type: Space
        - text: '0'
          type: Text
        - type: Line
        type: Cat
      indent: 4
      overlap: false
      type: Nest
    type: Cat
  max_line_width: 1000
  renderer: smart
  simple_layout: null
output: "mode:                            sleep\n-\nsettings():\n    # stop continuous\
  \ scroll/gaze scroll with a pop\n    user.mouse_enable_pop_stops_scroll = 0\n  \
  \  # enable pop click with 'control mouse' mode\n    user.mouse_enable_pop_click\
  \ = 0\n"
