input:
  doc:
    docs:
    - cells:
      - docs:
        - text: app
        - text: ':'
      - text: kindle
      info:
        hpad:
          text: ' '
        hsep:
          text: ' '
        min_col_widths:
        - 32
        table_type: match
    - text: '-'
    - text: '

        '
    - text: '#'
    - text: ' '
    - text: Set
    - text: ' '
    - text: tags
    - text: '

        '
    - text: 'tag():'
    - text: ' '
    - text: user.pages
    - text: '

        '
  max_line_width: 1000
  renderer: smart
  simple_layout: null
output: |
  app:                             kindle
  -
  # Set tags
  tag(): user.pages
