input:
  doc:
    docs:
    - cells:
      - docs:
        - text: app
        - text: ':'
      - text: evernote
      info:
        hpad:
          text: ' '
        hsep:
          text: ' '
        min_col_widths:
        - 32
        table_type: match
    - cells:
      - docs:
        - text: os
        - text: ':'
      - text: mac
      info:
        hpad:
          text: ' '
        hsep:
          text: ' '
        min_col_widths:
        - 32
        table_type: match
    - text: '-'
    - text: '

        '
    - text: 'settings():'
    - doc:
        docs:
        - text: '

            '
        - text: '#'
        - text: ' '
        - text: Necessary
        - text: ' '
        - text: to
        - text: ' '
        - text: stop
        - text: ' '
        - text: commands
        - text: ' '
        - text: like
        - text: ' '
        - text: '''slap'''
        - text: ' '
        - text: getting
        - text: ' '
        - text: jumbled
        - text: '

            '
        - text: key_wait
        - text: ' '
        - text: '='
        - text: ' '
        - text: '9.0'
        - text: '

            '
      indent: 4
      overlap: false
  max_line_width: 1000
  renderer: smart
  simple_layout: null
output: |
  app:                             evernote
  os:                              mac
  -
  settings():
      # Necessary to stop commands like 'slap' getting jumbled
      key_wait = 9.0
