input:
  doc:
    docs:
    - text: '-'
      type: Text
    - type: Line
    - alts:
      - docs:
        - text: zoom
          type: Text
        - type: Space
        - text: in
          type: Text
        - text: ':'
          type: Text
        - doc:
            docs:
            - type: Line
            - text: edit.zoom_in
              type: Text
            - text: (
              type: Text
            - text: )
              type: Text
            - type: Line
            type: Cat
          indent: 4
          overlap: false
          type: Nest
        type: Cat
      - cells:
        - docs:
          - text: zoom
            type: Text
          - type: Space
          - text: in
            type: Text
          - text: ':'
            type: Text
          type: Cat
        - doc:
            docs:
            - text: edit.zoom_in
              type: Text
            - text: (
              type: Text
            - text: )
              type: Text
            - type: Line
            type: Cat
          function: _inline
          type: Edit
        info:
          hpad:
            text: ' '
          hsep:
            text: ' '
          min_col_widths:
          - 32
          table_type: command
        type: Row
      type: Alt
    - alts:
      - docs:
        - text: zoom
          type: Text
        - type: Space
        - text: out
          type: Text
        - text: ':'
          type: Text
        - doc:
            docs:
            - type: Line
            - text: edit.zoom_out
              type: Text
            - text: (
              type: Text
            - text: )
              type: Text
            - type: Line
            type: Cat
          indent: 4
          overlap: false
          type: Nest
        type: Cat
      - cells:
        - docs:
          - text: zoom
            type: Text
          - type: Space
          - text: out
            type: Text
          - text: ':'
            type: Text
          type: Cat
        - doc:
            docs:
            - text: edit.zoom_out
              type: Text
            - text: (
              type: Text
            - text: )
              type: Text
            - type: Line
            type: Cat
          function: _inline
          type: Edit
        info:
          hpad:
            text: ' '
          hsep:
            text: ' '
          min_col_widths:
          - 32
          table_type: command
        type: Row
      type: Alt
    - alts:
      - docs:
        - text: zoom
          type: Text
        - type: Space
        - text: reset
          type: Text
        - text: ':'
          type: Text
        - doc:
            docs:
            - type: Line
            - text: edit.zoom_reset
              type: Text
            - text: (
              type: Text
            - text: )
              type: Text
            - type: Line
            type: Cat
          indent: 4
          overlap: false
          type: Nest
        type: Cat
      - cells:
        - docs:
          - text: zoom
            type: Text
          - type: Space
          - text: reset
            type: Text
          - text: ':'
            type: Text
          type: Cat
        - doc:
            docs:
            - text: edit.zoom_reset
              type: Text
            - text: (
              type: Text
            - text: )
              type: Text
            - type: Line
            type: Cat
          function: _inline
          type: Edit
        info:
          hpad:
            text: ' '
          hsep:
            text: ' '
          min_col_widths:
          - 32
          table_type: command
        type: Row
      type: Alt
    - alts:
      - docs:
        - text: scroll
          type: Text
        - type: Space
        - text: up
          type: Text
        - text: ':'
          type: Text
        - doc:
            docs:
            - type: Line
            - text: edit.page_up
              type: Text
            - text: (
              type: Text
            - text: )
              type: Text
            - type: Line
            type: Cat
          indent: 4
          overlap: false
          type: Nest
        type: Cat
      - cells:
        - docs:
          - text: scroll
            type: Text
          - type: Space
          - text: up
            type: Text
          - text: ':'
            type: Text
          type: Cat
        - doc:
            docs:
            - text: edit.page_up
              type: Text
            - text: (
              type: Text
            - text: )
              type: Text
            - type: Line
            type: Cat
          function: _inline
          type: Edit
        info:
          hpad:
            text: ' '
          hsep:
            text: ' '
          min_col_widths:
          - 32
          table_type: command
        type: Row
      type: Alt
    - alts:
      - docs:
        - text: scroll
          type: Text
        - type: Space
        - text: down
          type: Text
        - text: ':'
          type: Text
        - doc:
            docs:
            - type: Line
            - text: edit.page_down
              type: Text
            - text: (
              type: Text
            - text: )
              type: Text
            - type: Line
            type: Cat
          indent: 4
          overlap: false
          type: Nest
        type: Cat
      - cells:
        - docs:
          - text: scroll
            type: Text
          - type: Space
          - text: down
            type: Text
          - text: ':'
            type: Text
          type: Cat
        - doc:
            docs:
            - text: edit.page_down
              type: Text
            - text: (
              type: Text
            - text: )
              type: Text
            - type: Line
            type: Cat
          function: _inline
          type: Edit
        info:
          hpad:
            text: ' '
          hsep:
            text: ' '
          min_col_widths:
          - 32
          table_type: command
        type: Row
      type: Alt
    - alts:
      - docs:
        - text: copy
          type: Text
        - type: Space
        - text: that
          type: Text
        - text: ':'
          type: Text
        - doc:
            docs:
            - type: Line
            - text: edit.copy
              type: Text
            - text: (
              type: Text
            - text: )
              type: Text
            - type: Line
            type: Cat
          indent: 4
          overlap: false
          type: Nest
        type: Cat
      - cells:
        - docs:
          - text: copy
            type: Text
          - type: Space
          - text: that
            type: Text
          - text: ':'
            type: Text
          type: Cat
        - doc:
            docs:
            - text: edit.copy
              type: Text
            - text: (
              type: Text
            - text: )
              type: Text
            - type: Line
            type: Cat
          function: _inline
          type: Edit
        info:
          hpad:
            text: ' '
          hsep:
            text: ' '
          min_col_widths:
          - 32
          table_type: command
        type: Row
      type: Alt
    - alts:
      - docs:
        - text: cut
          type: Text
        - type: Space
        - text: that
          type: Text
        - text: ':'
          type: Text
        - doc:
            docs:
            - type: Line
            - text: edit.cut
              type: Text
            - text: (
              type: Text
            - text: )
              type: Text
            - type: Line
            type: Cat
          indent: 4
          overlap: false
          type: Nest
        type: Cat
      - cells:
        - docs:
          - text: cut
            type: Text
          - type: Space
          - text: that
            type: Text
          - text: ':'
            type: Text
          type: Cat
        - doc:
            docs:
            - text: edit.cut
              type: Text
            - text: (
              type: Text
            - text: )
              type: Text
            - type: Line
            type: Cat
          function: _inline
          type: Edit
        info:
          hpad:
            text: ' '
          hsep:
            text: ' '
          min_col_widths:
          - 32
          table_type: command
        type: Row
      type: Alt
    - alts:
      - docs:
        - text: paste
          type: Text
        - type: Space
        - text: that
          type: Text
        - text: ':'
          type: Text
        - doc:
            docs:
            - type: Line
            - text: edit.paste
              type: Text
            - text: (
              type: Text
            - text: )
              type: Text
            - type: Line
            type: Cat
          indent: 4
          overlap: false
          type: Nest
        type: Cat
      - cells:
        - docs:
          - text: paste
            type: Text
          - type: Space
          - text: that
            type: Text
          - text: ':'
            type: Text
          type: Cat
        - doc:
            docs:
            - text: edit.paste
              type: Text
            - text: (
              type: Text
            - text: )
              type: Text
            - type: Line
            type: Cat
          function: _inline
          type: Edit
        info:
          hpad:
            text: ' '
          hsep:
            text: ' '
          min_col_widths:
          - 32
          table_type: command
        type: Row
      type: Alt
    - alts:
      - docs:
        - text: undo
          type: Text
        - type: Space
        - text: that
          type: Text
        - text: ':'
          type: Text
        - doc:
            docs:
            - type: Line
            - text: edit.undo
              type: Text
            - text: (
              type: Text
            - text: )
              type: Text
            - type: Line
            type: Cat
          indent: 4
          overlap: false
          type: Nest
        type: Cat
      - cells:
        - docs:
          - text: undo
            type: Text
          - type: Space
          - text: that
            type: Text
          - text: ':'
            type: Text
          type: Cat
        - doc:
            docs:
            - text: edit.undo
              type: Text
            - text: (
              type: Text
            - text: )
              type: Text
            - type: Line
            type: Cat
          function: _inline
          type: Edit
        info:
          hpad:
            text: ' '
          hsep:
            text: ' '
          min_col_widths:
          - 32
          table_type: command
        type: Row
      type: Alt
    - alts:
      - docs:
        - text: redo
          type: Text
        - type: Space
        - text: that
          type: Text
        - text: ':'
          type: Text
        - doc:
            docs:
            - type: Line
            - text: edit.redo
              type: Text
            - text: (
              type: Text
            - text: )
              type: Text
            - type: Line
            type: Cat
          indent: 4
          overlap: false
          type: Nest
        type: Cat
      - cells:
        - docs:
          - text: redo
            type: Text
          - type: Space
          - text: that
            type: Text
          - text: ':'
            type: Text
          type: Cat
        - doc:
            docs:
            - text: edit.redo
              type: Text
            - text: (
              type: Text
            - text: )
              type: Text
            - type: Line
            type: Cat
          function: _inline
          type: Edit
        info:
          hpad:
            text: ' '
          hsep:
            text: ' '
          min_col_widths:
          - 32
          table_type: command
        type: Row
      type: Alt
    - alts:
      - docs:
        - text: paste
          type: Text
        - type: Space
        - text: match
          type: Text
        - text: ':'
          type: Text
        - doc:
            docs:
            - type: Line
            - text: edit.paste_match_style
              type: Text
            - text: (
              type: Text
            - text: )
              type: Text
            - type: Line
            type: Cat
          indent: 4
          overlap: false
          type: Nest
        type: Cat
      - cells:
        - docs:
          - text: paste
            type: Text
          - type: Space
          - text: match
            type: Text
          - text: ':'
            type: Text
          type: Cat
        - doc:
            docs:
            - text: edit.paste_match_style
              type: Text
            - text: (
              type: Text
            - text: )
              type: Text
            - type: Line
            type: Cat
          function: _inline
          type: Edit
        info:
          hpad:
            text: ' '
          hsep:
            text: ' '
          min_col_widths:
          - 32
          table_type: command
        type: Row
      type: Alt
    - alts:
      - docs:
        - text: file
          type: Text
        - type: Space
        - text: save
          type: Text
        - text: ':'
          type: Text
        - doc:
            docs:
            - type: Line
            - text: edit.save
              type: Text
            - text: (
              type: Text
            - text: )
              type: Text
            - type: Line
            type: Cat
          indent: 4
          overlap: false
          type: Nest
        type: Cat
      - cells:
        - docs:
          - text: file
            type: Text
          - type: Space
          - text: save
            type: Text
          - text: ':'
            type: Text
          type: Cat
        - doc:
            docs:
            - text: edit.save
              type: Text
            - text: (
              type: Text
            - text: )
              type: Text
            - type: Line
            type: Cat
          function: _inline
          type: Edit
        info:
          hpad:
            text: ' '
          hsep:
            text: ' '
          min_col_widths:
          - 32
          table_type: command
        type: Row
      type: Alt
    - alts:
      - docs:
        - text: (
          type: Text
        - text: pad
          type: Text
        - type: Space
        - text: '|'
          type: Text
        - type: Space
        - text: padding
          type: Text
        - text: )
          type: Text
        - text: ':'
          type: Text
        - doc:
            docs:
            - type: Line
            - text: user.insert_between
              type: Text
            - text: (
              type: Text
            - doc:
                type: Space
              function: _smart_quote
              type: Edit
            - text: ','
              type: Text
            - type: Space
            - doc:
                type: Space
              function: _smart_quote
              type: Edit
            - text: )
              type: Text
            - type: Line
            type: Cat
          indent: 4
          overlap: false
          type: Nest
        type: Cat
      - cells:
        - docs:
          - text: (
            type: Text
          - text: pad
            type: Text
          - type: Space
          - text: '|'
            type: Text
          - type: Space
          - text: padding
            type: Text
          - text: )
            type: Text
          - text: ':'
            type: Text
          type: Cat
        - doc:
            docs:
            - text: user.insert_between
              type: Text
            - text: (
              type: Text
            - doc:
                type: Space
              function: _smart_quote
              type: Edit
            - text: ','
              type: Text
            - type: Space
            - doc:
                type: Space
              function: _smart_quote
              type: Edit
            - text: )
              type: Text
            - type: Line
            type: Cat
          function: _inline
          type: Edit
        info:
          hpad:
            text: ' '
          hsep:
            text: ' '
          min_col_widths:
          - 32
          table_type: command
        type: Row
      type: Alt
    - alts:
      - docs:
        - text: slap
          type: Text
        - text: ':'
          type: Text
        - doc:
            docs:
            - type: Line
            - text: edit.line_insert_down
              type: Text
            - text: (
              type: Text
            - text: )
              type: Text
            - type: Line
            type: Cat
          indent: 4
          overlap: false
          type: Nest
        type: Cat
      - cells:
        - docs:
          - text: slap
            type: Text
          - text: ':'
            type: Text
          type: Cat
        - doc:
            docs:
            - text: edit.line_insert_down
              type: Text
            - text: (
              type: Text
            - text: )
              type: Text
            - type: Line
            type: Cat
          function: _inline
          type: Edit
        info:
          hpad:
            text: ' '
          hsep:
            text: ' '
          min_col_widths:
          - 32
          table_type: command
        type: Row
      type: Alt
    type: Cat
  max_line_width: 1000
  renderer: smart
  simple_layout: null
output: '-

  zoom in:                         edit.zoom_in()

  zoom out:                        edit.zoom_out()

  zoom reset:                      edit.zoom_reset()

  scroll up:                       edit.page_up()

  scroll down:                     edit.page_down()

  copy that:                       edit.copy()

  cut that:                        edit.cut()

  paste that:                      edit.paste()

  undo that:                       edit.undo()

  redo that:                       edit.redo()

  paste match:                     edit.paste_match_style()

  file save:                       edit.save()

  (pad | padding):                 user.insert_between(" ", " ")

  slap:                            edit.line_insert_down()

  '
