input:
  doc:
    docs:
    - text: '-'
      type: Text
    - type: Line
    - alts:
      - docs:
        - text: help
          type: Text
        - type: Space
        - text: alphabet
          type: Text
        - text: ':'
          type: Text
        - doc:
            docs:
            - type: Line
            - text: user.help_list
              type: Text
            - text: (
              type: Text
            - doc:
                text: user.letter
                type: Text
              function: _smart_quote
              type: Edit
            - text: )
              type: Text
            - type: Line
            type: Cat
          indent: 4
          overlap: false
          type: Nest
        type: Cat
      - cells:
        - docs:
          - text: help
            type: Text
          - type: Space
          - text: alphabet
            type: Text
          - text: ':'
            type: Text
          type: Cat
        - doc:
            docs:
            - text: user.help_list
              type: Text
            - text: (
              type: Text
            - doc:
                text: user.letter
                type: Text
              function: _smart_quote
              type: Edit
            - text: )
              type: Text
            - type: Line
            type: Cat
          function: _inline
          type: Edit
        info:
          hpad:
            text: ' '
          hsep:
            text: ' '
          min_col_widths:
          - 32
          table_type: command
        type: Row
      type: Alt
    - alts:
      - docs:
        - text: help
          type: Text
        - type: Space
        - text: symbols
          type: Text
        - text: ':'
          type: Text
        - doc:
            docs:
            - type: Line
            - text: user.help_list
              type: Text
            - text: (
              type: Text
            - doc:
                text: user.symbol_key
                type: Text
              function: _smart_quote
              type: Edit
            - text: )
              type: Text
            - type: Line
            type: Cat
          indent: 4
          overlap: false
          type: Nest
        type: Cat
      - cells:
        - docs:
          - text: help
            type: Text
          - type: Space
          - text: symbols
            type: Text
          - text: ':'
            type: Text
          type: Cat
        - doc:
            docs:
            - text: user.help_list
              type: Text
            - text: (
              type: Text
            - doc:
                text: user.symbol_key
                type: Text
              function: _smart_quote
              type: Edit
            - text: )
              type: Text
            - type: Line
            type: Cat
          function: _inline
          type: Edit
        info:
          hpad:
            text: ' '
          hsep:
            text: ' '
          min_col_widths:
          - 32
          table_type: command
        type: Row
      type: Alt
    - alts:
      - docs:
        - text: help
          type: Text
        - type: Space
        - text: numbers
          type: Text
        - text: ':'
          type: Text
        - doc:
            docs:
            - type: Line
            - text: user.help_list
              type: Text
            - text: (
              type: Text
            - doc:
                text: user.number_key
                type: Text
              function: _smart_quote
              type: Edit
            - text: )
              type: Text
            - type: Line
            type: Cat
          indent: 4
          overlap: false
          type: Nest
        type: Cat
      - cells:
        - docs:
          - text: help
            type: Text
          - type: Space
          - text: numbers
            type: Text
          - text: ':'
            type: Text
          type: Cat
        - doc:
            docs:
            - text: user.help_list
              type: Text
            - text: (
              type: Text
            - doc:
                text: user.number_key
                type: Text
              function: _smart_quote
              type: Edit
            - text: )
              type: Text
            - type: Line
            type: Cat
          function: _inline
          type: Edit
        info:
          hpad:
            text: ' '
          hsep:
            text: ' '
          min_col_widths:
          - 32
          table_type: command
        type: Row
      type: Alt
    - alts:
      - docs:
        - text: help
          type: Text
        - type: Space
        - text: punctuation
          type: Text
        - text: ':'
          type: Text
        - doc:
            docs:
            - type: Line
            - text: user.help_list
              type: Text
            - text: (
              type: Text
            - doc:
                text: user.punctuation
                type: Text
              function: _smart_quote
              type: Edit
            - text: )
              type: Text
            - type: Line
            type: Cat
          indent: 4
          overlap: false
          type: Nest
        type: Cat
      - cells:
        - docs:
          - text: help
            type: Text
          - type: Space
          - text: punctuation
            type: Text
          - text: ':'
            type: Text
          type: Cat
        - doc:
            docs:
            - text: user.help_list
              type: Text
            - text: (
              type: Text
            - doc:
                text: user.punctuation
                type: Text
              function: _smart_quote
              type: Edit
            - text: )
              type: Text
            - type: Line
            type: Cat
          function: _inline
          type: Edit
        info:
          hpad:
            text: ' '
          hsep:
            text: ' '
          min_col_widths:
          - 32
          table_type: command
        type: Row
      type: Alt
    - alts:
      - docs:
        - text: help
          type: Text
        - type: Space
        - text: modifier
          type: Text
        - text: ':'
          type: Text
        - doc:
            docs:
            - type: Line
            - text: user.help_list
              type: Text
            - text: (
              type: Text
            - doc:
                text: user.modifier_key
                type: Text
              function: _smart_quote
              type: Edit
            - text: )
              type: Text
            - type: Line
            type: Cat
          indent: 4
          overlap: false
          type: Nest
        type: Cat
      - cells:
        - docs:
          - text: help
            type: Text
          - type: Space
          - text: modifier
            type: Text
          - text: ':'
            type: Text
          type: Cat
        - doc:
            docs:
            - text: user.help_list
              type: Text
            - text: (
              type: Text
            - doc:
                text: user.modifier_key
                type: Text
              function: _smart_quote
              type: Edit
            - text: )
              type: Text
            - type: Line
            type: Cat
          function: _inline
          type: Edit
        info:
          hpad:
            text: ' '
          hsep:
            text: ' '
          min_col_widths:
          - 32
          table_type: command
        type: Row
      type: Alt
    - alts:
      - docs:
        - text: help
          type: Text
        - type: Space
        - text: special
          type: Text
        - type: Space
        - text: keys
          type: Text
        - text: ':'
          type: Text
        - doc:
            docs:
            - type: Line
            - text: user.help_list
              type: Text
            - text: (
              type: Text
            - doc:
                text: user.special_key
                type: Text
              function: _smart_quote
              type: Edit
            - text: )
              type: Text
            - type: Line
            type: Cat
          indent: 4
          overlap: false
          type: Nest
        type: Cat
      - cells:
        - docs:
          - text: help
            type: Text
          - type: Space
          - text: special
            type: Text
          - type: Space
          - text: keys
            type: Text
          - text: ':'
            type: Text
          type: Cat
        - doc:
            docs:
            - text: user.help_list
              type: Text
            - text: (
              type: Text
            - doc:
                text: user.special_key
                type: Text
              function: _smart_quote
              type: Edit
            - text: )
              type: Text
            - type: Line
            type: Cat
          function: _inline
          type: Edit
        info:
          hpad:
            text: ' '
          hsep:
            text: ' '
          min_col_widths:
          - 32
          table_type: command
        type: Row
      type: Alt
    - alts:
      - docs:
        - text: help
          type: Text
        - type: Space
        - text: function
          type: Text
        - type: Space
        - text: keys
          type: Text
        - text: ':'
          type: Text
        - doc:
            docs:
            - type: Line
            - text: user.help_list
              type: Text
            - text: (
              type: Text
            - doc:
                text: user.function_key
                type: Text
              function: _smart_quote
              type: Edit
            - text: )
              type: Text
            - type: Line
            type: Cat
          indent: 4
          overlap: false
          type: Nest
        type: Cat
      - cells:
        - docs:
          - text: help
            type: Text
          - type: Space
          - text: function
            type: Text
          - type: Space
          - text: keys
            type: Text
          - text: ':'
            type: Text
          type: Cat
        - doc:
            docs:
            - text: user.help_list
              type: Text
            - text: (
              type: Text
            - doc:
                text: user.function_key
                type: Text
              function: _smart_quote
              type: Edit
            - text: )
              type: Text
            - type: Line
            type: Cat
          function: _inline
          type: Edit
        info:
          hpad:
            text: ' '
          hsep:
            text: ' '
          min_col_widths:
          - 32
          table_type: command
        type: Row
      type: Alt
    - alts:
      - docs:
        - text: help
          type: Text
        - type: Space
        - text: arrows
          type: Text
        - text: ':'
          type: Text
        - doc:
            docs:
            - type: Line
            - text: user.help_list
              type: Text
            - text: (
              type: Text
            - doc:
                text: user.arrow_key
                type: Text
              function: _smart_quote
              type: Edit
            - text: )
              type: Text
            - type: Line
            type: Cat
          indent: 4
          overlap: false
          type: Nest
        type: Cat
      - cells:
        - docs:
          - text: help
            type: Text
          - type: Space
          - text: arrows
            type: Text
          - text: ':'
            type: Text
          type: Cat
        - doc:
            docs:
            - text: user.help_list
              type: Text
            - text: (
              type: Text
            - doc:
                text: user.arrow_key
                type: Text
              function: _smart_quote
              type: Edit
            - text: )
              type: Text
            - type: Line
            type: Cat
          function: _inline
          type: Edit
        info:
          hpad:
            text: ' '
          hsep:
            text: ' '
          min_col_widths:
          - 32
          table_type: command
        type: Row
      type: Alt
    - alts:
      - docs:
        - text: (
          type: Text
        - text: help
          type: Text
        - type: Space
        - text: formatters
          type: Text
        - type: Space
        - text: '|'
          type: Text
        - type: Space
        - text: help
          type: Text
        - type: Space
        - text: format
          type: Text
        - type: Space
        - text: '|'
          type: Text
        - type: Space
        - text: format
          type: Text
        - type: Space
        - text: help
          type: Text
        - text: )
          type: Text
        - text: ':'
          type: Text
        - doc:
            docs:
            - type: Line
            - text: user.help_formatters
              type: Text
            - text: (
              type: Text
            - text: user.get_formatters_words
              type: Text
            - text: (
              type: Text
            - text: )
              type: Text
            - text: )
              type: Text
            - type: Line
            type: Cat
          indent: 4
          overlap: false
          type: Nest
        type: Cat
      - cells:
        - docs:
          - text: (
            type: Text
          - text: help
            type: Text
          - type: Space
          - text: formatters
            type: Text
          - type: Space
          - text: '|'
            type: Text
          - type: Space
          - text: help
            type: Text
          - type: Space
          - text: format
            type: Text
          - type: Space
          - text: '|'
            type: Text
          - type: Space
          - text: format
            type: Text
          - type: Space
          - text: help
            type: Text
          - text: )
            type: Text
          - text: ':'
            type: Text
          type: Cat
        - doc:
            docs:
            - text: user.help_formatters
              type: Text
            - text: (
              type: Text
            - text: user.get_formatters_words
              type: Text
            - text: (
              type: Text
            - text: )
              type: Text
            - text: )
              type: Text
            - type: Line
            type: Cat
          function: _inline
          type: Edit
        info:
          hpad:
            text: ' '
          hsep:
            text: ' '
          min_col_widths:
          - 32
          table_type: command
        type: Row
      type: Alt
    - alts:
      - docs:
        - text: help
          type: Text
        - type: Space
        - text: context
          type: Text
        - text: $
          type: Text
        - text: ':'
          type: Text
        - doc:
            docs:
            - type: Line
            - text: user.help_context
              type: Text
            - text: (
              type: Text
            - text: )
              type: Text
            - type: Line
            type: Cat
          indent: 4
          overlap: false
          type: Nest
        type: Cat
      - cells:
        - docs:
          - text: help
            type: Text
          - type: Space
          - text: context
            type: Text
          - text: $
            type: Text
          - text: ':'
            type: Text
          type: Cat
        - doc:
            docs:
            - text: user.help_context
              type: Text
            - text: (
              type: Text
            - text: )
              type: Text
            - type: Line
            type: Cat
          function: _inline
          type: Edit
        info:
          hpad:
            text: ' '
          hsep:
            text: ' '
          min_col_widths:
          - 32
          table_type: command
        type: Row
      type: Alt
    - alts:
      - docs:
        - text: help
          type: Text
        - type: Space
        - text: active
          type: Text
        - text: $
          type: Text
        - text: ':'
          type: Text
        - doc:
            docs:
            - type: Line
            - text: user.help_context_enabled
              type: Text
            - text: (
              type: Text
            - text: )
              type: Text
            - type: Line
            type: Cat
          indent: 4
          overlap: false
          type: Nest
        type: Cat
      - cells:
        - docs:
          - text: help
            type: Text
          - type: Space
          - text: active
            type: Text
          - text: $
            type: Text
          - text: ':'
            type: Text
          type: Cat
        - doc:
            docs:
            - text: user.help_context_enabled
              type: Text
            - text: (
              type: Text
            - text: )
              type: Text
            - type: Line
            type: Cat
          function: _inline
          type: Edit
        info:
          hpad:
            text: ' '
          hsep:
            text: ' '
          min_col_widths:
          - 32
          table_type: command
        type: Row
      type: Alt
    - alts:
      - docs:
        - text: help
          type: Text
        - type: Space
        - text: search
          type: Text
        - type: Space
        - text: <
          type: Text
        - text: user.text
          type: Text
        - text: '>'
          type: Text
        - text: $
          type: Text
        - text: ':'
          type: Text
        - doc:
            docs:
            - type: Line
            - text: user.help_search
              type: Text
            - text: (
              type: Text
            - text: text
              type: Text
            - text: )
              type: Text
            - type: Line
            type: Cat
          indent: 4
          overlap: false
          type: Nest
        type: Cat
      - cells:
        - docs:
          - text: help
            type: Text
          - type: Space
          - text: search
            type: Text
          - type: Space
          - text: <
            type: Text
          - text: user.text
            type: Text
          - text: '>'
            type: Text
          - text: $
            type: Text
          - text: ':'
            type: Text
          type: Cat
        - doc:
            docs:
            - text: user.help_search
              type: Text
            - text: (
              type: Text
            - text: text
              type: Text
            - text: )
              type: Text
            - type: Line
            type: Cat
          function: _inline
          type: Edit
        info:
          hpad:
            text: ' '
          hsep:
            text: ' '
          min_col_widths:
          - 32
          table_type: command
        type: Row
      type: Alt
    - alts:
      - docs:
        - text: help
          type: Text
        - type: Space
        - text: context
          type: Text
        - type: Space
        - text: '{'
          type: Text
        - text: user.help_contexts
          type: Text
        - text: '}'
          type: Text
        - text: $
          type: Text
        - text: ':'
          type: Text
        - doc:
            docs:
            - type: Line
            - text: user.help_selected_context
              type: Text
            - text: (
              type: Text
            - text: help_contexts
              type: Text
            - text: )
              type: Text
            - type: Line
            type: Cat
          indent: 4
          overlap: false
          type: Nest
        type: Cat
      - cells:
        - docs:
          - text: help
            type: Text
          - type: Space
          - text: context
            type: Text
          - type: Space
          - text: '{'
            type: Text
          - text: user.help_contexts
            type: Text
          - text: '}'
            type: Text
          - text: $
            type: Text
          - text: ':'
            type: Text
          type: Cat
        - doc:
            docs:
            - text: user.help_selected_context
              type: Text
            - text: (
              type: Text
            - text: help_contexts
              type: Text
            - text: )
              type: Text
            - type: Line
            type: Cat
          function: _inline
          type: Edit
        info:
          hpad:
            text: ' '
          hsep:
            text: ' '
          min_col_widths:
          - 32
          table_type: command
        type: Row
      type: Alt
    - alts:
      - docs:
        - text: help
          type: Text
        - type: Space
        - text: help
          type: Text
        - text: ':'
          type: Text
        - doc:
            docs:
            - type: Line
            - text: user.help_search
              type: Text
            - text: (
              type: Text
            - doc:
                text: help
                type: Text
              function: _smart_quote
              type: Edit
            - text: )
              type: Text
            - type: Line
            type: Cat
          indent: 4
          overlap: false
          type: Nest
        type: Cat
      - cells:
        - docs:
          - text: help
            type: Text
          - type: Space
          - text: help
            type: Text
          - text: ':'
            type: Text
          type: Cat
        - doc:
            docs:
            - text: user.help_search
              type: Text
            - text: (
              type: Text
            - doc:
                text: help
                type: Text
              function: _smart_quote
              type: Edit
            - text: )
              type: Text
            - type: Line
            type: Cat
          function: _inline
          type: Edit
        info:
          hpad:
            text: ' '
          hsep:
            text: ' '
          min_col_widths:
          - 32
          table_type: command
        type: Row
      type: Alt
    - alts:
      - docs:
        - text: help
          type: Text
        - type: Space
        - text: scope
          type: Text
        - text: $
          type: Text
        - text: ':'
          type: Text
        - doc:
            docs:
            - type: Line
            - text: user.help_scope_toggle
              type: Text
            - text: (
              type: Text
            - text: )
              type: Text
            - type: Line
            type: Cat
          indent: 4
          overlap: false
          type: Nest
        type: Cat
      - cells:
        - docs:
          - text: help
            type: Text
          - type: Space
          - text: scope
            type: Text
          - text: $
            type: Text
          - text: ':'
            type: Text
          type: Cat
        - doc:
            docs:
            - text: user.help_scope_toggle
              type: Text
            - text: (
              type: Text
            - text: )
              type: Text
            - type: Line
            type: Cat
          function: _inline
          type: Edit
        info:
          hpad:
            text: ' '
          hsep:
            text: ' '
          min_col_widths:
          - 32
          table_type: command
        type: Row
      type: Alt
    type: Cat
  max_line_width: 1000
  renderer: smart
  simple_layout: null
output: '-

  help alphabet:                   user.help_list("user.letter")

  help symbols:                    user.help_list("user.symbol_key")

  help numbers:                    user.help_list("user.number_key")

  help punctuation:                user.help_list("user.punctuation")

  help modifier:                   user.help_list("user.modifier_key")

  help special keys:               user.help_list("user.special_key")

  help function keys:              user.help_list("user.function_key")

  help arrows:                     user.help_list("user.arrow_key")

  (help formatters | help format | format help): user.help_formatters(user.get_formatters_words())

  help context$:                   user.help_context()

  help active$:                    user.help_context_enabled()

  help search <user.text>$:        user.help_search(text)

  help context {user.help_contexts}$: user.help_selected_context(help_contexts)

  help help:                       user.help_search("help")

  help scope$:                     user.help_scope_toggle()

  '
